06-11 23:48:39.864 I/sensors-hal( 1639): handle_sns_std_sensor_event:79, ambient_light_event: ssc_ts 0x21C291C83D8 hal_ts 120827022692160 lux 2.000 cct 5648.126 [20.000 440100.000 459440.000 290.000 22.736 16.881 3.788 51.087 42.182 -14.926 -16.271 -16.271 -14.022 -53.342]
06-11 23:48:39.950 I/sensors-hal( 1639): handle_sns_std_sensor_event:79, ambient_light_event: ssc_ts 0x21C2939A079 hal_ts 120827122060546 lux 2.000 cct 5648.126 [20.000 900000.000 459440.000 290.000 18.726 15.485 2.367 76.685 71.884 -14.758 -19.186 -19.186 -14.493 -60.469]
06-11 23:48:39.985 I/sensors-hal( 1639): handle_sns_std_sensor_event:70, ambient_light_back_event: ssc_ts 0x21C29424A57 hal_ts 120827151632108 lux 0.000 ch0 0.000
06-11 23:48:40.049 I/sensors-hal( 1639): handle_sns_std_sensor_event:79, ambient_light_event: ssc_ts 0x21C2956BDDD hal_ts 120827221439087 lux 2.000 cct 5648.126 [20.000 900000.000 459440.000 290.000 18.565 17.996 3.938 68.868 64.437 -13.778 -17.689 -17.689 -12.923 -59.083]
06-11 23:48:39.700 E/gsi soc (15227): qcom,msm_gsi: gsi_stop_channel:3679 chan=1 busy try again
06-11 23:48:39.702 E/gsi soc (15227): qcom,msm_gsi: gsi_stop_channel:3679 chan=14 busy try again
06-11 23:48:40.125 I/sensors-hal( 1639): handle_sns_std_sensor_event:70, ambient_light_back_event: ssc_ts 0x21C296A402C hal_ts 120827288029869 lux 0.000 ch0 0.000
06-11 23:48:40.149 I/sensors-hal( 1639): handle_sns_std_sensor_event:79, ambient_light_event: ssc_ts 0x21C2973DC37 hal_ts 120827320830441 lux 2.000 cct 5648.126 [30.000 900000.000 459440.000 290.000 19.865 19.538 2.937 78.731 82.746 -14.758 -16.653 -16.653 -12.023 -50.243]
06-11 23:48:40.249 I/sensors-hal( 1639): handle_sns_std_sensor_event:79, ambient_light_event: ssc_ts 0x21C2990FC88 hal_ts 120827420247994 lux 2.000 cct 5648.126 [20.000 384500.000 459440.000 290.000 9.606 13.965 -0.293 30.666 17.575 -13.618 -14.627 -14.627 -12.783 -50.243]
06-11 23:48:40.268 I/sensors-hal( 1639): handle_sns_std_sensor_event:70, ambient_light_back_event: ssc_ts 0x21C29923630 hal_ts 120827424430077 lux 0.000 ch0 0.000
06-11 23:48:40.348 I/sensors-hal( 1639): handle_sns_std_sensor_event:79, ambient_light_event: ssc_ts 0x21C29AE195D hal_ts 120827519619087 lux 1.000 cct 5648.126 [20.000 475400.000 459440.000 290.000 17.021 15.157 2.918 44.159 6.981 -13.423 -16.981 -16.981 -12.232 -54.134]
06-11 23:48:40.390 I/sensors-hal( 1639): handle_sns_std_sensor_event:70, ambient_light_back_event: ssc_ts 0x21C29BA2C7C hal_ts 120827560834035 lux 0.000 ch0 0.000
06-11 23:48:40.447 I/sensors-hal( 1639): handle_sns_std_sensor_event:79, ambient_light_event: ssc_ts 0x21C29CB361A hal_ts 120827618988931 lux 1.000 cct 5648.126 [20.000 900000.000 459440.000 290.000 19.272 16.874 3.794 72.624 55.034 -15.351 -15.771 -15.771 -14.206 -54.304]
06-11 23:48:40.533 I/sensors-hal( 1639): handle_sns_std_sensor_event:70, ambient_light_back_event: ssc_ts 0x21C29E22216 hal_ts 120827697228723 lux 0.000 ch0 0.000
06-11 23:48:40.553 I/sensors-hal( 1639): handle_sns_std_sensor_event:79, ambient_light_event: ssc_ts 0x21C29E853C1 hal_ts 120827718370962 lux 1.000 cct 5648.126 [20.000 247800.000 459440.000 290.000 16.826 14.218 0.657 32.711 26.885 -11.338 -13.613 -13.613 -10.313 -53.311]
06-11 23:48:40.653 I/sensors-hal( 1639): handle_sns_std_sensor_event:79, ambient_light_event: ssc_ts 0x21C2A05725A hal_ts 120827817765598 lux 1.000 cct 5648.126 [20.000 474700.000 459440.000 290.000 14.351 14.040 2.386 32.512 74.721 -13.812 -12.778 -12.778 -12.384 -59.646]
06-11 23:48:40.239 E/gsi soc (15227): qcom,msm_gsi: gsi_stop_channel:3679 chan=1 busy try again
06-11 23:48:40.242 E/gsi soc (15227): qcom,msm_gsi: gsi_stop_channel:3679 chan=14 busy try again
06-11 23:48:40.673 I/sensors-hal( 1639): handle_sns_std_sensor_event:70, ambient_light_back_event: ssc_ts 0x21C2A0A1873 hal_ts 120827833633566 lux 0.000 ch0 0.000
06-11 23:48:40.754 I/sensors-hal( 1639): handle_sns_std_sensor_event:79, ambient_light_event: ssc_ts 0x21C2A2291C0 hal_ts 120827917170910 lux 1.000 cct 5648.126 [20.000 292200.000 459440.000 290.000 14.691 12.105 -0.880 32.965 24.481 -13.852 -16.233 -16.233 -12.610 -52.034]
06-11 23:48:40.799 I/sensors-hal( 1639): handle_sns_std_sensor_event:70, ambient_light_back_event: ssc_ts 0x21C2A320E50 hal_ts 120827970031744 lux 0.000 ch0 0.000
06-11 23:48:40.854 I/sensors-hal( 1639): handle_sns_std_sensor_event:79, ambient_light_event: ssc_ts 0x21C2A3FB006 hal_ts 120828016561223 lux 1.000 cct 5648.126 [10.000 900000.000 459440.000 290.000 12.595 11.419 -0.481 42.992 63.006 -12.908 -15.905 -15.905 -13.162 -54.279]
06-11 23:48:40.938 I/sensors-hal( 1639): handle_sns_std_sensor_event:70, ambient_light_back_event: ssc_ts 0x21C2A5A14E8 hal_ts 120828106652994 lux 0.000 ch0 0.000
06-11 23:48:40.958 I/sensors-hal( 1639): handle_sns_std_sensor_event:79, ambient_light_event: ssc_ts 0x21C2A5CCDDA hal_ts 120828115945598 lux 1.000 cct 5648.126 [30.000 900000.000 459440.000 290.000 22.135 20.448 5.825 80.378 82.213 -10.208 -12.450 -12.450 -12.365 -46.550]
06-11 23:48:41.043 I/sensors-hal( 1639): handle_sns_std_sensor_event:79, ambient_light_event: ssc_ts 0x21C2A79EA72 hal_ts 120828215313514 lux 2.000 cct 5648.126 [20.000 900000.000 459440.000 290.000 22.865 17.857 4.801 83.275 80.611 -15.178 -13.014 -13.014 -11.490 -57.970]
06-11 23:48:41.078 I/sensors-hal( 1639): handle_sns_std_sensor_event:70, ambient_light_back_event: ssc_ts 0x21C2A81FA27 hal_ts 120828242829608 lux 0.000 ch0 0.000
06-11 23:48:41.142 I/sensors-hal( 1639): handle_sns_std_sensor_event:79, ambient_light_event: ssc_ts 0x21C2A9707A0 hal_ts 120828314689244 lux 2.000 cct 5648.126 [10.000 619800.000 459441.000 290.000 13.713 10.703 2.063 38.102 58.830 -15.970 -16.622 -16.622 -14.987 -50.987]
06-11 23:48:40.732 E/gsi soc (10058): qcom,msm_gsi: gsi_stop_channel:3679 chan=1 busy try again
06-11 23:48:40.734 E/gsi soc (10058): qcom,msm_gsi: gsi_stop_channel:3679 chan=14 busy try again
06-11 23:48:41.219 I/sensors-hal( 1639): handle_sns_std_sensor_event:70, ambient_light_back_event: ssc_ts 0x21C2AA9F008 hal_ts 120828379227994 lux 0.000 ch0 0.000
06-11 23:48:41.241 I/sensors-hal( 1639): handle_sns_std_sensor_event:79, ambient_light_event: ssc_ts 0x21C2AB4242A hal_ts 120828414056431 lux 2.000 cct 5648.126 [20.000 900000.000 459441.000 290.000 20.932 17.036 3.203 79.009 79.002 -14.451 -14.089 -14.089 -13.847 -42.806]
06-11 23:48:41.341 I/sensors-hal( 1639): handle_sns_std_sensor_event:79, ambient_light_event: ssc_ts 0x21C2AD140DA hal_ts 120828513425598 lux 2.000 cct 5648.126 [20.000 524200.000 459441.000 290.000 17.339 18.079 2.007 43.814 76.703 -13.105 -14.565 -14.565 -13.144 -58.570]
06-11 23:48:41.345 I/sensors-hal( 1639): handle_sns_std_sensor_event:70, ambient_light_back_event: ssc_ts 0x21C2AD1E5EF hal_ts 120828515626691 lux 0.000 ch0 0.000
06-11 23:48:41.421 I/sensors-hal( 1639): handle_sns_std_sensor_event:70, ambient_light_back_event: ssc_ts 0x21C2AE5E11C hal_ts 120828583829035 lux 0.000 ch0 0.000
06-11 23:48:41.441 I/sensors-hal( 1639): handle_sns_std_sensor_event:79, ambient_light_event: ssc_ts 0x21C2AEE5CE7 hal_ts 120828612786275 lux 2.000 cct 5648.126 [20.000 549300.000 459441.000 290.000 11.773 13.425 0.081 38.946 24.631 -13.350 -13.140 -13.140 -14.500 -52.189]
06-11 23:48:41.540 I/sensors-hal( 1639): handle_sns_std_sensor_event:79, ambient_light_event: ssc_ts 0x21C2B0B798B hal_ts 120828712154816 lux 2.000 cct 5648.126 [20.000 900000.000 459441.000 290.000 21.876 17.364 4.552 63.470 86.492 -13.507 -13.508 -13.508 -13.258 -53.231]
06-11 23:48:41.561 I/sensors-hal( 1639): handle_sns_std_sensor_event:70, ambient_light_back_event: ssc_ts 0x21C2B0DD74D hal_ts 120828720231587 lux 0.000 ch0 0.000
06-11 23:48:41.640 I/sensors-hal( 1639): handle_sns_std_sensor_event:79, ambient_light_event: ssc_ts 0x21C2B2896FF hal_ts 120828811534191 lux 2.000 cct 5648.126 [20.000 900000.000 459441.000 290.000 18.247 16.824 1.186 65.936 79.478 -13.716 -17.847 -17.847 -14.724 -50.765]
06-11 23:48:41.686 I/sensors-hal( 1639): handle_sns_std_sensor_event:70, ambient_light_back_event: ssc_ts 0x21C2B35CD43 hal_ts 120828856631066 lux 0.000 ch0 0.000
06-11 23:48:41.739 I/sensors-hal( 1639): handle_sns_std_sensor_event:79, ambient_light_event: ssc_ts 0x21C2B45B450 hal_ts 120828910911744 lux 2.000 cct 5648.126 [20.000 482000.000 459441.000 290.000 12.560 16.170 2.479 32.589 72.258 -14.844 -16.474 -16.474 -14.001 -55.477]
06-11 23:48:41.822 I/sensors-hal( 1639): handle_sns_std_sensor_event:70, ambient_light_back_event: ssc_ts 0x21C2B5DC316 hal_ts 120828993028723 lux 0.000 ch0 0.000
06-11 23:48:41.842 I/sensors-hal( 1639): handle_sns_std_sensor_event:79, ambient_light_event: ssc_ts 0x21C2B62D48D hal_ts 120829010328254 lux 2.000 cct 5648.126 [20.000 900000.000 459441.000 290.000 20.710 19.177 4.813 65.736 76.105 -14.673 -15.241 -15.241 -13.187 -58.124]
06-11 23:48:41.516 E/gsi soc (15231): qcom,msm_gsi: gsi_stop_channel:3679 chan=1 busy try again
06-11 23:48:41.519 E/gsi soc (15231): qcom,msm_gsi: gsi_stop_channel:3679 chan=14 busy try again
06-11 23:48:41.942 I/sensors-hal( 1639): handle_sns_std_sensor_event:79, ambient_light_event: ssc_ts 0x21C2B7FF23E hal_ts 120829109710806 lux 2.000 cct 5648.126 [30.000 900000.000 459441.000 290.000 22.047 19.611 3.086 77.185 76.374 -15.996 -17.340 -17.340 -12.635 -51.788]
06-11 23:48:41.962 I/sensors-hal( 1639): handle_sns_std_sensor_event:70, ambient_light_back_event: ssc_ts 0x21C2B85B971 hal_ts 120829129433462 lux 0.000 ch0 0.000
06-11 23:48:42.036 I/bt_shim_scanner( 3720): system/main/shim/le_scanning_manager.cc:376 BatchscanReadReports: in shim layer
06-11 23:48:42.039 I/vendor.qti.bluetooth@1.0-ibs_handler( 1628): DeviceWakeUp: Writing IBS_WAKE_IND
06-11 23:48:42.039 I/vendor.qti.bluetooth@1.0-ibs_handler( 1628): ProcessIbsCmd: Received IBS_WAKE_ACK: 0xFC
06-11 23:48:42.039 I/vendor.qti.bluetooth@1.0-ibs_handler( 1628): ProcessIbsCmd: Signal wack_cond_
06-11 23:48:42.041 I/vendor.qti.bluetooth@1.0-ibs_handler( 1628): ProcessIbsCmd: Received IBS_WAKE_IND: 0xFD
06-11 23:48:42.041 I/vendor.qti.bluetooth@1.0-ibs_handler( 1628): ProcessIbsCmd: Writing IBS_WAKE_ACK
06-11 23:48:42.043 I/sensors-hal( 1639): handle_sns_std_sensor_event:79, ambient_light_event: ssc_ts 0x21C2B9D0D90 hal_ts 120829209061744 lux 2.000 cct 5648.126 [20.000 900000.000 459441.000 290.000 23.026 17.974 4.514 78.185 80.820 -15.017 -14.417 -14.417 -9.497 -48.743]
06-11 23:48:42.087 I/vendor.qti.bluetooth@1.0-ibs_handler( 1628): ProcessIbsCmd: Received IBS_SLEEP_IND: 0xFE
06-11 23:48:42.103 I/sensors-hal( 1639): handle_sns_std_sensor_event:70, ambient_light_back_event: ssc_ts 0x21C2BADAF0C hal_ts 120829265828202 lux 0.000 ch0 0.000
06-11 23:48:42.110 E/NtChg   ( 1711): NtChg:set temp_region=8
06-11 23:48:42.112 E/NtChg   ( 1711): NtChg:chg->tzn:0:tzname:shell_front:temp:38551202
06-11 23:48:42.112 E/NtChgAidl( 1711): NtChgAidl: InGameStatus: 0
06-11 23:48:42.112 E/NtChg   ( 1711): NtChg:handle_batt_temp_normal triggered
06-11 23:48:42.112 E/NtChg   ( 1711): NtChg:set temp_region=5
06-11 23:48:42.112 E/NtChg   ( 1711): NtChg:set ibatmax=1500 and set vbatmax=4500
06-11 23:48:42.112 E/NtChgAidl( 1711): NtChgAidl: write_int  /proc/charger/scenario_fcc, val = 1500
06-11 23:48:41.694 I/NtChg   ( 1735): T0-6:[50,100,350,370,390,410,500],chg_series:8,is_changed:1,TeBoT0-6:[50,100,350,370,390,410,500],TRegion:8,Temp:409,tzname:shell_front,Ibat:0,onlineI:0,param_type:6,AbnormalStatus:0,tzn:0,g_cp_mode:5,vbat:0,pr_id:7,OnGameStatus:0
06-11 23:48:41.694 W/nt_vote ( 1735): FCC_MAIN: FCC_NT_CHG_VOTER,0 voting on of val=1500
06-11 23:48:41.694 W/nt_vote ( 1735): FCC_MAIN: effective vote is now 1500 voted by FCC_NT_CHG_VOTER,0
06-11 23:48:42.143 I/sensors-hal( 1639): handle_sns_std_sensor_event:79, ambient_light_event: ssc_ts 0x21C2BBA29B2 hal_ts 120829308423514 lux 2.000 cct 5648.126 [20.000 405200.000 459441.000 290.000 12.844 13.395 1.016 24.663 56.071 -21.399 -17.983 -17.983 -15.654 -57.267]
06-11 23:48:42.159 I/Tethering( 3738): [BpfCoordinator] onAlertReached
06-11 23:48:41.694 E/BATTERY_CHG( 1735): scenario_fcc_write: scenario_fcc_write,val:1500
06-11 23:48:41.789 E/healthd ( 1632): soc_b:29, soc:44, soc_c:44, Vol:3931, Cur:1638,chg_s:1,t_l:187,b_s:2,OffTlast:0,lcd_off:0,Vu:4662,Vw:0,pid:1632,brightness:1.119641,rmCap:2176
06-11 23:48:42.212 W/NearbyMediums(12870): MEDIUM_ERROR [DEVICE][WIFI_LAN][START_ADVERTISING][MEDIUM_NOT_AVAILABLE][WITHOUT_CONNECTED_WIFI_NETWORK], service-id=NearbySharing
06-11 23:48:41.794 E/healthd ( 1632): battery l=44 v=3931 t=38.0 h=2 st=2 c=1638000 fc=5041000 cc=117 chg=a
06-11 23:48:42.228 E/UiModeManager( 2713): mComputedNightMode:true, mNightMode.get():2, mOverrideNightModeOn:false, mOverrideNightModeOff:falsemTwilightManager.getLastTwilightState():null
06-11 23:48:42.231 E/NtChgAidl( 1711): NtChgAidl: setChargeFccIn user:2,val = 9000
06-11 23:48:41.813 W/nt_vote ( 1711): FCC_MAIN: FCC_BATTERY_HEALTH_VOTER,2 same vote on of val=9000
06-11 23:48:41.813 W/nt_vote ( 1711): FCC_MAIN: FCC_BATTERY_HEALTH_VOTER,2 Ignoring similar vote on of val=9000
06-11 23:48:42.236 E/NtChgAidl( 1711): NtChgAidl: mBattTempRegion _aidl_return:0
06-11 23:48:41.822 E/healthd ( 1632): soc_b:29, soc:44, soc_c:44, Vol:3931, Cur:1638,chg_s:1,t_l:0,b_s:2,OffTlast:0,lcd_off:0,Vu:4658,Vw:0,pid:1632,brightness:1.119641,rmCap:2176
06-11 23:48:41.822 W/HealthLoop( 1632): debug.tracing.screen_brightness:1.119641
06-11 23:48:42.243 W/libc    (17127): Access denied finding property "vendor.camera.aux.packagelist"
06-11 23:48:42.243 W/libc    (17127): Access denied finding property "vendor.camera.aux.packagelist"
06-11 23:48:42.247 W/libc    (17127): Access denied finding property "vendor.camera.aux.packagelist"
06-11 23:48:42.247 W/libc    (17127): Access denied finding property "vendor.camera.aux.packagelist"
06-11 23:48:42.252 I/vendor.qti.hardware.servicetrackeraidl-service( 1740): bindService is called for service : com.google.android.gms/.chimera.PersistentDirectBootAwareApiService and for client com.google.android.apps.wellbeing
06-11 23:48:42.253 I/sensors-hal( 1639): handle_sns_std_sensor_event:70, ambient_light_back_event: ssc_ts 0x21C2BD5A444 hal_ts 120829402217785 lux 0.000 ch0 0.000
06-11 23:48:42.253 I/vendor.qti.hardware.servicetrackeraidl-service( 1740): total connections for service : com.google.android.gms/.chimera.PersistentDirectBootAwareApiServiceare :52
06-11 23:48:42.253 I/vendor.qti.hardware.servicetrackeraidl-service( 1740): total connections for client : com.google.android.apps.wellbeingare :3
06-11 23:48:42.253 I/sensors-hal( 1639): handle_sns_std_sensor_event:79, ambient_light_event: ssc_ts 0x21C2BD7448F hal_ts 120829407768358 lux 2.000 cct 5648.126 [20.000 900000.000 459441.000 290.000 18.330 17.918 3.915 78.259 64.567 -14.013 -16.246 -16.246 -14.275 -61.963]
06-11 23:48:41.839 E/healthd ( 1632): soc_b:29, soc:44, soc_c:44, Vol:3931, Cur:1638,chg_s:1,t_l:0,b_s:2,OffTlast:0,lcd_off:0,Vu:4662,Vw:0,pid:1632,brightness:1.119641,rmCap:2176
06-11 23:48:41.839 E/healthd ( 1632): battery l=44 v=3931 t=38.0 h=2 st=2 c=1638000 fc=5041000 cc=117 chg=a
06-11 23:48:42.261 I/ActivityManager( 2713): Start proc 8807:com.google.android.apps.turbo/u0a159 for broadcast {com.google.android.apps.turbo/com.google.android.apps.turbo.deadline.library.GGaugeUpdateReceiver}
06-11 23:48:42.261 I/ActivityManager( 2713): ProcessObserver broadcast disabled
06-11 23:48:41.849 E/healthd ( 1632): soc_b:29, soc:44, soc_c:44, Vol:3931, Cur:1638,chg_s:1,t_l:0,b_s:2,OffTlast:0,lcd_off:0,Vu:4657,Vw:0,pid:1632,brightness:1.119641,rmCap:2176
06-11 23:48:42.267 I/DeviceInfoAidlClient(15197): isPowerInfoNeverSent=false batteryLevel=44 batteryLevelIndex=3 chargingMode=1 totalCapacity=4945400 powerSaveMode=false
06-11 23:48:41.849 W/HealthLoop( 1632): debug.tracing.screen_brightness:1.119641
06-11 23:48:42.272 I/roid.apps.turbo( 8807): Using CollectorTypeCMC GC.
06-11 23:48:42.274 W/android.hardware.power.stats-service( 1647): Skipping malformed line: 
06-11 23:48:42.297 I/vendor.qti.bluetooth@1.0-ibs_handler( 1628): DeviceSleep: TX Awake, Sending SLEEP_IND
06-11 23:48:42.319 I/roid.apps.turbo( 8807): AssetManager2(0xb40000761fab6b38) locale list changing from [] to [en-GB]
06-11 23:48:42.323 I/Perf    ( 8807): Connecting to perf service.
06-11 23:48:42.334 I/sensors-hal( 1639): handle_sns_std_sensor_event:79, ambient_light_event: ssc_ts 0x21C2BF46140 hal_ts 120829507137577 lux 1.000 cct 5648.126 [20.000 549300.000 459441.000 290.000 9.606 12.708 -0.678 35.711 20.110 -17.417 -16.896 -16.896 -14.308 -57.469]
06-11 23:48:41.946 E/healthd ( 1632): soc_b:29, soc:44, soc_c:44, Vol:3931, Cur:1570,chg_s:1,t_l:0,b_s:2,OffTlast:0,lcd_off:0,Vu:4665,Vw:0,pid:1632,brightness:1.119641,rmCap:2176
06-11 23:48:41.946 E/healthd ( 1632): battery l=44 v=3931 t=38.0 h=2 st=2 c=1570000 fc=5041000 cc=117 chg=a
06-11 23:48:42.365 W/roid.apps.turbo( 8807): Method void cfk.c(android.app.Activity) failed lock verification and will run slower.
06-11 23:48:42.365 W/roid.apps.turbo( 8807): Common causes for lock verification issues are non-optimized dex code
06-11 23:48:42.365 W/roid.apps.turbo( 8807): and incorrect proguard optimizations.
06-11 23:48:42.365 W/Turbo.TurboApplication( 8807): Going to the application!
06-11 23:48:41.950 I/servicemanager(  913): Caller(pid=8807,uid=10159,sid=u:r:priv_app:s0:c512,c768) Found vendor.qti.hardware.perf2.IPerf/default in device VINTF manifest.
06-11 23:48:42.369 E/ANDR-PERF-CLIENT-SYS( 8807): death recipent object is fine
06-11 23:48:42.369 W/roid.apps.turbo( 8807): AIBinder_linkToDeath is being called with a non-null cookie and no onUnlink callback set. This might not be intended. AIBinder_DeathRecipient_setOnUnlinked should be called first.
06-11 23:48:42.374 I/sensors-hal( 1639): handle_sns_std_sensor_event:70, ambient_light_back_event: ssc_ts 0x21C2BFD9A99 hal_ts 120829538622212 lux 0.000 ch0 0.000
06-11 23:48:41.961 E/healthd ( 1632): soc_b:29, soc:44, soc_c:44, Vol:3931, Cur:1570,chg_s:1,t_l:0,b_s:2,OffTlast:0,lcd_off:0,Vu:4658,Vw:0,pid:1632,brightness:1.119641,rmCap:2176
06-11 23:48:41.961 W/HealthLoop( 1632): debug.tracing.screen_brightness:1.119641
06-11 23:48:42.434 I/sensors-hal( 1639): handle_sns_std_sensor_event:79, ambient_light_event: ssc_ts 0x21C2C117E88 hal_ts 120829606514660 lux 2.000 cct 5648.126 [20.000 900000.000 459441.000 290.000 21.203 17.701 1.776 74.774 60.726 -16.079 -15.956 -15.956 -13.374 -55.222]
06-11 23:48:42.515 I/sensors-hal( 1639): handle_sns_std_sensor_event:70, ambient_light_back_event: ssc_ts 0x21C2C259071 hal_ts 120829675020129 lux 0.000 ch0 0.000
06-11 23:48:42.534 I/sensors-hal( 1639): handle_sns_std_sensor_event:79, ambient_light_event: ssc_ts 0x21C2C2E9A8F hal_ts 120829705875025 lux 1.000 cct 5648.126 [20.000 442200.000 459441.000 290.000 15.547 13.972 -0.228 41.211 53.035 -14.896 -12.340 -12.340 -12.908 -55.037]
06-11 23:48:42.188 E/gsi soc (15231): qcom,msm_gsi: gsi_stop_channel:3679 chan=1 busy try again
06-11 23:48:42.190 E/gsi soc (15231): qcom,msm_gsi: gsi_stop_channel:3679 chan=14 busy try again
06-11 23:48:42.634 I/sensors-hal( 1639): handle_sns_std_sensor_event:79, ambient_light_event: ssc_ts 0x21C2C4BB6A4 hal_ts 120829805236119 lux 2.000 cct 5648.126 [20.000 900000.000 459441.000 290.000 15.835 17.121 4.154 73.561 71.512 -19.547 -16.283 -16.283 -14.226 -71.774]
06-11 23:48:42.640 I/sensors-hal( 1639): handle_sns_std_sensor_event:70, ambient_light_back_event: ssc_ts 0x21C2C4D8649 hal_ts 120829811418046 lux 0.000 ch0 0.000
06-11 23:48:42.734 I/sensors-hal( 1639): handle_sns_std_sensor_event:79, ambient_light_event: ssc_ts 0x21C2C68D336 hal_ts 120829904603723 lux 2.000 cct 5648.126 [20.000 900000.000 459442.000 290.000 16.397 16.179 2.271 75.403 58.825 -14.046 -16.465 -16.465 -15.349 -50.501]
06-11 23:48:42.777 I/sensors-hal( 1639): handle_sns_std_sensor_event:70, ambient_light_back_event: ssc_ts 0x21C2C757C81 hal_ts 120829947820962 lux 0.000 ch0 0.000
06-11 23:48:42.835 I/sensors-hal( 1639): handle_sns_std_sensor_event:79, ambient_light_event: ssc_ts 0x21C2C85F04C hal_ts 120830003978202 lux 2.000 cct 5648.126 [20.000 900000.000 459441.000 290.000 18.177 18.568 4.780 69.039 70.575 -16.446 -15.849 -15.849 -11.890 -48.684]
06-11 23:48:42.914 I/sensors-hal( 1639): handle_sns_std_sensor_event:70, ambient_light_back_event: ssc_ts 0x21C2C9D7242 hal_ts 120830084217681 lux 0.000 ch0 0.000
06-11 23:48:42.935 I/sensors-hal( 1639): handle_sns_std_sensor_event:79, ambient_light_event: ssc_ts 0x21C2CA30FDA hal_ts 120830103385598 lux 2.000 cct 5648.126 [20.000 900000.000 459442.000 290.000 21.518 16.758 3.427 78.270 55.450 -14.625 -15.127 -15.127 -14.383 -56.839]
06-11 23:48:43.035 I/sensors-hal( 1639): handle_sns_std_sensor_event:79, ambient_light_event: ssc_ts 0x21C2CC02E3F hal_ts 120830202777525 lux 2.000 cct 5648.126 [20.000 900000.000 459441.000 290.000 19.635 16.614 5.864 74.584 71.512 -15.367 -16.030 -16.030 -14.226 -51.321]
06-11 23:48:43.055 I/sensors-hal( 1639): handle_sns_std_sensor_event:70, ambient_light_back_event: ssc_ts 0x21C2CC5684B hal_ts 120830220618150 lux 0.000 ch0 0.000
06-11 23:48:43.100 I/bt_shim_scanner( 3720): system/main/shim/le_scanning_manager.cc:186 ScanFilterParamSetup: in shim layer, clientIf=4
06-11 23:48:43.101 I/bt_shim_scanner( 3720): system/main/shim/le_scanning_manager.cc:186 ScanFilterParamSetup: in shim layer, clientIf=4
06-11 23:48:43.101 I/bt_shim_scanner( 3720): system/main/shim/le_scanning_manager.cc:147 Unregister: in shim layer, scannerId=4
06-11 23:48:43.102 I/vendor.qti.bluetooth@1.0-ibs_handler( 1628): DeviceWakeUp: Writing IBS_WAKE_IND
06-11 23:48:43.102 I/vendor.qti.bluetooth@1.0-ibs_handler( 1628): ProcessIbsCmd: Received IBS_WAKE_ACK: 0xFC
06-11 23:48:43.102 I/vendor.qti.bluetooth@1.0-ibs_handler( 1628): ProcessIbsCmd: Signal wack_cond_
06-11 23:48:43.103 I/bt_shim_scanner( 3720): system/main/shim/le_scanning_manager.cc:141 RegisterScanner: in shim layer, UUID=9ea86f56-2ae5-4d85-b08a-505f722338e5
06-11 23:48:43.103 I/vendor.qti.bluetooth@1.0-ibs_handler( 1628): ProcessIbsCmd: Received IBS_WAKE_IND: 0xFD
06-11 23:48:43.103 I/vendor.qti.bluetooth@1.0-ibs_handler( 1628): ProcessIbsCmd: Writing IBS_WAKE_ACK
06-11 23:48:43.108 I/NearbySharing(12870): Started scanning for FastInitiation with mode: SCAN_MODE_AMBIENT_DISCOVERY
06-11 23:48:43.108 I/NearbySharing(12870): FastInitiation warming period has ended
06-11 23:48:43.109 I/bt_shim_scanner( 3720): system/main/shim/le_scanning_manager.cc:242 ScanFilterEnable: in shim layer
06-11 23:48:43.109 I/bt_shim_scanner( 3720): system/main/shim/le_scanning_manager.cc:219 ScanFilterAdd: in shim layer
06-11 23:48:43.110 I/bt_shim_scanner( 3720): system/main/shim/le_scanning_manager.cc:186 ScanFilterParamSetup: in shim layer, clientIf=4
06-11 23:48:43.111 I/bt_shim_scanner( 3720): system/main/shim/le_scanning_manager.cc:219 ScanFilterAdd: in shim layer
06-11 23:48:43.111 I/bt_shim_scanner( 3720): system/main/shim/le_scanning_manager.cc:186 ScanFilterParamSetup: in shim layer, clientIf=4
06-11 23:48:43.113 I/NearbyDiscovery(12870): (REDACTED) PureOffloadFastPairScanner: eventType=%s, isInternalReq=%s, isScanning=%s, isScanningAllowed=%s
06-11 23:48:43.114 I/NearbyDiscovery(12870): (REDACTED) ApFastPairScanner: isScreenOn=%s, isLocationEnabled=%s, disableLocationRequirement=%s, isDiscoveryScanningEnabled=%s, during24GhzWifiWarmingUpPeriod=%s
06-11 23:48:43.114 I/NearbyDiscovery(12870): (REDACTED) ApFastPairScanner: eventType=%s, intReq=%s, scanning=%s, scanAllowed=%s, bleEnabled=%s, lockScanRate=%s, startScanningByLowPowerMode=%s
06-11 23:48:43.115 I/NearbyDiscovery(12870): (REDACTED) ApFastPairScanner: Stopping scan, %s
06-11 23:48:43.116 I/bt_shim_scanner( 3720): system/main/shim/le_scanning_manager.cc:186 ScanFilterParamSetup: in shim layer, clientIf=3
06-11 23:48:43.117 I/bt_shim_scanner( 3720): system/main/shim/le_scanning_manager.cc:186 ScanFilterParamSetup: in shim layer, clientIf=3
06-11 23:48:43.117 I/bt_shim_scanner( 3720): system/main/shim/le_scanning_manager.cc:186 ScanFilterParamSetup: in shim layer, clientIf=3
06-11 23:48:43.118 I/bt_shim_scanner( 3720): system/main/shim/le_scanning_manager.cc:147 Unregister: in shim layer, scannerId=3
06-11 23:48:43.118 I/bt_shim_scanner( 3720): system/main/shim/le_scanning_manager.cc:153 Scan: in shim layer stopped
06-11 23:48:43.118 I/NearbyDiscovery(12870): (REDACTED) ApFastPairScanner: isScreenOn=%s, isLocationEnabled=%s, disableLocationRequirement=%s, isDiscoveryScanningEnabled=%s, during24GhzWifiWarmingUpPeriod=%s
06-11 23:48:43.119 I/bluetooth( 3720): system/gd/hci/le_address_manager.cc:280 unregister_client: Client unregistered
06-11 23:48:43.119 W/BtGatt.JNI( 3720): android/app/jni/com_android_bluetooth_gatt.cpp:1565 gattSetScanParametersNative: gattSetScanParametersNative
06-11 23:48:43.119 I/NearbyDiscovery(12870): (REDACTED) ApFastPairScanner: Start scanning internally, %s
06-11 23:48:43.119 I/bt_shim_scanner( 3720): system/main/shim/le_scanning_manager.cc:317 SetScanParameters: in shim layer, scannerId1m=2, scannerIdCoded=0
06-11 23:48:43.119 I/bt_shim_scanner( 3720): system/main/shim/le_scanning_manager.cc:153 Scan: in shim layer started
06-11 23:48:43.120 I/bluetooth( 3720): system/gd/hci/le_scanning_manager.cc:650 stop_scan: Scanning already stopped, return!
06-11 23:48:43.120 I/bluetooth( 3720): system/gd/hci/le_address_manager.cc:265 register_client: Client registered
06-11 23:48:43.120 I/bt_shim_scanner( 3720): system/main/shim/le_scanning_manager.cc:141 RegisterScanner: in shim layer, UUID=8fa3a8cf-a335-4137-bcda-ed80719fba76
06-11 23:48:43.124 I/sensors-hal( 1639): handle_sns_std_sensor_event:70, ambient_light_back_event: ssc_ts 0x21C2CD9632B hal_ts 120830288816483 lux 0.000 ch0 0.000
06-11 23:48:43.126 I/NearbyDiscovery(12870): (REDACTED) ApFastPairScanner: Starting %s scanning
06-11 23:48:43.126 I/bt_shim_scanner( 3720): system/main/shim/le_scanning_manager.cc:242 ScanFilterEnable: in shim layer
06-11 23:48:43.126 I/bt_shim_scanner( 3720): system/main/shim/le_scanning_manager.cc:219 ScanFilterAdd: in shim layer
06-11 23:48:43.127 I/bt_shim_scanner( 3720): system/main/shim/le_scanning_manager.cc:186 ScanFilterParamSetup: in shim layer, clientIf=3
06-11 23:48:43.127 I/bt_shim_scanner( 3720): system/main/shim/le_scanning_manager.cc:219 ScanFilterAdd: in shim layer
06-11 23:48:43.128 I/bt_shim_scanner( 3720): system/main/shim/le_scanning_manager.cc:186 ScanFilterParamSetup: in shim layer, clientIf=3
06-11 23:48:43.129 I/bt_shim_scanner( 3720): system/main/shim/le_scanning_manager.cc:219 ScanFilterAdd: in shim layer
06-11 23:48:43.130 I/bt_shim_scanner( 3720): system/main/shim/le_scanning_manager.cc:186 ScanFilterParamSetup: in shim layer, clientIf=3
06-11 23:48:43.144 I/sensors-hal( 1639): handle_sns_std_sensor_event:79, ambient_light_event: ssc_ts 0x21C2CDD4B39 hal_ts 120830302150546 lux 2.000 cct 5648.126 [20.000 510300.000 459441.000 290.000 16.215 13.321 0.354 36.745 71.512 -14.228 -15.777 -15.777 -14.036 -51.321]
06-11 23:48:43.173 I/vendor.qti.bluetooth@1.0-ibs_handler( 1628): ProcessIbsCmd: Received IBS_SLEEP_IND: 0xFE
06-11 23:48:43.226 I/NtCharge( 2713): NTStabilityGetBattHealthInfo:100mRealBatSoh:97
06-11 23:48:43.229 I/sensors-hal( 1639): handle_sns_std_sensor_event:79, ambient_light_event: ssc_ts 0x21C2CFA6775 hal_ts 120830401513671 lux 1.000 cct 5648.126 [20.000 900000.000 459442.000 290.000 22.081 14.550 4.205 84.204 16.388 -18.241 -15.308 -15.308 -15.125 -53.972]
06-11 23:48:43.265 I/sensors-hal( 1639): handle_sns_std_sensor_event:70, ambient_light_back_event: ssc_ts 0x21C2D015935 hal_ts 120830425217004 lux 0.000 ch0 0.000
06-11 23:48:43.328 I/sensors-hal( 1639): handle_sns_std_sensor_event:79, ambient_light_event: ssc_ts 0x21C2D1783CC hal_ts 120830500878202 lux 1.000 cct 5648.126 [30.000 900000.000 459442.000 290.000 20.181 20.630 4.205 85.227 66.042 -10.642 -13.788 -13.788 -15.125 -41.701]
06-11 23:48:43.341 I/system_server( 2713): Background young concurrent mark compact GC freed 90MB AllocSpace bytes, 339(6612KB) LOS objects, 48% free, 100MB/196MB, paused 1.136ms,4.172ms total 119.358ms
06-11 23:48:43.382 I/vendor.qti.bluetooth@1.0-ibs_handler( 1628): DeviceSleep: TX Awake, Sending SLEEP_IND
06-11 23:48:43.391 I/sensors-hal( 1639): handle_sns_std_sensor_event:70, ambient_light_back_event: ssc_ts 0x21C2D294F30 hal_ts 120830561616744 lux 0.000 ch0 0.000
06-11 23:48:43.428 I/sensors-hal( 1639): handle_sns_std_sensor_event:79, ambient_light_event: ssc_ts 0x21C2D34A1F2 hal_ts 120830600266848 lux 2.000 cct 5648.126 [20.000 900000.000 459442.000 290.000 19.238 18.784 5.137 90.542 78.726 -13.105 -14.113 -14.113 -13.623 -56.839]
06-11 23:48:43.527 I/sensors-hal( 1639): handle_sns_std_sensor_event:70, ambient_light_back_event: ssc_ts 0x21C2D514530 hal_ts 120830698016744 lux 0.000 ch0 0.000
06-11 23:48:43.528 I/sensors-hal( 1639): handle_sns_std_sensor_event:79, ambient_light_event: ssc_ts 0x21C2D51BF72 hal_ts 120830699646848 lux 2.000 cct 5648.126 [20.000 900000.000 459442.000 290.000 20.326 16.933 4.283 81.144 58.474 -19.997 -19.004 -19.004 -13.717 -60.100]
06-11 23:48:43.627 I/sensors-hal( 1639): handle_sns_std_sensor_event:79, ambient_light_event: ssc_ts 0x21C2D6EDC7A hal_ts 120830799020598 lux 2.000 cct 5648.126 [30.000 900000.000 459442.000 290.000 19.205 20.338 3.492 79.504 82.295 -15.038 -15.853 -15.853 -14.508 -54.581]
06-11 23:48:43.667 I/sensors-hal( 1639): handle_sns_std_sensor_event:70, ambient_light_back_event: ssc_ts 0x21C2D793B40 hal_ts 120830834417577 lux 0.000 ch0 0.000
06-11 23:48:43.728 I/sensors-hal( 1639): handle_sns_std_sensor_event:79, ambient_light_event: ssc_ts 0x21C2D8BF9C8 hal_ts 120830898397994 lux 2.000 cct 5648.126 [20.000 900000.000 459441.000 290.000 22.890 18.171 4.485 84.395 69.222 -15.153 -13.967 -13.967 -12.945 -42.533]
06-11 23:48:43.348 E/gsi soc (15227): qcom,msm_gsi: gsi_stop_channel:3679 chan=1 busy try again
06-11 23:48:43.350 E/gsi soc (15227): qcom,msm_gsi: gsi_stop_channel:3679 chan=14 busy try again
06-11 23:48:43.807 I/sensors-hal( 1639): handle_sns_std_sensor_event:70, ambient_light_back_event: ssc_ts 0x21C2DA1314F hal_ts 120830970818358 lux 0.000 ch0 0.000
06-11 23:48:43.828 I/sensors-hal( 1639): handle_sns_std_sensor_event:79, ambient_light_event: ssc_ts 0x21C2DA917E7 hal_ts 120830997786275 lux 2.000 cct 5648.126 [20.000 900000.000 459442.000 290.000 17.718 18.531 4.947 92.587 88.036 -16.905 -16.647 -16.647 -14.953 -57.861]
06-11 23:48:43.928 I/sensors-hal( 1639): handle_sns_std_sensor_event:79, ambient_light_event: ssc_ts 0x21C2DC6355B hal_ts 120831097165650 lux 2.000 cct 5648.126 [20.000 474600.000 459442.000 290.000 16.165 13.751 0.642 34.508 85.398 -14.658 -15.093 -15.093 -13.368 -48.445]
06-11 23:48:43.948 I/sensors-hal( 1639): handle_sns_std_sensor_event:70, ambient_light_back_event: ssc_ts 0x21C2DC9273B hal_ts 120831107217316 lux 0.000 ch0 0.000
06-11 23:48:43.578 I/[schedu][0x21c2ddcb765][18:18:43.995744] wcn7750(17750): [17750:I:OSIF] vdev 0, scan id 41207 type COMPLETED(1) reason COMPLETED(1) scan found 33 bss
06-11 23:48:44.006 I/LOWI-9.0.1.118( 2419): [LOWI-Scan] secureLtf 0 secureRtt 0 urnmMfpr 0
06-11 23:48:44.006 I/LOWI-9.0.1.118( 2419): [LOWI-Scan] lowi_close_record:Scan done in 120817353ms, 41 APs in scan results
06-11 23:48:44.010 I/LOWI-9.0.1.118( 2419): [LOWIUtils] responseToOutPostcard - TO: FreeWifiScanObserver, FROM:   LOWI-SERVER, RESP:  LOWI_ASYNC_DISCOVERY_SCAN_RESULTS
06-11 23:48:44.013 W/IE_Capabilities( 2713): Unknown RSN cipher suite: 6ac0f00
06-11 23:48:44.017 I/WifiScanner(12870): onFullResults
06-11 23:48:44.017 I/WifiScanner(12870): onFullResults
06-11 23:48:43.605 E/[binder][0x21c2de49d71][18:18:44.022705] wcn7750( 1643): [1643:E:OSIF] wlan_hdd_set_station_stats_request_pending: peer is null
06-11 23:48:43.608 I/[binder][0x21c2de5b380][18:18:44.026412] wcn7750( 1643): [1643:I:HDD] __wlan_hdd_cfg80211_get_logger_supp_feature: Ring buffer disable
06-11 23:48:44.027 I/sensors-hal( 1639): handle_sns_std_sensor_event:79, ambient_light_event: ssc_ts 0x21C2DE353BF hal_ts 120831196557525 lux 1.000 cct 5648.126 [20.000 486000.000 459442.000 290.000 13.866 13.387 0.484 32.056 75.543 -15.817 -17.484 -17.484 -14.666 -47.829]
06-11 23:48:44.028 I/HalDevMgr( 2713): bestIfaceCreationProposal is null, requestIface=STA, existingIface=[name=wlan1 type=AP, name=wlan0 type=STA]
06-11 23:48:44.073 I/sensors-hal( 1639): handle_sns_std_sensor_event:70, ambient_light_back_event: ssc_ts 0x21C2DF12BB5 hal_ts 120831243810337 lux 0.000 ch0 0.000
06-11 23:48:44.110 I/vendor.qti.hardware.servicetrackeraidl-service( 1740): destroyService is called for service : com.google.android.gms/.chimera.GmsIntentOperationService
06-11 23:48:44.128 I/sensors-hal( 1639): handle_sns_std_sensor_event:79, ambient_light_event: ssc_ts 0x21C2E0070EC hal_ts 120831295933202 lux 1.000 cct 5648.126 [30.000 900000.000 459442.000 290.000 19.222 20.955 6.690 81.955 85.942 -11.981 -13.209 -13.209 -12.830 -55.198]
06-11 23:48:44.202 I/vendor.qti.hardware.servicetrackeraidl-service( 1740): destroyService is called for service : com.google.android.gms/.chimera.PersistentIntentOperationService
06-11 23:48:44.209 I/sensors-hal( 1639): handle_sns_std_sensor_event:70, ambient_light_back_event: ssc_ts 0x21C2E19130E hal_ts 120831380014973 lux 0.000 ch0 0.000
06-11 23:48:44.229 I/sensors-hal( 1639): handle_sns_std_sensor_event:79, ambient_light_event: ssc_ts 0x21C2E1D8F58 hal_ts 120831395325494 lux 2.000 cct 5648.126 [20.000 900000.000 459442.000 290.000 19.385 18.382 3.507 77.256 86.677 -13.337 -14.769 -14.769 -13.353 -59.898]
06-11 23:48:44.329 I/sensors-hal( 1639): handle_sns_std_sensor_event:79, ambient_light_event: ssc_ts 0x21C2E3AADF0 hal_ts 120831494720077 lux 2.000 cct 5648.126 [20.000 900000.000 459442.000 290.000 19.186 17.440 3.334 84.212 77.094 -12.017 -15.964 -15.964 -12.007 -50.897]
06-11 23:48:44.349 I/sensors-hal( 1639): handle_sns_std_sensor_event:70, ambient_light_back_event: ssc_ts 0x21C2E41093A hal_ts 120831516417264 lux 0.000 ch0 0.000
06-11 23:48:44.430 I/sensors-hal( 1639): handle_sns_std_sensor_event:79, ambient_light_event: ssc_ts 0x21C2E57CC10 hal_ts 120831594108410 lux 2.000 cct 5648.126 [20.000 825800.000 459442.000 290.000 15.749 17.077 0.706 54.150 74.999 -12.794 -18.101 -18.101 -14.254 -45.166]
06-11 23:48:44.490 I/sensors-hal( 1639): handle_sns_std_sensor_event:70, ambient_light_back_event: ssc_ts 0x21C2E68FF5C hal_ts 120831652819035 lux 0.000 ch0 0.000
06-11 23:48:44.530 I/sensors-hal( 1639): handle_sns_std_sensor_event:79, ambient_light_event: ssc_ts 0x21C2E74EBCC hal_ts 120831693518202 lux 2.000 cct 5648.126 [30.000 900000.000 459442.000 290.000 19.566 21.747 5.043 79.098 60.026 -12.777 -12.924 -12.924 -12.957 -50.897]
06-11 23:48:44.638 I/sensors-hal( 1639): handle_sns_std_sensor_event:70, ambient_light_back_event: ssc_ts 0x21C2E90F526 hal_ts 120831789216223 lux 0.000 ch0 0.000
06-11 23:48:44.639 I/sensors-hal( 1639): handle_sns_std_sensor_event:79, ambient_light_event: ssc_ts 0x21C2E920B19 hal_ts 120831792922212 lux 2.000 cct 5648.126 [30.000 900000.000 459442.000 290.000 22.589 20.623 4.886 84.829 70.344 -18.494 -15.821 -15.821 -14.824 -56.415]
06-11 23:48:44.720 I/sensors-hal( 1639): handle_sns_std_sensor_event:79, ambient_light_event: ssc_ts 0x21C2EAF2AF0 hal_ts 120831892333410 lux 2.000 cct 5648.126 [20.000 900000.000 459442.000 290.000 17.466 17.511 3.918 81.963 76.822 -15.257 -15.640 -15.640 -15.601 -47.010]
06-11 23:48:44.761 I/sensors-hal( 1639): handle_sns_std_sensor_event:70, ambient_light_back_event: ssc_ts 0x21C2EB8EB92 hal_ts 120831925621848 lux 0.000 ch0 0.000
06-11 23:48:44.819 I/sensors-hal( 1639): handle_sns_std_sensor_event:79, ambient_light_event: ssc_ts 0x21C2ECC499D hal_ts 120831991729087 lux 2.000 cct 5648.126 [20.000 900000.000 459442.000 290.000 15.710 12.293 1.716 56.402 75.457 -14.353 -15.791 -15.791 -13.814 -49.049]
06-11 23:48:44.899 I/sensors-hal( 1639): handle_sns_std_sensor_event:70, ambient_light_back_event: ssc_ts 0x21C2EE0E126 hal_ts 120832062016223 lux 0.000 ch0 0.000
06-11 23:48:44.919 I/sensors-hal( 1639): handle_sns_std_sensor_event:79, ambient_light_event: ssc_ts 0x21C2EE9680D hal_ts 120832091121587 lux 2.000 cct 5648.126 [20.000 900000.000 459442.000 290.000 13.630 17.542 4.931 81.150 69.523 -17.572 -16.369 -16.369 -12.689 -60.094]
06-11 23:48:45.019 I/sensors-hal( 1639): handle_sns_std_sensor_event:79, ambient_light_event: ssc_ts 0x21C2F068526 hal_ts 120832190496223 lux 2.000 cct 5648.126 [20.000 900000.000 459442.000 290.000 18.409 17.837 3.176 75.625 74.999 -15.074 -13.541 -13.541 -13.304 -49.256]
06-11 23:48:45.039 I/sensors-hal( 1639): handle_sns_std_sensor_event:70, ambient_light_back_event: ssc_ts 0x21C2F08D75D hal_ts 120832198419087 lux 0.000 ch0 0.000
06-11 23:48:45.119 I/sensors-hal( 1639): handle_sns_std_sensor_event:79, ambient_light_event: ssc_ts 0x21C2F23A1DA hal_ts 120832289865598 lux 2.000 cct 5648.126 [20.000 900000.000 459442.000 290.000 19.710 17.542 4.931 81.150 85.040 -14.153 -15.862 -15.862 -12.689 -36.573]
06-11 23:48:45.126 I/NearbyConnections(12870): Invalidate cached hpkeKey for client 149306909
06-11 23:48:45.164 I/sensors-hal( 1639): handle_sns_std_sensor_event:70, ambient_light_back_event: ssc_ts 0x21C2F30CD3F hal_ts 120832334817525 lux 0.000 ch0 0.000
06-11 23:48:45.219 I/sensors-hal( 1639): handle_sns_std_sensor_event:79, ambient_light_event: ssc_ts 0x21C2F40BECF hal_ts 120832389238358 lux 2.000 cct 5648.126 [20.000 900000.000 459442.000 290.000 20.290 18.485 3.586 79.308 71.348 -15.852 -16.439 -16.439 -13.274 -56.823]
06-11 23:48:45.300 I/sensors-hal( 1639): handle_sns_std_sensor_event:70, ambient_light_back_event: ssc_ts 0x21C2F58C321 hal_ts 120832471215962 lux 0.000 ch0 0.000
06-11 23:48:45.320 I/sensors-hal( 1639): handle_sns_std_sensor_event:79, ambient_light_event: ssc_ts 0x21C2F5DDC5F hal_ts 120832488619191 lux 2.000 cct 5648.126 [20.000 900000.000 459442.000 290.000 13.372 12.715 1.426 49.042 73.816 -18.971 -16.382 -16.382 -13.724 -54.363]
06-11 23:48:45.421 I/sensors-hal( 1639): handle_sns_std_sensor_event:79, ambient_light_event: ssc_ts 0x21C2F7AF9F3 hal_ts 120832588000233 lux 2.000 cct 5648.126 [30.000 900000.000 459442.000 290.000 25.049 22.973 5.091 92.807 66.968 -14.894 -15.497 -15.497 -11.580 -53.551]
06-11 23:48:45.441 I/sensors-hal( 1639): handle_sns_std_sensor_event:70, ambient_light_back_event: ssc_ts 0x21C2F80B93A hal_ts 120832607617264 lux 0.000 ch0 0.000
06-11 23:48:45.026 E/gsi soc (24170): qcom,msm_gsi: gsi_stop_channel:3679 chan=1 busy try again
06-11 23:48:45.028 E/gsi soc (24170): qcom,msm_gsi: gsi_stop_channel:3679 chan=14 busy try again
06-11 23:48:45.068 E/ipa_pm_handle_suspend(  866): 1280 Client IPA_CLIENT_APPS_WAN_CONS woke up the system
06-11 23:48:45.521 I/sensors-hal( 1639): handle_sns_std_sensor_event:79, ambient_light_event: ssc_ts 0x21C2F98172F hal_ts 120832687376691 lux 2.000 cct 5648.126 [20.000 900000.000 459442.000 290.000 17.810 18.555 1.701 62.742 72.627 -17.952 -17.382 -17.382 -14.969 -52.935]
06-11 23:48:45.581 I/sensors-hal( 1639): handle_sns_std_sensor_event:70, ambient_light_back_event: ssc_ts 0x21C2FA8AF38 hal_ts 120832744017160 lux 0.000 ch0 0.000
06-11 23:48:45.621 I/sensors-hal( 1639): handle_sns_std_sensor_event:79, ambient_light_event: ssc_ts 0x21C2FB53585 hal_ts 120832786767837 lux 2.000 cct 5648.126 [30.000 900000.000 459442.000 290.000 19.549 20.623 4.316 83.807 67.241 -11.654 -13.794 -13.794 -12.354 -49.256]
06-11 23:48:45.648 I/sensors-hal( 1639): handle_sns_std_sensor_event:70, ambient_light_back_event: ssc_ts 0x21C2FBCAC71 hal_ts 120832812246796 lux 0.000 ch0 0.000
06-11 23:48:45.268 E/gsi soc (10058): qcom,msm_gsi: gsi_stop_channel:3679 chan=1 busy try again
06-11 23:48:45.270 E/gsi soc (10058): qcom,msm_gsi: gsi_stop_channel:3679 chan=14 busy try again
06-11 23:48:45.721 I/sensors-hal( 1639): handle_sns_std_sensor_event:79, ambient_light_event: ssc_ts 0x21C2FD252DE hal_ts 120832886145806 lux 2.000 cct 5648.126 [20.000 900000.000 459442.000 290.000 18.750 15.586 4.186 73.788 80.112 -18.532 -15.285 -15.285 -13.624 -51.094]
06-11 23:48:45.781 I/sensors-hal( 1639): handle_sns_std_sensor_event:70, ambient_light_back_event: ssc_ts 0x21C2FE4A035 hal_ts 120832948617004 lux 0.000 ch0 0.000
06-11 23:48:45.389 E/ipa_pm_handle_suspend(  866): 1280 Client IPA_CLIENT_APPS_WAN_CONS woke up the system
06-11 23:48:45.821 I/sensors-hal( 1639): handle_sns_std_sensor_event:79, ambient_light_event: ssc_ts 0x21C2FEF70D3 hal_ts 120832985531900 lux 2.000 cct 5648.126 [30.000 900000.000 459442.000 290.000 23.310 21.159 6.655 80.946 92.525 -18.152 -17.564 -17.564 -16.094 -59.275]
06-11 23:48:45.930 I/sensors-hal( 1639): handle_sns_std_sensor_event:70, ambient_light_back_event: ssc_ts 0x21C300C962A hal_ts 120833085016431 lux 0.000 ch0 0.000
06-11 23:48:45.930 I/sensors-hal( 1639): handle_sns_std_sensor_event:79, ambient_light_event: ssc_ts 0x21C300C8EAC hal_ts 120833084916535 lux 2.000 cct 5648.126 [20.000 900000.000 459442.000 290.000 17.951 18.654 2.345 83.198 58.845 -18.572 -18.297 -18.297 -14.325 -54.978]
06-11 23:48:46.012 I/sensors-hal( 1639): handle_sns_std_sensor_event:79, ambient_light_event: ssc_ts 0x21C3029ABFF hal_ts 120833184294191 lux 2.000 cct 5648.126 [20.000 616800.000 459442.000 290.000 14.626 13.640 1.624 44.328 69.336 -15.437 -15.204 -15.204 -13.907 -44.761]
06-11 23:48:46.022 I/CNSS    ( 2121): /sys/wifi/dump_in_progress doesn't exist
06-11 23:48:46.022 I/CNSS    ( 2121): /sys/wifi/max_chipset_log_size doesn't exist
06-11 23:48:46.052 I/sensors-hal( 1639): handle_sns_std_sensor_event:70, ambient_light_back_event: ssc_ts 0x21C30348C46 hal_ts 120833221417889 lux 0.000 ch0 0.000
06-11 23:48:46.112 I/sensors-hal( 1639): handle_sns_std_sensor_event:79, ambient_light_event: ssc_ts 0x21C3046CA1D hal_ts 120833283682421 lux 1.000 cct 5648.126 [20.000 415700.000 459442.000 290.000 13.250 13.995 0.941 36.153 19.870 -16.053 -16.116 -16.116 -12.119 -52.935]
06-11 23:48:46.192 I/sensors-hal( 1639): handle_sns_std_sensor_event:70, ambient_light_back_event: ssc_ts 0x21C305C821C hal_ts 120833357815702 lux 0.000 ch0 0.000
06-11 23:48:46.212 I/sensors-hal( 1639): handle_sns_std_sensor_event:79, ambient_light_event: ssc_ts 0x21C3063E89C hal_ts 120833383075702 lux 1.000 cct 5648.126 [20.000 900000.000 459442.000 290.000 21.030 18.373 5.136 79.923 78.560 -17.392 -17.311 -17.311 -13.434 -51.094]
06-11 23:48:46.312 I/sensors-hal( 1639): handle_sns_std_sensor_event:79, ambient_light_event: ssc_ts 0x21C308106F6 hal_ts 120833482467056 lux 1.000 cct 5648.126 [20.000 900000.000 459442.000 290.000 17.770 15.037 1.951 66.017 15.672 -16.853 -15.834 -15.834 -15.099 -49.661]
06-11 23:48:46.332 I/sensors-hal( 1639): handle_sns_std_sensor_event:70, ambient_light_back_event: ssc_ts 0x21C30847835 hal_ts 120833494217004 lux 0.000 ch0 0.000
06-11 23:48:46.412 I/sensors-hal( 1639): handle_sns_std_sensor_event:79, ambient_light_event: ssc_ts 0x21C309E25A8 hal_ts 120833581862994 lux 2.000 cct 5648.126 [20.000 900000.000 459442.000 290.000 20.390 16.331 1.441 80.540 70.438 -19.172 -18.340 -18.340 -16.939 -48.431]
06-11 23:48:46.472 I/sensors-hal( 1639): handle_sns_std_sensor_event:70, ambient_light_back_event: ssc_ts 0x21C30AC6E4D hal_ts 120833630618254 lux 0.000 ch0 0.000
06-11 23:48:46.512 I/sensors-hal( 1639): handle_sns_std_sensor_event:79, ambient_light_event: ssc_ts 0x21C30BB43FC hal_ts 120833681254035 lux 2.000 cct 5648.126 [20.000 900000.000 459442.000 290.000 21.646 17.511 7.338 76.849 58.202 -11.457 -14.880 -14.880 -11.232 -42.919]
06-11 23:48:46.596 I/sensors-hal( 1639): handle_sns_std_sensor_event:70, ambient_light_back_event: ssc_ts 0x21C30D4641D hal_ts 120833767015754 lux 0.000 ch0 0.000
06-11 23:48:46.616 I/sensors-hal( 1639): handle_sns_std_sensor_event:79, ambient_light_event: ssc_ts 0x21C30D86220 hal_ts 120833780642577 lux 2.000 cct 5648.126 [20.000 900000.000 459442.000 290.000 15.891 14.390 1.541 79.719 70.528 -18.352 -16.735 -16.735 -15.509 -61.525]
06-11 23:48:46.268 E/gsi soc (15227): qcom,msm_gsi: gsi_stop_channel:3679 chan=1 busy try again
06-11 23:48:46.271 E/gsi soc (15227): qcom,msm_gsi: gsi_stop_channel:3679 chan=14 busy try again
06-11 23:48:46.717 I/sensors-hal( 1639): handle_sns_std_sensor_event:79, ambient_light_event: ssc_ts 0x21C30F580FA hal_ts 120833880040598 lux 2.000 cct 5648.126 [20.000 900000.000 459442.000 290.000 20.850 16.529 3.981 81.150 63.317 -16.813 -15.356 -15.356 -12.309 -53.958]
06-11 23:48:46.737 I/sensors-hal( 1639): handle_sns_std_sensor_event:70, ambient_light_back_event: ssc_ts 0x21C30FC5A46 hal_ts 120833903417889 lux 0.000 ch0 0.000
06-11 23:48:46.817 I/sensors-hal( 1639): handle_sns_std_sensor_event:79, ambient_light_event: ssc_ts 0x21C31129FAA hal_ts 120833979436431 lux 1.000 cct 5648.126 [20.000 557900.000 459442.000 290.000 11.871 12.827 0.825 35.134 68.155 -17.432 -19.310 -19.310 -12.805 -52.932]
06-11 23:48:46.877 I/sensors-hal( 1639): handle_sns_std_sensor_event:70, ambient_light_back_event: ssc_ts 0x21C31245058 hal_ts 120834039818827 lux 0.000 ch0 0.000
06-11 23:48:46.917 I/sensors-hal( 1639): handle_sns_std_sensor_event:79, ambient_light_event: ssc_ts 0x21C312FBE4C hal_ts 120834078831535 lux 2.000 cct 5648.126 [20.000 900000.000 459442.000 290.000 18.931 17.176 6.291 73.583 61.218 -14.172 -18.508 -18.508 -14.939 -46.185]
06-11 23:48:46.934 W/IPCThreadState( 2713): Sending oneway calls to frozen process.
06-11 23:48:46.934 W/IPCThreadState( 2713): Sending oneway calls to frozen process.
06-11 23:48:46.934 W/IPCThreadState( 2713): Sending oneway calls to frozen process.
06-11 23:48:47.026 I/sensors-hal( 1639): handle_sns_std_sensor_event:70, ambient_light_back_event: ssc_ts 0x21C314C4617 hal_ts 120834176215441 lux 0.000 ch0 0.000
06-11 23:48:47.027 I/sensors-hal( 1639): handle_sns_std_sensor_event:79, ambient_light_event: ssc_ts 0x21C314CDC43 hal_ts 120834178217733 lux 2.000 cct 5648.126 [20.000 900000.000 459442.000 290.000 17.829 18.667 4.521 75.421 80.933 -13.754 -15.497 -15.497 -13.479 -52.528]
06-11 23:48:47.049 I/NearbyPresence(12870): (REDACTED) %s verified [==] new request %s equals to the old request
06-11 23:48:47.061 I/vendor.qti.hardware.servicetrackeraidl-service( 1740): bindService is called for service : com.google.android.as/com.google.android.apps.miphone.aiai.attention.service.AiAiAttentionService and for client system
06-11 23:48:47.061 I/vendor.qti.hardware.servicetrackeraidl-service( 1740): total connections for service : com.google.android.as/com.google.android.apps.miphone.aiai.attention.service.AiAiAttentionServiceare :1
06-11 23:48:47.061 I/vendor.qti.hardware.servicetrackeraidl-service( 1740): total connections for client : systemare :24
06-11 23:48:47.068 I/vendor.qti.hardware.servicetrackeraidl-service( 1740): bindService is called for service : com.google.android.as/com.google.android.apps.miphone.aiai.attention.service.AttentionCheckService and for client com.google.android.as
06-11 23:48:47.068 I/vendor.qti.hardware.servicetrackeraidl-service( 1740): total connections for service : com.google.android.as/com.google.android.apps.miphone.aiai.attention.service.AttentionCheckServiceare :1
06-11 23:48:47.068 I/vendor.qti.hardware.servicetrackeraidl-service( 1740): total connections for client : com.google.android.asare :2
06-11 23:48:47.069 I/AiAiAttention( 6856): AttentionCheckService.onCreate()
06-11 23:48:47.070 I/AiAiAttention( 6856): AttentionCheckService.onCheckAttention with config:
06-11 23:48:47.070 I/AiAiAttention( 6856): AttentionConfig{numFrames=10, facePoseNumFrames=5, captureIntervalMillis=150, attentionEnabled=true, sensorsOnlyBudgetMillis=100, proximitySensorEnabled=false, accelSensorEnabled=false, accelSensorCollectionEnabled=true, accelSensorThresholdMss=0.2, accelSensorMaxExtensionMillis=120000, marginHorizontalPx=1000, marginVerticalPx=1000, minNumberOfFramesRequiredForSingleCheck=7, minDelayBetweenRequestsMillis=1000, maxRequestDurationMillis=4000, maxFacePoseRequestDurationMillis=1000, maxYawAllowedDegrees=15}
06-11 23:48:47.070 I/AiAiAttention( 6856): Created InHandsMotionDetector with threshold: 0.2 mss
06-11 23:48:47.071 I/SensorService( 2713): [NothSensor] com.google.android.as Calling batch handle 11 flags 0 rate 20000000 timeout 0
06-11 23:48:47.072 I/sensors-hal( 1639): flush:169, android.sensor.accelerometer/11
06-11 23:48:47.072 I/sensors-hal( 1639): send_sync_sensor_request:435, send sync request
06-11 23:48:47.072 I/sensors-hal( 1639): send_sync_sensor_request:464, wait for notification of response
06-11 23:48:47.072 I/NearbyMediums(12870): No BLE Fast/GATT advertisements found in the latest cycle.
06-11 23:48:47.072 I/NearbyMediums(12870): Current Tracked Scanning Clients are : {NearbyConnections.EnvironmentMonitor, NearbySharing, NearbyConnections.TxAdvertisement}
06-11 23:48:47.073 I/sensors-hal( 1639): qsh_conn_resp_cb:761, resp_value = 0 for accel 
06-11 23:48:47.073 I/sensors-hal( 1639): send_sync_sensor_request:470, takes 0 ms to receive the response with 0
06-11 23:48:47.073 I/sensors-hal( 1639): flush:175, android.sensor.accelerometer/11 completed
06-11 23:48:47.105 E/NetlinkUtils( 3738): receiveNetlinkAck, errmsg=NetlinkErrorMessage{ nlmsghdr{StructNlMsgHdr{ nlmsg_len{100}, nlmsg_type{2()}, nlmsg_flags{0()}, nlmsg_seq{1}, nlmsg_pid{-2101789443} }}, nlmsgerr{StructNlMsgErr{ error{-2}, msg{StructNlMsgHdr{ nlmsg_len{80}, nlmsg_type{256()}, nlmsg_flags{261(NLM_F_REQUEST|NLM_F_ACK|NLM_F_ROOT)}, nlmsg_seq{1}, nlmsg_pid{0} }} }} }
