06-11 23:48:47.287 I/ChiX    ( 1716): [ INFO][F2Req  ] chifeature2graph.cpp:3345 ProcessUpstreamFeatureRequest() Graph-URO:3_Graph:MCXSuperFG_Feature:RealtimePostProcessor: Submitting Feature Request Object with numRequests=1
06-11 23:48:47.288 I/ChiX    ( 1716): [ INFO][F2Req  ] chifeature2requestobject.cpp:951 SetCurRequestState() FRO-URO:3_MCXSuperFG:RealtimePostProcessor_0: FeatureRequest State [Initialized]->[ReadyToExecute] for RequestIndex:0
06-11 23:48:47.288 I/ChiX    ( 1716): [ INFO][F2Req  ] chifeature2requestobject.cpp:951 SetCurRequestState() FRO-URO:3_MCXSuperFG:RealtimePostProcessor_0: FeatureRequest State [ReadyToExecute]->[Executing] for RequestIndex:0
06-11 23:48:47.289 I/ChiX    ( 1716): [ INFO][F2Req  ] chifeature2requestobject.cpp:951 SetCurRequestState() FRO-URO:3_MCXSuperFG:RealtimePostProcessor_0: FeatureRequest State [Executing]->[InputResourcePending] for RequestIndex:0
06-11 23:48:47.289 I/ChiX    ( 1716): [ INFO][F2Req  ] chifeature2graph.cpp:4048 ProcessGetInputDependencyMessage() RealtimePostProcessor_0 Feature:Graph-URO:3_Graph:MCXSuperFG: ChiFeature2MessageType::GetInputDependency for batchIndex 0, numDependencies 1
06-11 23:48:47.289 I/ChiX    ( 1716): [ INFO][F2Req  ] chifeature2requestobject.cpp:158 InitializeRequestInfo() FRO-URO:3_MCXSuperFG:RealTimeMCX_0 : Outputs Requested for numRequests:1: Request:0 Port : (FULL:0:0:0:3:0), (LongDS4:0:0:13:3:0), (LongDS16:0:0:15:3:0), (MetadataOutput_0:0:0:48:3:1), 
06-11 23:48:47.289 I/ChiX    ( 1716): [ INFO][F2Req  ] chifeature2graph.cpp:3345 ProcessUpstreamFeatureRequest() Graph-URO:3_Graph:MCXSuperFG_Feature:RealTimeMCX: Submitting Feature Request Object with numRequests=1
06-11 23:48:47.289 I/ChiX    ( 1716): [ INFO][F2Req  ] chifeature2requestobject.cpp:951 SetCurRequestState() FRO-URO:3_MCXSuperFG:RealTimeMCX_0: FeatureRequest State [Initialized]->[ReadyToExecute] for RequestIndex:0
06-11 23:48:47.289 I/ChiX    ( 1716): [ INFO][F2Req  ] chifeature2requestobject.cpp:951 SetCurRequestState() FRO-URO:3_MCXSuperFG:RealTimeMCX_0: FeatureRequest State [ReadyToExecute]->[Executing] for RequestIndex:0
06-11 23:48:46.869 I/CAM_INFO( 8879): CAM-ISP: __cam_isp_ctx_acquire_hw_v2: 8805: Acquire success: session_hdl 0x730200s ctx_type 3 ctx 7 link: 0x9c0307 hw_mgr_ctx: 7
06-11 23:48:46.872 I/CAM_INFO( 8879): CAM-ISP: cam_isp_blob_csid_dynamic_switch_update: 10447: csid mup value=0, ctx_idx: 7 req id 0
06-11 23:48:47.290 I/ChiX    ( 1716): [ INFO][F2Req  ] chifeature2requestobject.cpp:951 SetCurRequestState() FRO-URO:3_MCXSuperFG:RealTimeMCX_0: FeatureRequest State [Executing]->[OutputResourcePending] for RequestIndex:0
06-11 23:48:47.290 I/ChiX    ( 1716): [ INFO][F2Req  ] chifeature2usecaserequestobject.h:281 SetRequestState() URO:3_Changing state from 0 to 2
06-11 23:48:47.290 I/CamX    ( 1716): [ INFO][HAL    ] camxhal3.cpp:1992 process_capture_request() frame_number 4, settings 0x0, priv_settings 0x0, priv_result 0x0, num_priv_phy_result 0, num_output_buffers 1
06-11 23:48:47.290 I/CamX    ( 1716): [CONFIG][HAL    ] camxhal3.cpp:2024 process_capture_request()   output_buffers[0] : 0xb400007d3d27b290, buffer: 0x7de0e92198, priv: 0x0, status: 00000000, stream: 0xb400007b4d0de078
06-11 23:48:47.290 I/CamX    ( 1716): [ INFO][HAL    ] camxhaldevice.cpp:1826 ProcessCaptureRequest() CHIModule: Original framework framenumber 4 contains 1 output buffers
06-11 23:48:46.872 E/st21nfc_dev_write( 4236): i2c_master_send returned -107
06-11 23:48:47.291 I/ChiX    ( 1716): [ INFO][F2Req  ] chifeature2usecaserequestobject.cpp:667 Initialize() Will use feature2mode value 0 from input setting
06-11 23:48:47.291 I/ChiX    ( 1716): [ INFO][F2Req  ] chifeature2usecaserequestobject.cpp:767 Initialize() URO:4_Created for usecasemode:1 numOutputs:1
06-11 23:48:47.291 I/ChiX    ( 1716): [ INFO][F2Req  ] chifeature2graph.cpp:1994 Initialize() Graph-URO:4_Graph:MCXSuperFG: nodes 2, srcChiStreams 0, sinkChiStreams 1, extSrcLinks 0, internalLinks 4, extSinkLinks 4, features 2
06-11 23:48:47.291 I/ChiX    ( 1716): [ INFO][F2Req  ] chifeature2graph.cpp:2081 Initialize() Graph-URO:4_Graph:MCXSuperFG: Node {RealTimeMCX_0} Ports {in 0/0, out 4/18} Links {total 4/8, extSrc 0/0, internal 4/4, extSink 0/4}
06-11 23:48:47.291 I/ChiX    ( 1716): [ INFO][F2Req  ] chifeature2graph.cpp:2081 Initialize() Graph-URO:4_Graph:MCXSuperFG: Node {RealtimePostProcessor_0} Ports {in 4/5, out 4/5} Links {total 8/8, extSrc 0/0, internal 4/4, extSink 4/4}
06-11 23:48:47.291 I/ChiX    ( 1716): [ INFO][F2Req  ] chifeature2graph.cpp:2331 WalkAllExtSinkLinks() Graph-URO:4_Graph:MCXSuperFG: Walking 4 sink links, m_extSinkPortIdToChiStreamMap size 1
06-11 23:48:47.291 I/ChiX    ( 1716): [ INFO][F2Req  ] chifeature2requestobject.cpp:158 InitializeRequestInfo() FRO-URO:4_MCXSuperFG:RealtimePostProcessor_0 : Outputs Requested for numRequests:1: Request:0 Port : (YUV_Preview_Out_External:0:0:0:3:0), (Meta_Out_External:0:0:2:3:1), 
06-11 23:48:47.291 I/ChiX    ( 1716): [ INFO][F2Req  ] chifeature2graph.cpp:3345 ProcessUpstreamFeatureRequest() Graph-URO:4_Graph:MCXSuperFG_Feature:RealtimePostProcessor: Submitting Feature Request Object with numRequests=1
06-11 23:48:47.291 I/ChiX    ( 1716): [ INFO][F2Req  ] chifeature2requestobject.cpp:951 SetCurRequestState() FRO-URO:4_MCXSuperFG:RealtimePostProcessor_0: FeatureRequest State [Initialized]->[ReadyToExecute] for RequestIndex:0
06-11 23:48:47.291 I/ChiX    ( 1716): [ INFO][F2Req  ] chifeature2requestobject.cpp:951 SetCurRequestState() FRO-URO:4_MCXSuperFG:RealtimePostProcessor_0: FeatureRequest State [ReadyToExecute]->[Executing] for RequestIndex:0
06-11 23:48:47.291 I/ChiX    ( 1716): [ INFO][F2Req  ] chifeature2requestobject.cpp:951 SetCurRequestState() FRO-URO:4_MCXSuperFG:RealtimePostProcessor_0: FeatureRequest State [Executing]->[InputResourcePending] for RequestIndex:0
06-11 23:48:47.291 I/ChiX    ( 1716): [ INFO][F2Req  ] chifeature2graph.cpp:4048 ProcessGetInputDependencyMessage() RealtimePostProcessor_0 Feature:Graph-URO:4_Graph:MCXSuperFG: ChiFeature2MessageType::GetInputDependency for batchIndex 0, numDependencies 1
06-11 23:48:47.291 I/ChiX    ( 1716): [ INFO][F2Req  ] chifeature2requestobject.cpp:158 InitializeRequestInfo() FRO-URO:4_MCXSuperFG:RealTimeMCX_0 : Outputs Requested for numRequests:1: Request:0 Port : (FULL:0:0:0:3:0), (LongDS4:0:0:13:3:0), (LongDS16:0:0:15:3:0), (MetadataOutput_0:0:0:48:3:1), 
06-11 23:48:47.291 I/ChiX    ( 1716): [ INFO][F2Req  ] chifeature2graph.cpp:3345 ProcessUpstreamFeatureRequest() Graph-URO:4_Graph:MCXSuperFG_Feature:RealTimeMCX: Submitting Feature Request Object with numRequests=1
06-11 23:48:47.291 I/ChiX    ( 1716): [ INFO][F2Req  ] chifeature2requestobject.cpp:951 SetCurRequestState() FRO-URO:4_MCXSuperFG:RealTimeMCX_0: FeatureRequest State [Initialized]->[ReadyToExecute] for RequestIndex:0
06-11 23:48:47.291 I/ChiX    ( 1716): [ INFO][F2Req  ] chifeature2requestobject.cpp:951 SetCurRequestState() FRO-URO:4_MCXSuperFG:RealTimeMCX_0: FeatureRequest State [ReadyToExecute]->[Executing] for RequestIndex:0
06-11 23:48:47.293 I/vendor.qti.camera.provider-service_64( 1716): vendor/qcom/proprietary/adsprpc/src/fastrpc_apps_user.c:1828: remote_handle64_open: opened handle 0xb400007d3d2da8d0 (remote 0x2d8670) for file:///libbitml_nsp_73na_skel.so?bitml_nsp_v2_domains_skel_handle_invoke&_modver=1.0&_dom=cdsp&_session=1 on domain 7 (spawn time 28611 us, load time 38055 us), refs 1
06-11 23:48:47.293 E/CamX    ( 1716): [ERROR][STATS_AWB] camxcawbssv1.cpp:100: Configure CID:[3] AWBSS: Disabling the feature due to subsampling module disabled.
06-11 23:48:47.295 E/CamX    ( 1716): [ERROR][NONE:    ] camxstatsroiprocessor.cpp:263: GetNormalizeROIInCrop AECFaceROI: no valid crop window information
06-11 23:48:47.296 I/CamX    ( 1716): [ INFO][HAL    ] camxsession.cpp:8825 InjectResult() Session 0xb400007b8d12ad10 [RealtimeDefault0] Inject result added early metadata in result holder for sequence ID : 0
06-11 23:48:47.297 I/CamX    ( 1716): [ INFO][HAL    ] camxhaldevice.cpp:357 ProcessCaptureResult() Returning framework result metadata only for frame: 0, Metadata: 0xb400007b3d802fd0
06-11 23:48:47.297 I/CamX    ( 1716): [ INFO][HAL    ] camxhal3.cpp:2232 process_capture_result() frame_number 0, partial_result 1, result 0xb400007b3d802fd0, num_physcam_metadata 0, num_output_buffers 0 priv_metadata 0x0
06-11 23:48:47.297 I/CamX    ( 1716): [CONFIG][SENSOR ] camxsensor.cpp:1698 ExecuteProcessRequest() Sensor[3] AEC:ApplyGains: RequestID=1[0], CSLSyncID:1, [Gain:ExpTime]:[Long: 300.000000, 66561048 ns][Mid: 0.000000, 0 ns][Short: 0.000000, 0 ns], LuxIdx = 480.981049, applyShort:0, applyMiddle: 0, isAEBEnabled: 0, ContextTypeID: 0, PDExposureType: 1, isEarlyPCR: 1
06-11 23:48:47.297 I/CamX    ( 1716): [CONFIG][SENSOR ] camxsensor.cpp:10773 PublishPerFrameSensorMetaData() Sensor[3] AppliedGains: ReqId[1], [Gain:ExpTime] [Long: 64.000000, 66561048 ns][Mid: 0.000000, 0 ns][Short: 0.000000, 0 ns][Sensitivity, Again, Dgain, ISPGain] [Long: 3200, 64.000000, 1.000000, 4.687500][Mid: 0, 0.000000, 0.000000, 0.000000][Short: 0, 0.000000, 0.000000, 0.000000]frameDuration: 66666666, ISO100Gain:2.000000, rollingShutterSkew: 32446134, FilterArrangement: 2, resID 1, ContextTypeID: 0, actualExposureTime[Long: 66561048, Middle: 0, Short: 0] shortFrameDelta 0
06-11 23:48:47.299 I/Camera2ClientBase( 1859): ~Camera2ClientBase: Client object's dtor for Camera Id 1 completed. Client was: com.google.android.as (PID 6856, UID 10138)
06-11 23:48:47.299 I/Camera2ClientBase( 1859): ~Camera2ClientBase: Client object's dtor for Camera Id 1 completed. Client was: com.google.android.as (PID 6856, UID 10138)
06-11 23:48:47.299 I/Camera3-Device( 1859): disconnectImpl: E
06-11 23:48:47.299 I/Camera3DeviceInjectionMethods( 1859): injectionDisconnectImpl: Injection camera disconnect
06-11 23:48:47.299 I/Camera3-Device( 1859): disconnectImpl: E
06-11 23:48:47.299 I/Camera3DeviceInjectionMethods( 1859): injectionDisconnectImpl: Injection camera disconnect
06-11 23:48:47.308 I/CamX    ( 1716): [CONFIG][SENSOR ] camxsensor.cpp:651 OnStreamOn() Sensor[3] m_initialRequestId=1 m_currentResolutionIndex: 1
06-11 23:48:47.308 I/CamX    ( 1716): [REQMAP][CORE   ] camxsession.cpp:7157 ProcessRequest() appFrameNum: 1  <==> chiFrameNum: 1  <==>  requestId: 2  <==>  sequenceId: 1  <==> CSLSyncId: 2 -- RealtimeDefault0_0_cam_3
06-11 23:48:46.887 I/CAM_ERR ( 8879): CAM-ISP: cam_ife_csid_ver2_drv_config: 8409: CSID:2 Failed to update drv config, init config not done
06-11 23:48:46.887 I/CAM_ERR ( 8879): CAM-PERF: cam_isp_mgr_drv_config: 599: DRV config failed req_id:1 i:1 hw_idx=2 rc:-22 ctx_idx: 7
06-11 23:48:46.887 I/CAM_ERR ( 8879): CAM-ISP: cam_ife_mgr_config_hw: 7772: DRV config failed for req: 1 rc:-22 ctx_idx=7
06-11 23:48:46.889 I/CAM_INFO( 8879): CAM-CSIPHY: cam_csiphy_update_lane_selection: 2056: lane_reg_addr: 0x1014, lane_assign: 0x3210, lane_enable: 0xd5, delay: 0
06-11 23:48:46.890 I/CAM_INFO( 8879): CAM-CSIPHY: cam_csiphy_core_cfg: 3189: CAM_START_PHYDEV: 4, CSID:2, Type: DPHY, dev_cnt: 1, slot: 0, combo: 0, cphy+dphy: 0, skew_en: 2, sec_mode: 0, Datarate: 1715200000, Settlecount: 27
06-11 23:48:47.309 I/CamX    ( 1716): [REQMAP][CORE   ] camxsession.cpp:7157 ProcessRequest() appFrameNum: 2  <==> chiFrameNum: 2  <==>  requestId: 3  <==>  sequenceId: 2  <==> CSLSyncId: 3 -- RealtimeDefault0_0_cam_3
06-11 23:48:47.309 I/CamX    ( 1716): [REQMAP][CORE   ] camxsession.cpp:7157 ProcessRequest() appFrameNum: 3  <==> chiFrameNum: 3  <==>  requestId: 4  <==>  sequenceId: 3  <==> CSLSyncId: 4 -- RealtimeDefault0_0_cam_3
06-11 23:48:47.310 I/CamX    ( 1716): [ INFO][HAL    ] camxsession.cpp:8825 InjectResult() Session 0xb400007b8d12ad10 [RealtimeDefault0] Inject result added early metadata in result holder for sequence ID : 1
06-11 23:48:47.310 I/CamX    ( 1716): [CONFIG][SENSOR ] camxsensor.cpp:1698 ExecuteProcessRequest() Sensor[3] AEC:ApplyGains: RequestID=2[0], CSLSyncID:2, [Gain:ExpTime]:[Long: 332.805267, 60000000 ns][Mid: 0.000000, 0 ns][Short: 0.000000, 0 ns], LuxIdx = 480.981049, applyShort:0, applyMiddle: 0, isAEBEnabled: 0, ContextTypeID: 0, PDExposureType: 1, isEarlyPCR: 0
06-11 23:48:47.311 I/CamX    ( 1716): [CONFIG][SENSOR ] camxsensor.cpp:10773 PublishPerFrameSensorMetaData() Sensor[3] AppliedGains: ReqId[2], [Gain:ExpTime] [Long: 64.000000, 59999945 ns][Mid: 0.000000, 0 ns][Short: 0.000000, 0 ns][Sensitivity, Again, Dgain, ISPGain] [Long: 3200, 64.000000, 1.000000, 5.200810][Mid: 0, 0.000000, 0.000000, 0.000000][Short: 0, 0.000000, 0.000000, 0.000000]frameDuration: 60097169, ISO100Gain:2.000000, rollingShutterSkew: 32446134, FilterArrangement: 2, resID 1, ContextTypeID: 0, actualExposureTime[Long: 59991550, Middle: 0, Short: 0] shortFrameDelta 0
06-11 23:48:47.311 I/CamX    ( 1716): [ INFO][HAL    ] camxhaldevice.cpp:357 ProcessCaptureResult() Returning framework result metadata only for frame: 1, Metadata: 0xb400007b3d802fd0
06-11 23:48:47.311 I/CamX    ( 1716): [ INFO][HAL    ] camxhal3.cpp:2232 process_capture_result() frame_number 1, partial_result 1, result 0xb400007b3d802fd0, num_physcam_metadata 0, num_output_buffers 0 priv_metadata 0x0
06-11 23:48:47.311 I/CamX    ( 1716): [ INFO][HAL    ] camxsession.cpp:8825 InjectResult() Session 0xb400007b8d12ad10 [RealtimeDefault0] Inject result added early metadata in result holder for sequence ID : 2
06-11 23:48:47.312 I/CamX    ( 1716): [CONFIG][SENSOR ] camxsensor.cpp:1698 ExecuteProcessRequest() Sensor[3] AEC:ApplyGains: RequestID=3[0], CSLSyncID:3, [Gain:ExpTime]:[Long: 332.805267, 60000000 ns][Mid: 0.000000, 0 ns][Short: 0.000000, 0 ns], LuxIdx = 480.981049, applyShort:0, applyMiddle: 0, isAEBEnabled: 0, ContextTypeID: 0, PDExposureType: 1, isEarlyPCR: 0
06-11 23:48:47.312 I/CamX    ( 1716): [ INFO][HAL    ] camxhaldevice.cpp:357 ProcessCaptureResult() Returning framework result metadata only for frame: 2, Metadata: 0xb400007b3d802fd0
06-11 23:48:47.312 I/CamX    ( 1716): [ INFO][HAL    ] camxhal3.cpp:2232 process_capture_result() frame_number 2, partial_result 1, result 0xb400007b3d802fd0, num_physcam_metadata 0, num_output_buffers 0 priv_metadata 0x0
06-11 23:48:47.312 I/CamX    ( 1716): [CONFIG][SENSOR ] camxsensor.cpp:10773 PublishPerFrameSensorMetaData() Sensor[3] AppliedGains: ReqId[3], [Gain:ExpTime] [Long: 64.000000, 59999945 ns][Mid: 0.000000, 0 ns][Short: 0.000000, 0 ns][Sensitivity, Again, Dgain, ISPGain] [Long: 3200, 64.000000, 1.000000, 5.200810][Mid: 0, 0.000000, 0.000000, 0.000000][Short: 0, 0.000000, 0.000000, 0.000000]frameDuration: 60097169, ISO100Gain:2.000000, rollingShutterSkew: 32446134, FilterArrangement: 2, resID 1, ContextTypeID: 0, actualExposureTime[Long: 59991550, Middle: 0, Short: 0] shortFrameDelta 0
06-11 23:48:47.312 I/sensors-hal( 1639): handle_sns_std_sensor_event:79, ambient_light_event: ssc_ts 0x21C31A43B62 hal_ts 120834476446014 lux 2.000 cct 5648.126 [30.000 900000.000 459442.000 290.000 22.063 21.533 4.427 86.867 102.739 -11.800 -14.658 -14.658 -13.573 -51.310]
06-11 23:48:46.891 I/CAM_INFO( 8879): CAM-SENSOR: cam_sensor_driver_cmd: 1705: 18:18:47.308 CAM_START_DEV Success for arbok_qtech_s5kjn1_front sensor_id:0x38e1,sensor_slave_addr:0x7a num_batched_frames:1
06-11 23:48:46.919 E/gsi soc (10058): qcom,msm_gsi: gsi_stop_channel:3679 chan=1 busy try again
06-11 23:48:46.921 E/gsi soc (10058): qcom,msm_gsi: gsi_stop_channel:3679 chan=14 busy try again
06-11 23:48:47.386 I/CamX    ( 1716): [CONFIG][SENSOR ] camxsensor.cpp:2109 NotifyCSLMessage() Sensor[3] reqID: 1 expStartTime: 120834497864986, refTimestamp: 120834564436596, MonoTimer: 120834564436596, SOFDelta:120834564436596 ns
06-11 23:48:47.386 I/CamX    ( 1716): [ INFO][HAL    ] camxpipeline.cpp:6755 SendShutterNotification() requestID 1, HDRFeatureModeInfo 0 m_lastSubmittedShutterRequestId: 0
06-11 23:48:47.386 I/CamX    ( 1716): [CONFIG][HAL    ] camxhaldevice.cpp:982 Notify() type 00000002, frame_number 0, timestamp 120834497864986, readoutTimestamp 120834564436596
06-11 23:48:47.386 I/CamX    ( 1716): [ INFO][HAL    ] camxpipeline.cpp:6887 SendShutterNotification() Shutter for sequence 0 requestID: 1
06-11 23:48:46.968 I/[    C1] CAM_INFO(    0): CAM-ISP: __cam_isp_ctx_sof_in_epoch: 4055: First SOF in EPCR ctx:7 link: 0x9c0307 frame_id:1 next substate EPOCH
06-11 23:48:46.988 E/ipa_pm_handle_suspend(  866): 1280 Client IPA_CLIENT_APPS_WAN_CONS woke up the system
06-11 23:48:47.412 I/sensors-hal( 1639): handle_sns_std_sensor_event:79, ambient_light_event: ssc_ts 0x21C31C159EC hal_ts 120834575839869 lux 2.000 cct 5648.126 [20.000 415000.000 459442.000 290.000 16.129 12.264 1.846 36.765 34.656 -13.554 -14.554 -14.554 -12.354 -44.143]
06-11 23:48:47.414 I/sensors-hal( 1639): handle_sns_std_sensor_event:70, ambient_light_back_event: ssc_ts 0x21C31C428E2 hal_ts 120834585426014 lux 0.000 ch0 0.000
06-11 23:48:47.422 I/CamX    ( 1716): [ INFO][HAL    ] camxsession.cpp:6662 ProcessResultMetadata() Finalized metadata result for session RealtimeDefault0 Sequence ID 0 mapped to framework id 0 pipeline 0 reqId 1
06-11 23:48:47.422 I/ChiX    ( 1716): [ INFO][F2Req  ] chifeature2graph.cpp:5059 ProcessResultMetadataMessage() Graph-URO:0_Graph:MCXSuperFG_Feature:RealTimeMCX_0: Internal ChiFeature2MessageType::MetadataNotification for requestIndex 0 isExclusive 1
06-11 23:48:47.422 I/ChiX    ( 1716): [ INFO][F2Req  ] chifeature2requestobject.cpp:3095 SetBufferInfo() FRO-URO:0_MCXSuperFG:RealtimePostProcessor_0 InputDependency Global Slot For GID [Session:0 Pipeline:0 Port:13 Type:1] BatchIndex:0 InputDependencyIndex:0, BufferHandle:0xb400007cdd3625a0, Error:0, Exclusive:1
06-11 23:48:47.423 I/ChiX    ( 1716): [ INFO][F2Req  ] chifeature2requestobject.cpp:951 SetCurRequestState() FRO-URO:0_MCXSuperFG:RealTimeMCX_0: FeatureRequest State [OutputResourcePending]->[OutputNotificationPending] for RequestIndex:0
06-11 23:48:47.423 I/ChiX    ( 1716): [ INFO][F2Req  ] chifeature2graph.cpp:5068 ProcessResultMetadataMessage() Graph-URO:0_Graph:MCXSuperFG_Feature:RealTimeMCX_0: Internal ChiFeature2MessageType::ImageBufferNotification for requestIndex 0
06-11 23:48:47.423 I/ChiX    ( 1716): [ INFO][F2Req  ] chifeature2requestobject.cpp:3095 SetBufferInfo() FRO-URO:0_MCXSuperFG:RealtimePostProcessor_0 InputDependency Global Slot For GID [Session:0 Pipeline:0 Port:0 Type:0] BatchIndex:0 InputDependencyIndex:0, BufferHandle:0xb400007cdd42f780, Error:0, Exclusive:0
06-11 23:48:47.423 I/ChiX    ( 1716): [ INFO][F2Req  ] chifeature2graph.cpp:5068 ProcessResultMetadataMessage() Graph-URO:0_Graph:MCXSuperFG_Feature:RealTimeMCX_0: Internal ChiFeature2MessageType::ImageBufferNotification for requestIndex 0
06-11 23:48:47.423 I/ChiX    ( 1716): [ INFO][F2Req  ] chifeature2requestobject.cpp:3095 SetBufferInfo() FRO-URO:0_MCXSuperFG:RealtimePostProcessor_0 InputDependency Global Slot For GID [Session:0 Pipeline:0 Port:5 Type:0] BatchIndex:0 InputDependencyIndex:0, BufferHandle:0xb400007cdd3b5ca0, Error:0, Exclusive:0
06-11 23:48:47.423 I/ChiX    ( 1716): [ INFO][F2Req  ] chifeature2graph.cpp:5068 ProcessResultMetadataMessage() Graph-URO:0_Graph:MCXSuperFG_Feature:RealTimeMCX_0: Internal ChiFeature2MessageType::ImageBufferNotification for requestIndex 0
06-11 23:48:47.423 I/ChiX    ( 1716): [ INFO][F2Req  ] chifeature2requestobject.cpp:3095 SetBufferInfo() FRO-URO:0_MCXSuperFG:RealtimePostProcessor_0 InputDependency Global Slot For GID [Session:0 Pipeline:0 Port:9 Type:0] BatchIndex:0 InputDependencyIndex:0, BufferHandle:0xb400007cdd3e9f00, Error:0, Exclusive:0
06-11 23:48:47.423 I/ChiX    ( 1716): [ INFO][F2Req  ] chifeature2requestobject.cpp:951 SetCurRequestState() FRO-URO:0_MCXSuperFG:RealtimePostProcessor_0: FeatureRequest State [InputResourcePending]->[InputResourcePendingScheduled] for RequestIndex:0
06-11 23:48:47.423 I/ChiX    ( 1716): [ INFO][F2Req  ] chifeature2requestobject.cpp:951 SetCurRequestState() FRO-URO:0_MCXSuperFG:RealtimePostProcessor_0: FeatureRequest State [InputResourcePendingScheduled]->[ReadyToExecute] for RequestIndex:0
06-11 23:48:47.423 I/ChiX    ( 1716): [ INFO][F2Req  ] chifeature2requestobject.cpp:951 SetCurRequestState() FRO-URO:0_MCXSuperFG:RealtimePostProcessor_0: FeatureRequest State [ReadyToExecute]->[Executing] for RequestIndex:0
06-11 23:48:47.423 I/ChiX    ( 1716): [ INFO][F2Req  ] chifeature2requestobject.cpp:951 SetCurRequestState() FRO-URO:4_MCXSuperFG:RealTimeMCX_0: FeatureRequest State [Executing]->[OutputResourcePending] for RequestIndex:0
06-11 23:48:47.423 I/ChiX    ( 1716): [ INFO][F2Req  ] chifeature2usecaserequestobject.h:281 SetRequestState() URO:4_Changing state from 0 to 2
06-11 23:48:47.423 E/CamX    ( 1716): [ERROR][NCS    ] camxncsintfois.cpp:642 FillCap() No Provider Object with cameraId: 3 available
06-11 23:48:47.423 E/CamX    ( 1716): [ERROR][CHI    ] camxchinodewrapper.cpp:7032 SetupOISLink() Unable to Query caps error CamxResultENoSuch
06-11 23:48:47.423 E/CamX    ( 1716): [ERROR][CORE   ] camxchinodewrapper.cpp:1376 FNGetDataSource() Setup NCS link failed
06-11 23:48:47.424 I/CamX    ( 1716): [ INFO][HAL    ] camxhal3.cpp:1992 process_capture_request() frame_number 5, settings 0x0, priv_settings 0x0, priv_result 0x0, num_priv_phy_result 0, num_output_buffers 1
06-11 23:48:47.424 I/CamX    ( 1716): [CONFIG][HAL    ] camxhal3.cpp:2024 process_capture_request()   output_buffers[0] : 0xb400007d3d2cbf10, buffer: 0x7de0e92198, priv: 0x0, status: 00000000, stream: 0xb400007b4d0de078
06-11 23:48:47.424 I/CamX    ( 1716): [ INFO][HAL    ] camxhaldevice.cpp:1826 ProcessCaptureRequest() CHIModule: Original framework framenumber 5 contains 1 output buffers
06-11 23:48:47.424 I/CamX    ( 1716): [REQMAP][CORE   ] camxsession.cpp:7157 ProcessRequest() appFrameNum: 4  <==> chiFrameNum: 4  <==>  requestId: 5  <==>  sequenceId: 4  <==> CSLSyncId: 5 -- RealtimeDefault0_0_cam_3
06-11 23:48:47.424 I/ChiX    ( 1716): [ INFO][F2Req  ] chifeature2usecaserequestobject.cpp:667 Initialize() Will use feature2mode value 0 from input setting
06-11 23:48:47.424 I/ChiX    ( 1716): [ INFO][F2Req  ] chifeature2usecaserequestobject.cpp:767 Initialize() URO:5_Created for usecasemode:1 numOutputs:1
06-11 23:48:47.424 I/CamX    ( 1716): [ INFO][HAL    ] camxsession.cpp:8825 InjectResult() Session 0xb400007b8d12ad10 [RealtimeDefault0] Inject result added early metadata in result holder for sequence ID : 3
06-11 23:48:47.424 I/ChiX    ( 1716): [ INFO][F2Req  ] chifeature2graph.cpp:1994 Initialize() Graph-URO:5_Graph:MCXSuperFG: nodes 2, srcChiStreams 0, sinkChiStreams 1, extSrcLinks 0, internalLinks 4, extSinkLinks 4, features 2
06-11 23:48:47.424 I/ChiX    ( 1716): [ INFO][F2Req  ] chifeature2graph.cpp:2081 Initialize() Graph-URO:5_Graph:MCXSuperFG: Node {RealTimeMCX_0} Ports {in 0/0, out 4/18} Links {total 4/8, extSrc 0/0, internal 4/4, extSink 0/4}
06-11 23:48:47.424 I/ChiX    ( 1716): [ INFO][F2Req  ] chifeature2graph.cpp:2081 Initialize() Graph-URO:5_Graph:MCXSuperFG: Node {RealtimePostProcessor_0} Ports {in 4/5, out 4/5} Links {total 8/8, extSrc 0/0, internal 4/4, extSink 4/4}
06-11 23:48:47.425 I/ChiX    ( 1716): [ INFO][F2Req  ] chifeature2graph.cpp:2331 WalkAllExtSinkLinks() Graph-URO:5_Graph:MCXSuperFG: Walking 4 sink links, m_extSinkPortIdToChiStreamMap size 1
06-11 23:48:47.425 I/ChiX    ( 1716): [ INFO][F2Req  ] chifeature2requestobject.cpp:158 InitializeRequestInfo() FRO-URO:5_MCXSuperFG:RealtimePostProcessor_0 : Outputs Requested for numRequests:1: Request:0 Port : (YUV_Preview_Out_External:0:0:0:3:0), (Meta_Out_External:0:0:2:3:1), 
06-11 23:48:47.425 I/ChiX    ( 1716): [ INFO][F2Req  ] chifeature2graph.cpp:3345 ProcessUpstreamFeatureRequest() Graph-URO:5_Graph:MCXSuperFG_Feature:RealtimePostProcessor: Submitting Feature Request Object with numRequests=1
06-11 23:48:47.425 I/ChiX    ( 1716): [ INFO][F2Req  ] chifeature2requestobject.cpp:951 SetCurRequestState() FRO-URO:5_MCXSuperFG:RealtimePostProcessor_0: FeatureRequest State [Initialized]->[ReadyToExecute] for RequestIndex:0
06-11 23:48:47.425 I/ChiX    ( 1716): [ INFO][F2Req  ] chifeature2requestobject.cpp:951 SetCurRequestState() FRO-URO:5_MCXSuperFG:RealtimePostProcessor_0: FeatureRequest State [ReadyToExecute]->[Executing] for RequestIndex:0
06-11 23:48:47.425 I/CamX    ( 1716): [CONFIG][SENSOR ] camxsensor.cpp:1698 ExecuteProcessRequest() Sensor[3] AEC:ApplyGains: RequestID=4[0], CSLSyncID:4, [Gain:ExpTime]:[Long: 332.805267, 60000000 ns][Mid: 0.000000, 0 ns][Short: 0.000000, 0 ns], LuxIdx = 481.248413, applyShort:0, applyMiddle: 0, isAEBEnabled: 0, ContextTypeID: 0, PDExposureType: 1, isEarlyPCR: 0
06-11 23:48:47.425 I/ChiX    ( 1716): [ INFO][F2Req  ] chifeature2requestobject.cpp:951 SetCurRequestState() FRO-URO:5_MCXSuperFG:RealtimePostProcessor_0: FeatureRequest State [Executing]->[InputResourcePending] for RequestIndex:0
06-11 23:48:47.425 I/ChiX    ( 1716): [ INFO][F2Req  ] chifeature2graph.cpp:4048 ProcessGetInputDependencyMessage() RealtimePostProcessor_0 Feature:Graph-URO:5_Graph:MCXSuperFG: ChiFeature2MessageType::GetInputDependency for batchIndex 0, numDependencies 1
06-11 23:48:47.425 I/CamX    ( 1716): [ INFO][HAL    ] camxhaldevice.cpp:357 ProcessCaptureResult() Returning framework result metadata only for frame: 3, Metadata: 0xb400007b3d802fd0
06-11 23:48:47.425 I/CamX    ( 1716): [ INFO][HAL    ] camxhal3.cpp:2232 process_capture_result() frame_number 3, partial_result 1, result 0xb400007b3d802fd0, num_physcam_metadata 0, num_output_buffers 0 priv_metadata 0x0
06-11 23:48:47.425 I/ChiX    ( 1716): [ INFO][F2Req  ] chifeature2requestobject.cpp:158 InitializeRequestInfo() FRO-URO:5_MCXSuperFG:RealTimeMCX_0 : Outputs Requested for numRequests:1: Request:0 Port : (FULL:0:0:0:3:0), (LongDS4:0:0:13:3:0), (LongDS16:0:0:15:3:0), (MetadataOutput_0:0:0:48:3:1), 
06-11 23:48:47.425 I/ChiX    ( 1716): [ INFO][F2Req  ] chifeature2graph.cpp:3345 ProcessUpstreamFeatureRequest() Graph-URO:5_Graph:MCXSuperFG_Feature:RealTimeMCX: Submitting Feature Request Object with numRequests=1
06-11 23:48:47.425 I/ChiX    ( 1716): [ INFO][F2Req  ] chifeature2requestobject.cpp:951 SetCurRequestState() FRO-URO:5_MCXSuperFG:RealTimeMCX_0: FeatureRequest State [Initialized]->[ReadyToExecute] for RequestIndex:0
06-11 23:48:47.425 I/ChiX    ( 1716): [ INFO][F2Req  ] chifeature2requestobject.cpp:951 SetCurRequestState() FRO-URO:5_MCXSuperFG:RealTimeMCX_0: FeatureRequest State [ReadyToExecute]->[Executing] for RequestIndex:0
06-11 23:48:47.426 I/CamX    ( 1716): [CONFIG][SENSOR ] camxsensor.cpp:10773 PublishPerFrameSensorMetaData() Sensor[3] AppliedGains: ReqId[4], [Gain:ExpTime] [Long: 64.000000, 59999945 ns][Mid: 0.000000, 0 ns][Short: 0.000000, 0 ns][Sensitivity, Again, Dgain, ISPGain] [Long: 3200, 64.000000, 1.000000, 5.200810][Mid: 0, 0.000000, 0.000000, 0.000000][Short: 0, 0.000000, 0.000000, 0.000000]frameDuration: 60097169, ISO100Gain:2.000000, rollingShutterSkew: 32446134, FilterArrangement: 2, resID 1, ContextTypeID: 0, actualExposureTime[Long: 59991550, Middle: 0, Short: 0] shortFrameDelta 0
06-11 23:48:47.432 I/ChiX    ( 1716): [ INFO][F2Req  ] chifeature2requestobject.cpp:951 SetCurRequestState() FRO-URO:0_MCXSuperFG:RealtimePostProcessor_0: FeatureRequest State [Executing]->[OutputResourcePending] for RequestIndex:0
06-11 23:48:47.432 I/CamX    ( 1716): [REQMAP][CORE   ] camxsession.cpp:7157 ProcessRequest() appFrameNum: 0  <==> chiFrameNum: 0  <==>  requestId: 1  <==>  sequenceId: 0  <==> CSLSyncId: 1 -- OfflineReprocess0_0_cam_3
06-11 23:48:47.432 I/CamX    ( 1716): [ INFO][HAL    ] camxpipeline.cpp:6755 SendShutterNotification() requestID 1, HDRFeatureModeInfo 0 m_lastSubmittedShutterRequestId: 0
06-11 23:48:47.432 I/CamX    ( 1716): [ INFO][HAL    ] camxpipeline.cpp:6887 SendShutterNotification() Shutter for sequence 0 requestID: 1
06-11 23:48:47.457 I/ChiX    ( 1716): [ INFO][F2Req  ] chifeature2graph.cpp:4318 ProcessReleaseInputDependencyMessage() Graph-URO:0_Graph:MCXSuperFG_Feature:RealtimePostProcessor_0: ChiFeature2MessageType::ReleaseInputDependency for batchIndex=0,numDependencies=1
06-11 23:48:47.457 I/ChiX    ( 1716): [ INFO][F2Req  ] chifeature2graph.cpp:4318 ProcessReleaseInputDependencyMessage() Graph-URO:0_Graph:MCXSuperFG_Feature:RealtimePostProcessor_0: ChiFeature2MessageType::ReleaseInputDependency for batchIndex=0,numDependencies=1
06-11 23:48:47.457 I/ChiX    ( 1716): [ INFO][F2Req  ] chifeature2graph.cpp:4318 ProcessReleaseInputDependencyMessage() Graph-URO:0_Graph:MCXSuperFG_Feature:RealtimePostProcessor_0: ChiFeature2MessageType::ReleaseInputDependency for batchIndex=0,numDependencies=1
06-11 23:48:47.458 I/CV      ( 1716): File: vendor/qcom/proprietary/cv-noship/eva/4.0/src/cpu/evaDmm.cpp Line: 3199 Function: evaDmmPrintCfgLd() Msg: LD0(IcaOutW-1,IcaOutH-1,EnXY,EnXC,En4Y,En4C,dsxCStartLocX,dsxYStartLocX)=(193,151,0,0,1,1,0,0)
06-11 23:48:47.458 I/CV      ( 1716): File: vendor/qcom/proprietary/cv-noship/eva/4.0/src/cpu/evaDmm.cpp Line: 3211 Function: evaDmmPrintCfgLd() Msg: LD0 PostDsxCrop(EnY,FLine,LLine,FPix,LPix),PostDs4Crop(EnY,EnC,FLine,LLine,FPix,LPix) =(0,0,151,0,0),(0,0,0,37,0,0)
06-11 23:48:47.458 I/CV      ( 1716): File: vendor/qcom/proprietary/cv-noship/eva/4.0/src/cpu/evaDmm.cpp Line: 3217 Function: evaDmmPrintCfgLd() Msg: LD0 PreDs4Crop(EnY,FLine,LLine,FPix,LPix)=(0,0,75,0,96)
06-11 23:48:47.458 I/CV      ( 1716): File: vendor/qcom/proprietary/cv-noship/eva/4.0/src/cpu/evaDmm.cpp Line: 3227 Function: evaDmmPrintCfgLd() Msg: LD1(IcaOutW-1,IcaOutH-1,EnXY,EnXC,En4Y,En4C,dsxCStartLocX,dsxYStartLocX)=(479,359,0,0,0,0,0,0)
06-11 23:48:47.458 I/CV      ( 1716): File: vendor/qcom/proprietary/cv-noship/eva/4.0/src/cpu/evaDmm.cpp Line: 3239 Function: evaDmmPrintCfgLd() Msg: LD1 PostDsxCrop(EnY,FLine,LLine,FPix,LPix), PostDs4Crop(EnY,EnC,FLine,LLine,FPix,LPix)=(0,0,359,0,0),(0,0,0,359,0,0)
06-11 23:48:47.458 I/CV      ( 1716): File: vendor/qcom/proprietary/cv-noship/eva/4.0/src/cpu/evaDmm.cpp Line: 3245 Function: evaDmmPrintCfgLd() Msg: LD1 PreDs4Crop(EnY,FLine,LLine,FPix,LPix)=(0,0,179,0,239)
06-11 23:48:47.465 I/CamX    ( 1716): [ INFO][HAL    ] camxsession.cpp:6662 ProcessResultMetadata() Finalized metadata result for session OfflineReprocess0 Sequence ID 0 mapped to framework id 0 pipeline 0 reqId 1
06-11 23:48:47.465 I/CamX    ( 1716): [ INFO][HAL    ] camxhaldevice.cpp:357 ProcessCaptureResult() Returning framework result metadata only for frame: 0, Metadata: 0xb400007b3981afd0
06-11 23:48:47.465 I/CamX    ( 1716): [ INFO][HAL    ] camxhal3.cpp:2232 process_capture_result() frame_number 0, partial_result 2, result 0xb400007b3981afd0, num_physcam_metadata 0, num_output_buffers 0 priv_metadata 0x0
06-11 23:48:47.469 I/CamX    ( 1716): [ INFO][HAL    ] camxsession.cpp:10255 QueryStreamHDRMode() Set stream HDR mode 0, pChiStream:0xb400007bad11ae50
06-11 23:48:47.469 I/CamX    ( 1716): [CONFIG][SENSOR ] camxsensor.cpp:2109 NotifyCSLMessage() Sensor[3] reqID: 0 expStartTime: 0, refTimestamp: 0, MonoTimer: 120834630929461, SOFDelta:66492865 ns
06-11 23:48:47.469 I/ChiX    ( 1716): [ INFO][F2Req  ] chifeature2requestobject.cpp:951 SetCurRequestState() FRO-URO:0_MCXSuperFG:RealtimePostProcessor_0: FeatureRequest State [OutputResourcePending]->[OutputNotificationPending] for RequestIndex:0
06-11 23:48:47.469 I/ChiX    ( 1716): [ INFO][F2Req  ] chifeature2graph.cpp:4318 ProcessReleaseInputDependencyMessage() Graph-URO:0_Graph:MCXSuperFG_Feature:RealtimePostProcessor_0: ChiFeature2MessageType::ReleaseInputDependency for batchIndex=0,numDependencies=1
06-11 23:48:47.470 I/ChiX    ( 1716): [ INFO][F2Req  ] chifeature2requestobject.cpp:951 SetCurRequestState() FRO-URO:0_MCXSuperFG:RealTimeMCX_0: FeatureRequest State [OutputNotificationPending]->[Complete] for RequestIndex:0
06-11 23:48:47.470 I/ChiX    ( 1716): [ INFO][F2Req  ] chifeature2graph.cpp:5123 NotifyExtSinkResult() Graph-URO:0_Graph:MCXSuperFG_Feature:RealtimePostProcessor_0: ExternalSinkChiFeature2MessageType::ImageBufferNotification
06-11 23:48:47.470 I/CamX    ( 1716): [ INFO][HAL    ] camxhaldevice.cpp:349 ProcessCaptureResult() Returning framework result Frame: 0, Metadata: 0x0, Stream 0xb400007b4d0de078, Fmt: 35 Width: 640 Height: 480
06-11 23:48:47.470 I/CamX    ( 1716): [ INFO][HAL    ] camxhal3.cpp:2232 process_capture_result() frame_number 0, partial_result 0, result 0x0, num_physcam_metadata 0, num_output_buffers 1 priv_metadata 0x0
06-11 23:48:47.470 I/CamX    ( 1716): [ INFO][HAL    ] camxhal3.cpp:2306 process_capture_result()     output_buffers[0] : 0xb400007d3d2b5f50, buffer: 0xb400007c0d374d98, priv: 0x0, status: 00000000, stream: 0xb400007b4d0de078 release_fence -1
06-11 23:48:47.470 E/cameraserver( 1859): Cannot find perfservice
06-11 23:48:47.035 I/[    C0] CAM_WARN(    0): CAM-ISP: __cam_isp_ctx_reg_upd_in_sof: 3804: Received a unserved rup ctx:7 link: 0x9c0307, last_applied_default:1, unserved_rup:0
06-11 23:48:47.053 E/SELinux (  913): avc:  denied  { find } for pid=1859 uid=1047 name=vendor.perfservice scontext=u:r:cameraserver:s0 tcontext=u:object_r:vendor_perf_service:s0 tclass=service_manager permissive=0
06-11 23:48:47.471 I/ChiX    ( 1716): [ INFO][F2Req  ] chifeature2requestobject.cpp:951 SetCurRequestState() FRO-URO:0_MCXSuperFG:RealtimePostProcessor_0: FeatureRequest State [OutputNotificationPending]->[Complete] for RequestIndex:0
06-11 23:48:47.471 I/ChiX    ( 1716): [ INFO][F2Req  ] chifeature2usecaserequestobject.h:281 SetRequestState() URO:0_Changing state from 2 to 3
06-11 23:48:47.471 I/CamX    ( 1716): [ INFO][HAL    ] camxsession.cpp:12010 ProcessMetabufferPendingQueue() Pending Queue pipeline OfflineReprocess0_0_cam_3 request 1 old = 1 last 1 delay 0 sequence 0 old 0 new 0 detachMetaForReq 1
06-11 23:48:47.513 I/CamX    ( 1716): [CONFIG][SENSOR ] camxsensor.cpp:2109 NotifyCSLMessage() Sensor[3] reqID: 2 expStartTime: 120834630867766, refTimestamp: 120834690869878, MonoTimer: 120834690869878, SOFDelta:59940417 ns
06-11 23:48:47.513 I/sensors-hal( 1639): handle_sns_std_sensor_event:79, ambient_light_event: ssc_ts 0x21C31DE76FF hal_ts 120834675214191 lux 1.000 cct 5648.126 [20.000 418800.000 459442.000 290.000 12.926 13.062 2.367 32.259 21.506 -14.477 -12.742 -12.742 -10.123 -50.694]
06-11 23:48:47.513 I/CamX    ( 1716): [ INFO][HAL    ] camxpipeline.cpp:6755 SendShutterNotification() requestID 2, HDRFeatureModeInfo 0 m_lastSubmittedShutterRequestId: 1
06-11 23:48:47.513 I/CamX    ( 1716): [CONFIG][HAL    ] camxhaldevice.cpp:982 Notify() type 00000002, frame_number 1, timestamp 120834630867766, readoutTimestamp 120834690869878
06-11 23:48:47.515 I/CamX    ( 1716): [ INFO][HAL    ] camxpipeline.cpp:6887 SendShutterNotification() Shutter for sequence 1 requestID: 2
06-11 23:48:47.551 I/CamX    ( 1716): [ INFO][HAL    ] camxsession.cpp:6662 ProcessResultMetadata() Finalized metadata result for session RealtimeDefault0 Sequence ID 1 mapped to framework id 1 pipeline 0 reqId 2
06-11 23:48:47.551 I/ChiX    ( 1716): [ INFO][F2Req  ] chifeature2graph.cpp:5059 ProcessResultMetadataMessage() Graph-URO:1_Graph:MCXSuperFG_Feature:RealTimeMCX_0: Internal ChiFeature2MessageType::MetadataNotification for requestIndex 0 isExclusive 1
06-11 23:48:47.551 I/ChiX    ( 1716): [ INFO][F2Req  ] chifeature2requestobject.cpp:3095 SetBufferInfo() FRO-URO:1_MCXSuperFG:RealtimePostProcessor_0 InputDependency Global Slot For GID [Session:0 Pipeline:0 Port:13 Type:1] BatchIndex:0 InputDependencyIndex:0, BufferHandle:0xb400007cdd36cc80, Error:0, Exclusive:1
06-11 23:48:47.551 I/ChiX    ( 1716): [ INFO][F2Req  ] chifeature2requestobject.cpp:951 SetCurRequestState() FRO-URO:1_MCXSuperFG:RealTimeMCX_0: FeatureRequest State [OutputResourcePending]->[OutputNotificationPending] for RequestIndex:0
06-11 23:48:47.551 I/ChiX    ( 1716): [ INFO][F2Req  ] chifeature2graph.cpp:5068 ProcessResultMetadataMessage() Graph-URO:1_Graph:MCXSuperFG_Feature:RealTimeMCX_0: Internal ChiFeature2MessageType::ImageBufferNotification for requestIndex 0
06-11 23:48:47.551 I/ChiX    ( 1716): [ INFO][F2Req  ] chifeature2requestobject.cpp:3095 SetBufferInfo() FRO-URO:1_MCXSuperFG:RealtimePostProcessor_0 InputDependency Global Slot For GID [Session:0 Pipeline:0 Port:0 Type:0] BatchIndex:0 InputDependencyIndex:0, BufferHandle:0xb400007cdd3c8e90, Error:0, Exclusive:0
06-11 23:48:47.551 I/ChiX    ( 1716): [ INFO][F2Req  ] chifeature2graph.cpp:5068 ProcessResultMetadataMessage() Graph-URO:1_Graph:MCXSuperFG_Feature:RealTimeMCX_0: Internal ChiFeature2MessageType::ImageBufferNotification for requestIndex 0
06-11 23:48:47.551 I/ChiX    ( 1716): [ INFO][F2Req  ] chifeature2requestobject.cpp:3095 SetBufferInfo() FRO-URO:1_MCXSuperFG:RealtimePostProcessor_0 InputDependency Global Slot For GID [Session:0 Pipeline:0 Port:5 Type:0] BatchIndex:0 InputDependencyIndex:0, BufferHandle:0xb400007cdd3fd0f0, Error:0, Exclusive:0
06-11 23:48:47.551 I/ChiX    ( 1716): [ INFO][F2Req  ] chifeature2graph.cpp:5068 ProcessResultMetadataMessage() Graph-URO:1_Graph:MCXSuperFG_Feature:RealTimeMCX_0: Internal ChiFeature2MessageType::ImageBufferNotification for requestIndex 0
06-11 23:48:47.551 I/ChiX    ( 1716): [ INFO][F2Req  ] chifeature2requestobject.cpp:3095 SetBufferInfo() FRO-URO:1_MCXSuperFG:RealtimePostProcessor_0 InputDependency Global Slot For GID [Session:0 Pipeline:0 Port:9 Type:0] BatchIndex:0 InputDependencyIndex:0, BufferHandle:0xb400007cdd3c0380, Error:0, Exclusive:0
06-11 23:48:47.551 I/ChiX    ( 1716): [ INFO][F2Req  ] chifeature2requestobject.cpp:951 SetCurRequestState() FRO-URO:1_MCXSuperFG:RealtimePostProcessor_0: FeatureRequest State [InputResourcePending]->[InputResourcePendingScheduled] for RequestIndex:0
06-11 23:48:47.552 I/ChiX    ( 1716): [ INFO][F2Req  ] chifeature2requestobject.cpp:951 SetCurRequestState() FRO-URO:1_MCXSuperFG:RealtimePostProcessor_0: FeatureRequest State [InputResourcePendingScheduled]->[ReadyToExecute] for RequestIndex:0
06-11 23:48:47.552 I/ChiX    ( 1716): [ INFO][F2Req  ] chifeature2requestobject.cpp:951 SetCurRequestState() FRO-URO:1_MCXSuperFG:RealtimePostProcessor_0: FeatureRequest State [ReadyToExecute]->[Executing] for RequestIndex:0
06-11 23:48:47.552 I/ChiX    ( 1716): [ INFO][F2Req  ] chifeature2requestobject.cpp:951 SetCurRequestState() FRO-URO:5_MCXSuperFG:RealTimeMCX_0: FeatureRequest State [Executing]->[OutputResourcePending] for RequestIndex:0
06-11 23:48:47.552 I/ChiX    ( 1716): [ INFO][F2Req  ] chifeature2requestobject.cpp:951 SetCurRequestState() FRO-URO:1_MCXSuperFG:RealtimePostProcessor_0: FeatureRequest State [Executing]->[OutputResourcePending] for RequestIndex:0
06-11 23:48:47.552 I/ChiX    ( 1716): [ INFO][F2Req  ] chifeature2usecaserequestobject.h:281 SetRequestState() URO:5_Changing state from 0 to 2
06-11 23:48:47.553 I/sensors-hal( 1639): handle_sns_std_sensor_event:70, ambient_light_back_event: ssc_ts 0x21C31EC1E4E hal_ts 120834721818306 lux 0.000 ch0 0.000
06-11 23:48:47.554 I/CamX    ( 1716): [REQMAP][CORE   ] camxsession.cpp:7157 ProcessRequest() appFrameNum: 1  <==> chiFrameNum: 1  <==>  requestId: 2  <==>  sequenceId: 1  <==> CSLSyncId: 2 -- OfflineReprocess0_0_cam_3
06-11 23:48:47.554 I/bt_shim_scanner( 3720): system/main/shim/le_scanning_manager.cc:376 BatchscanReadReports: in shim layer
06-11 23:48:47.554 I/CamX    ( 1716): [ INFO][HAL    ] camxpipeline.cpp:6755 SendShutterNotification() requestID 2, HDRFeatureModeInfo 0 m_lastSubmittedShutterRequestId: 1
06-11 23:48:47.554 I/CamX    ( 1716): [ INFO][HAL    ] camxpipeline.cpp:6887 SendShutterNotification() Shutter for sequence 1 requestID: 2
06-11 23:48:47.555 I/CamX    ( 1716): [ INFO][HAL    ] camxsession.cpp:8825 InjectResult() Session 0xb400007b8d12ad10 [RealtimeDefault0] Inject result added early metadata in result holder for sequence ID : 4
06-11 23:48:47.555 I/CamX    ( 1716): [ INFO][HAL    ] camxhal3.cpp:1992 process_capture_request() frame_number 6, settings 0x0, priv_settings 0x0, priv_result 0x0, num_priv_phy_result 0, num_output_buffers 1
06-11 23:48:47.555 I/CamX    ( 1716): [CONFIG][HAL    ] camxhal3.cpp:2024 process_capture_request()   output_buffers[0] : 0xb400007d3d2a0b10, buffer: 0x7de0e92198, priv: 0x0, status: 00000000, stream: 0xb400007b4d0de078
06-11 23:48:47.555 I/CamX    ( 1716): [ INFO][HAL    ] camxhaldevice.cpp:1826 ProcessCaptureRequest() CHIModule: Original framework framenumber 6 contains 1 output buffers
06-11 23:48:47.555 I/ChiX    ( 1716): [ INFO][F2Req  ] chifeature2usecaserequestobject.cpp:667 Initialize() Will use feature2mode value 0 from input setting
06-11 23:48:47.555 I/ChiX    ( 1716): [ INFO][F2Req  ] chifeature2usecaserequestobject.cpp:767 Initialize() URO:6_Created for usecasemode:1 numOutputs:1
06-11 23:48:47.555 I/CamX    ( 1716): [ INFO][HAL    ] camxhaldevice.cpp:357 ProcessCaptureResult() Returning framework result metadata only for frame: 4, Metadata: 0xb400007b3d802fd0
06-11 23:48:47.555 I/CamX    ( 1716): [ INFO][HAL    ] camxhal3.cpp:2232 process_capture_result() frame_number 4, partial_result 1, result 0xb400007b3d802fd0, num_physcam_metadata 0, num_output_buffers 0 priv_metadata 0x0
06-11 23:48:47.555 I/ChiX    ( 1716): [ INFO][F2Req  ] chifeature2graph.cpp:1994 Initialize() Graph-URO:6_Graph:MCXSuperFG: nodes 2, srcChiStreams 0, sinkChiStreams 1, extSrcLinks 0, internalLinks 4, extSinkLinks 4, features 2
06-11 23:48:47.556 I/ChiX    ( 1716): [ INFO][F2Req  ] chifeature2graph.cpp:2081 Initialize() Graph-URO:6_Graph:MCXSuperFG: Node {RealTimeMCX_0} Ports {in 0/0, out 4/18} Links {total 4/8, extSrc 0/0, internal 4/4, extSink 0/4}
06-11 23:48:47.556 I/ChiX    ( 1716): [ INFO][F2Req  ] chifeature2graph.cpp:2081 Initialize() Graph-URO:6_Graph:MCXSuperFG: Node {RealtimePostProcessor_0} Ports {in 4/5, out 4/5} Links {total 8/8, extSrc 0/0, internal 4/4, extSink 4/4}
06-11 23:48:47.556 I/ChiX    ( 1716): [ INFO][F2Req  ] chifeature2graph.cpp:2331 WalkAllExtSinkLinks() Graph-URO:6_Graph:MCXSuperFG: Walking 4 sink links, m_extSinkPortIdToChiStreamMap size 1
06-11 23:48:47.556 I/ChiX    ( 1716): [ INFO][F2Req  ] chifeature2requestobject.cpp:158 InitializeRequestInfo() FRO-URO:6_MCXSuperFG:RealtimePostProcessor_0 : Outputs Requested for numRequests:1: Request:0 Port : (YUV_Preview_Out_External:0:0:0:3:0), (Meta_Out_External:0:0:2:3:1), 
06-11 23:48:47.556 I/ChiX    ( 1716): [ INFO][F2Req  ] chifeature2graph.cpp:3345 ProcessUpstreamFeatureRequest() Graph-URO:6_Graph:MCXSuperFG_Feature:RealtimePostProcessor: Submitting Feature Request Object with numRequests=1
06-11 23:48:47.556 I/ChiX    ( 1716): [ INFO][F2Req  ] chifeature2requestobject.cpp:951 SetCurRequestState() FRO-URO:6_MCXSuperFG:RealtimePostProcessor_0: FeatureRequest State [Initialized]->[ReadyToExecute] for RequestIndex:0
06-11 23:48:47.556 I/ChiX    ( 1716): [ INFO][F2Req  ] chifeature2requestobject.cpp:951 SetCurRequestState() FRO-URO:6_MCXSuperFG:RealtimePostProcessor_0: FeatureRequest State [ReadyToExecute]->[Executing] for RequestIndex:0
06-11 23:48:47.556 I/CamX    ( 1716): [REQMAP][CORE   ] camxsession.cpp:7157 ProcessRequest() appFrameNum: 5  <==> chiFrameNum: 5  <==>  requestId: 6  <==>  sequenceId: 5  <==> CSLSyncId: 6 -- RealtimeDefault0_0_cam_3
06-11 23:48:47.556 I/CamX    ( 1716): [CONFIG][SENSOR ] camxsensor.cpp:1698 ExecuteProcessRequest() Sensor[3] AEC:ApplyGains: RequestID=5[0], CSLSyncID:5, [Gain:ExpTime]:[Long: 332.805267, 60000000 ns][Mid: 0.000000, 0 ns][Short: 0.000000, 0 ns], LuxIdx = 481.076996, applyShort:0, applyMiddle: 0, isAEBEnabled: 0, ContextTypeID: 0, PDExposureType: 1, isEarlyPCR: 0
06-11 23:48:47.556 I/ChiX    ( 1716): [ INFO][F2Req  ] chifeature2requestobject.cpp:951 SetCurRequestState() FRO-URO:6_MCXSuperFG:RealtimePostProcessor_0: FeatureRequest State [Executing]->[InputResourcePending] for RequestIndex:0
06-11 23:48:47.556 I/ChiX    ( 1716): [ INFO][F2Req  ] chifeature2graph.cpp:4048 ProcessGetInputDependencyMessage() RealtimePostProcessor_0 Feature:Graph-URO:6_Graph:MCXSuperFG: ChiFeature2MessageType::GetInputDependency for batchIndex 0, numDependencies 1
06-11 23:48:47.557 I/vendor.qti.bluetooth@1.0-ibs_handler( 1628): DeviceWakeUp: Writing IBS_WAKE_IND
06-11 23:48:47.557 I/ChiX    ( 1716): [ INFO][F2Req  ] chifeature2requestobject.cpp:158 InitializeRequestInfo() FRO-URO:6_MCXSuperFG:RealTimeMCX_0 : Outputs Requested for numRequests:1: Request:0 Port : (FULL:0:0:0:3:0), (LongDS4:0:0:13:3:0), (LongDS16:0:0:15:3:0), (MetadataOutput_0:0:0:48:3:1), 
06-11 23:48:47.557 I/ChiX    ( 1716): [ INFO][F2Req  ] chifeature2graph.cpp:3345 ProcessUpstreamFeatureRequest() Graph-URO:6_Graph:MCXSuperFG_Feature:RealTimeMCX: Submitting Feature Request Object with numRequests=1
06-11 23:48:47.557 I/ChiX    ( 1716): [ INFO][F2Req  ] chifeature2requestobject.cpp:951 SetCurRequestState() FRO-URO:6_MCXSuperFG:RealTimeMCX_0: FeatureRequest State [Initialized]->[ReadyToExecute] for RequestIndex:0
06-11 23:48:47.557 I/ChiX    ( 1716): [ INFO][F2Req  ] chifeature2requestobject.cpp:951 SetCurRequestState() FRO-URO:6_MCXSuperFG:RealTimeMCX_0: FeatureRequest State [ReadyToExecute]->[Executing] for RequestIndex:0
06-11 23:48:47.557 I/CamX    ( 1716): [CONFIG][SENSOR ] camxsensor.cpp:10773 PublishPerFrameSensorMetaData() Sensor[3] AppliedGains: ReqId[5], [Gain:ExpTime] [Long: 64.000000, 59999945 ns][Mid: 0.000000, 0 ns][Short: 0.000000, 0 ns][Sensitivity, Again, Dgain, ISPGain] [Long: 3200, 64.000000, 1.000000, 5.200810][Mid: 0, 0.000000, 0.000000, 0.000000][Short: 0, 0.000000, 0.000000, 0.000000]frameDuration: 60097169, ISO100Gain:2.000000, rollingShutterSkew: 32446134, FilterArrangement: 2, resID 1, ContextTypeID: 0, actualExposureTime[Long: 59991550, Middle: 0, Short: 0] shortFrameDelta 0
06-11 23:48:47.558 I/vendor.qti.bluetooth@1.0-ibs_handler( 1628): ProcessIbsCmd: Received IBS_WAKE_ACK: 0xFC
06-11 23:48:47.558 I/vendor.qti.bluetooth@1.0-ibs_handler( 1628): ProcessIbsCmd: Signal wack_cond_
06-11 23:48:47.558 I/vendor.qti.bluetooth@1.0-ibs_handler( 1628): ProcessIbsCmd: Received IBS_WAKE_ACK: 0xFC
06-11 23:48:47.558 I/vendor.qti.bluetooth@1.0-ibs_handler( 1628): ProcessIbsCmd: Signal wack_cond_
06-11 23:48:47.558 I/vendor.qti.bluetooth@1.0-ibs_handler( 1628): ProcessIbsCmd: Received IBS_WAKE_IND: 0xFD
06-11 23:48:47.558 I/vendor.qti.bluetooth@1.0-ibs_handler( 1628): ProcessIbsCmd: Writing IBS_WAKE_ACK
06-11 23:48:47.572 I/CamX    ( 1716): [CONFIG][SENSOR ] camxsensor.cpp:2109 NotifyCSLMessage() Sensor[3] reqID: 3 expStartTime: 120834690808234, refTimestamp: 120834750810346, MonoTimer: 120834750810346, SOFDelta:59940468 ns
06-11 23:48:47.572 I/CamX    ( 1716): [ INFO][HAL    ] camxpipeline.cpp:6755 SendShutterNotification() requestID 3, HDRFeatureModeInfo 0 m_lastSubmittedShutterRequestId: 2
06-11 23:48:47.572 I/CamX    ( 1716): [CONFIG][HAL    ] camxhaldevice.cpp:982 Notify() type 00000002, frame_number 2, timestamp 120834690808234, readoutTimestamp 120834750810346
06-11 23:48:47.573 I/CamX    ( 1716): [ INFO][HAL    ] camxpipeline.cpp:6887 SendShutterNotification() Shutter for sequence 2 requestID: 3
06-11 23:48:47.588 I/ChiX    ( 1716): [ INFO][F2Req  ] chifeature2graph.cpp:4318 ProcessReleaseInputDependencyMessage() Graph-URO:1_Graph:MCXSuperFG_Feature:RealtimePostProcessor_0: ChiFeature2MessageType::ReleaseInputDependency for batchIndex=0,numDependencies=1
06-11 23:48:47.589 I/ChiX    ( 1716): [ INFO][F2Req  ] chifeature2graph.cpp:4318 ProcessReleaseInputDependencyMessage() Graph-URO:1_Graph:MCXSuperFG_Feature:RealtimePostProcessor_0: ChiFeature2MessageType::ReleaseInputDependency for batchIndex=0,numDependencies=1
06-11 23:48:47.589 I/ChiX    ( 1716): [ INFO][F2Req  ] chifeature2graph.cpp:4318 ProcessReleaseInputDependencyMessage() Graph-URO:1_Graph:MCXSuperFG_Feature:RealtimePostProcessor_0: ChiFeature2MessageType::ReleaseInputDependency for batchIndex=0,numDependencies=1
06-11 23:48:47.596 I/CamX    ( 1716): [ INFO][HAL    ] camxsession.cpp:6662 ProcessResultMetadata() Finalized metadata result for session OfflineReprocess0 Sequence ID 1 mapped to framework id 1 pipeline 0 reqId 2
06-11 23:48:47.596 E/NtChgAidl( 1711): NtChgAidl: mBattTempRegion _aidl_return:0
06-11 23:48:47.178 E/healthd ( 1632): soc_b:29, soc:44, soc_c:44, Vol:3927, Cur:1337,chg_s:1,t_l:5,b_s:2,OffTlast:0,lcd_off:0,Vu:4660,Vw:0,pid:1632,brightness:1.119641,rmCap:2176
06-11 23:48:47.178 E/healthd ( 1632): battery l=44 v=3927 t=38.0 h=2 st=2 c=1337000 fc=5041000 cc=117 chg=a
06-11 23:48:47.597 I/CamX    ( 1716): [ INFO][HAL    ] camxhaldevice.cpp:357 ProcessCaptureResult() Returning framework result metadata only for frame: 1, Metadata: 0xb400007b3981afd0
06-11 23:48:47.597 I/CamX    ( 1716): [ INFO][HAL    ] camxhal3.cpp:2232 process_capture_result() frame_number 1, partial_result 2, result 0xb400007b3981afd0, num_physcam_metadata 0, num_output_buffers 0 priv_metadata 0x0
06-11 23:48:47.601 I/vendor.qti.bluetooth@1.0-ibs_handler( 1628): ProcessIbsCmd: Received IBS_SLEEP_IND: 0xFE
06-11 23:48:47.602 I/ChiX    ( 1716): [ INFO][F2Req  ] chifeature2requestobject.cpp:951 SetCurRequestState() FRO-URO:1_MCXSuperFG:RealtimePostProcessor_0: FeatureRequest State [OutputResourcePending]->[OutputNotificationPending] for RequestIndex:0
06-11 23:48:47.602 I/ChiX    ( 1716): [ INFO][F2Req  ] chifeature2graph.cpp:4318 ProcessReleaseInputDependencyMessage() Graph-URO:1_Graph:MCXSuperFG_Feature:RealtimePostProcessor_0: ChiFeature2MessageType::ReleaseInputDependency for batchIndex=0,numDependencies=1
06-11 23:48:47.602 I/ChiX    ( 1716): [ INFO][F2Req  ] chifeature2requestobject.cpp:951 SetCurRequestState() FRO-URO:1_MCXSuperFG:RealTimeMCX_0: FeatureRequest State [OutputNotificationPending]->[Complete] for RequestIndex:0
06-11 23:48:47.602 I/ChiX    ( 1716): [ INFO][F2Req  ] chifeature2graph.cpp:5123 NotifyExtSinkResult() Graph-URO:1_Graph:MCXSuperFG_Feature:RealtimePostProcessor_0: ExternalSinkChiFeature2MessageType::ImageBufferNotification
06-11 23:48:47.602 I/CamX    ( 1716): [ INFO][HAL    ] camxhaldevice.cpp:349 ProcessCaptureResult() Returning framework result Frame: 1, Metadata: 0x0, Stream 0xb400007b4d0de078, Fmt: 35 Width: 640 Height: 480
