06-11 23:51:12.843 W/fb4a.AppInitScheduler|Run(10242):   Finished GraphServiceEagerInit in 7ms
06-11 23:51:12.843 W/fb4a.AppInitScheduler|Schedule(10242):   Executing 215:InitPushabilityCheck
06-11 23:51:12.843 W/fb4a.AppInitScheduler|Schedule(10242):   Executing 366:PreloadReelsCsrForReelsTabStarts
06-11 23:51:12.843 W/fb4a.AppInitScheduler|Run(10242): Running InitPushabilityCheck, order=95, priorityHint=NORMAL 
06-11 23:51:12.843 W/fb4a.AppInitScheduler|Run(10242):   Finished InitPushabilityCheck in 0ms
06-11 23:51:12.843 W/fb4a.AppInitScheduler|Run(10242): Running ZeroLibraryInitializer, order=96, priorityHint=NORMAL 
06-11 23:51:12.843 W/fb4a.AppInitScheduler|Run(10242):   Finished ZeroLibraryInitializer in 0ms
06-11 23:51:12.843 W/fb4a.AppInitScheduler|Schedule(10242):   Executing 217:InitReliableMedia
06-11 23:51:12.843 W/fb4a.AppInitScheduler|Run(10242): Running InitReliableMedia, order=97, priorityHint=NORMAL 
06-11 23:51:12.844 W/fb4a.AppInitScheduler|Run(10242):   Finished PreloadTabPreloadablesBackgroundPrefetch in 8ms
06-11 23:51:12.844 W/fb4a.AppInitScheduler|Run(10242): Running InitTrafficNTS, order=100, priorityHint=NORMAL 
06-11 23:51:12.845 W/facebook.katana(10242): JNI RegisterNativeMethods: attempt to register 0 native methods for com.facebook.traffic.nts.providers.startup_signals.StartupSignalsProviderAppLayerUpcallsImpl
06-11 23:51:12.845 W/facebook.katana(10242): JNI RegisterNativeMethods: attempt to register 0 native methods for com.facebook.traffic.nts.providers.background.BackgroundV2TaskSchedulerCommonImpl
06-11 23:51:12.846 W/facebook.katana(10242): JNI RegisterNativeMethods: attempt to register 0 native methods for com.facebook.traffic.nts.providers.http.HttpProviderAppLayerUpcallsImpl
06-11 23:51:12.846 W/fb4a.AppInitScheduler|Run(10242):   Finished InitReliableMedia in 3ms
06-11 23:51:12.846 W/fb4a.AppInitScheduler|Run(10242): SKIP AppInit 366:PreloadReelsCsrForReelsTabStarts for start destination 6
06-11 23:51:12.846 W/fb4a.AppInitScheduler|Run(10242):   Finished PreloadReelsCsrForReelsTabStarts in 0ms
06-11 23:51:12.846 W/fb4a.AppInitScheduler|Run(10242): SKIP AppInit 375:PreloadVideoPrivateSharing for start destination 6
06-11 23:51:12.846 W/fb4a.AppInitScheduler|Run(10242):   Finished PreloadVideoPrivateSharing in 0ms
06-11 23:51:12.846 W/fb4a.AppInitScheduler|Run(10242): RUN AppInit 397:ScreenOnFeedPrefetch for start destination 6
06-11 23:51:12.846 W/fb4a.AppInitScheduler|Run(10242): Running ScreenOnFeedPrefetch, order=156, priorityHint=LOW 
06-11 23:51:12.846 W/fb4a.AppInitScheduler|Run(10242):   Finished ScreenOnFeedPrefetch in 0ms
06-11 23:51:12.846 W/fb4a.AppInitScheduler|Run(10242): Running SecondaryDexPreloaderBg, order=157, priorityHint=LOW 
06-11 23:51:12.848 W/fb4a.AppInitScheduler|Run(10242): Running SetupBlockingBackgroundComponentReporting, order=158, priorityHint=LOW 
06-11 23:51:12.849 W/fb4a.AppInitScheduler|Run(10242):   Finished SetupBlockingBackgroundComponentReporting in 1ms
06-11 23:51:12.849 W/fb4a.AppInitScheduler|Run(10242): Running StartupQPLReplayer, order=159, priorityHint=LOW 
06-11 23:51:12.849 W/fb4a.AppInitScheduler|Run(10242):   Finished StartupQPLReplayer in 0ms
06-11 23:51:12.849 W/fb4a.AppInitScheduler|Schedule(10242):   Executing 413:StartupQPLTransitToMatureStage
06-11 23:51:12.849 W/fb4a.AppInitScheduler|Run(10242): Running StartupQPLTransitToMatureStage, order=160, priorityHint=LOW 
06-11 23:51:12.850 W/fb4a.AppInitScheduler|Run(10242):   Finished StartupQPLTransitToMatureStage in 1ms
06-11 23:51:12.850 W/fb4a.AppInitScheduler|Run(10242): SKIP AppInit 446:VideoMetaCasper for start destination 6
06-11 23:51:12.850 W/fb4a.AppInitScheduler|Run(10242):   Finished VideoMetaCasper in 0ms
06-11 23:51:12.850 W/HWUI    (10242): Image decoding logging dropped!
06-11 23:51:12.852 I/SnapAlloc(10242): Graphics lib is available
06-11 23:51:12.853 W/fb4a.AppInitScheduler|Run(10242):   Finished ProfiloBridgeFactoryImpl in 75ms
06-11 23:51:12.854 W/facebook.katana(10242): JNI RegisterNativeMethods: attempt to register 0 native methods for com.facebook.traffic.nts.providers.radiosignal.RadioSignalProviderAppLayerUpcallsImpl
06-11 23:51:12.855 W/fb4a.AppInitScheduler|Run(10242):   Finished SecondaryDexPreloaderBg in 9ms
06-11 23:51:12.859 W/fb4a.AppInitScheduler|Run(10242):   Finished InitTrafficNTS in 15ms
06-11 23:51:12.861 W/fb4a.AppInitScheduler|Run(10242):   Finished PreloadStoriesTrayFetchController in 29ms
06-11 23:51:12.868 W/fb4a.AppInitScheduler|Run(10242):   Finished InitLacrimaLaterInit in 129ms
06-11 23:51:12.869 W/fb4a.lacrima(10242): FixedLengthFiles.init() called twice.
06-11 23:51:12.869 W/fb4a.lacrima(10242): FixedLengthFiles.init() called twice.
06-11 23:51:12.871 W/fb4a.QuickPerformanceLoggerModule(10242): Provided QPL: 231355682
06-11 23:51:12.872 I/AdrenoGLES-0(10242): PFP: 0x01500081, ME: 0x01500022
06-11 23:51:12.874 W/fb4a.AppInitScheduler|Run(10242):   Finished PreloadFeedDataLoader in 94ms
06-11 23:51:12.874 W/fb4a.AppInitScheduler|Run(10242):   Finished PreloadFeedFullCacheLoad in 94ms
06-11 23:51:12.874 W/fb4a.AppInitScheduler|Schedule(10242):   Executing 135:EagerInitFeedDataLoader
06-11 23:51:12.874 W/fb4a.AppInitScheduler|Run(10242): RUN AppInit 135:EagerInitFeedDataLoader for start destination 6
06-11 23:51:12.874 W/fb4a.AppInitScheduler|Run(10242): Running EagerInitFeedDataLoader, order=126, priorityHint=LOW 
06-11 23:51:12.874 W/fb4a.AppInitScheduler|Run(10242):   Finished EagerInitFeedDataLoader in 0ms
06-11 23:51:12.874 W/fb4a.AppInitScheduler|Schedule(10242):   Executing 370:PreloadStoriesTray
06-11 23:51:12.874 W/fb4a.AppInitScheduler|Run(10242): RUN AppInit 370:PreloadStoriesTray for start destination 6
06-11 23:51:12.874 W/fb4a.AppInitScheduler|Run(10242): Running PreloadStoriesTray, order=151, priorityHint=LOW 
06-11 23:51:12.874 W/fb4a.AppInitScheduler|Run(10242):   Finished PreloadStoriesTray in 0ms
06-11 23:51:12.874 W/fb4a.AppInitScheduler|Schedule(10242): Pending tasks reached zero, maybe shutting downâ€¦
06-11 23:51:12.874 W/fb4a.AppInitScheduler|Run(10242): All work finished.
06-11 23:51:12.459 I/servicemanager(  913): Caller(pid=10242,uid=10324,sid=u:r:untrusted_app:s0:c68,c257,c512,c768) Found vendor.qti.qspmhal.IQspmhal/default in device VINTF manifest.
06-11 23:51:12.878 I/qspmHal ( 1782): enter getGpuProf at: -1209354962
06-11 23:51:12.878 I/qspmHal ( 1782): PID 10242 from GFX matched.
06-11 23:51:12.878 I/qspmHal ( 1782): gpuProfName:com.facebook.katana-gpu - gpu prof_info.path:/data/vendor/gaming/com.facebook.katana-gpu
06-11 23:51:12.878 E/qspmHal ( 1782): GPU profile file NOT found !!
06-11 23:51:12.882 I/AdrenoUtils(10242): <ReadGpuID:366>: Reading chip ID through GSL
06-11 23:51:12.884 E/libEGL  (10242): call to OpenGL ES API with no current context (logged once per thread)
06-11 23:51:12.884 E/libEGL  (10242): call to OpenGL ES API with no current context (logged once per thread)
06-11 23:51:12.884 E/libEGL  (10242): call to OpenGL ES API with no current context (logged once per thread)
06-11 23:51:12.890 E/libEGL  (10242): call to OpenGL ES API with no current context (logged once per thread)
06-11 23:51:12.891 D/AChoreographer(10242): Attaching thread to JVM for AChoreographer
06-11 23:51:12.891 I/DisplayManager(10242): Choreographer implicitly registered for the refresh rate.
06-11 23:51:13.004 I/UpdateWidgetService( 9080): Received: android.intent.action.TIME_TICK
06-11 23:51:13.318 I/vendor.qti.hardware.servicetrackeraidl-service( 1740): unbindService is called for service : com.facebook.katana/com.facebook.analytics2.logger.legacy.uploader.LollipopUploadService and for client system
06-11 23:51:13.319 I/vendor.qti.hardware.servicetrackeraidl-service( 1740): size of service connections for service: com.facebook.katana/com.facebook.analytics2.logger.legacy.uploader.LollipopUploadServiceafter removal is 0
06-11 23:51:13.319 I/vendor.qti.hardware.servicetrackeraidl-service( 1740): size of client connections for client: systemafter removal is 24
06-11 23:51:13.319 I/vendor.qti.hardware.servicetrackeraidl-service( 1740): destroyService is called for service : com.facebook.katana/com.facebook.analytics2.logger.legacy.uploader.LollipopUploadService
06-11 23:51:13.324 I/ActivityManager( 2713): Killing 28902:com.google.android.apps.photos/u0a201 (adj 985): empty #49
06-11 23:51:13.331 I/ANDR-PWR-OPT( 1648): GAMEPOWEROPT: sendEvents() 234: Start hint for app com.google.android.apps.photos, hintID : 4243, hintID hex : 1093 value: 0
06-11 23:51:13.331 I/ANDR-PWR-OPT( 1648): PowerAppClassifier: getAppType() 59: checking app [com.google.android.apps.photos] is type 1
06-11 23:51:13.332 I/ANDR-PWR-OPT( 1648): GAMEPOWEROPT: isGame() 352: com.google.android.apps.photos is Game = 1
06-11 23:51:13.374 I/libprocessgroup( 2713): Removed cgroup /sys/fs/cgroup/apps/uid_10201/pid_28902
06-11 23:51:13.375 I/Zygote  ( 1535): Process 28902 exited due to signal 9 (Killed)
06-11 23:51:13.376 D/ConnectivityService( 2713): releasing NetworkRequest [ REQUEST id=19439, [ Capabilities: INTERNET&NOT_RESTRICTED&TRUSTED&NOT_VCN_MANAGED&NOT_BANDWIDTH_CONSTRAINED Uid: 10201 RequestorUid: 10201 RequestorPkg: com.google.android.apps.photos UnderlyingNetworks: Null] ] (release request)
06-11 23:51:13.376 E/AppOps  ( 2713): Bad call made by uid 1000. Package "com.google.android.apps.photos" does not belong to uid 1000.
06-11 23:51:13.376 W/BinderNative( 2713): Uncaught exception from death notification
06-11 23:51:13.376 W/BinderNative( 2713): java.lang.SecurityException: Specified package "com.google.android.apps.photos" under uid 1000 but it is not
06-11 23:51:13.376 W/BinderNative( 2713): 	at com.android.server.appop.AppOpsService.verifyAndGetBypass(AppOpsService.java:5270)
06-11 23:51:13.376 W/BinderNative( 2713): 	at com.android.server.appop.AppOpsService.verifyAndGetBypass(AppOpsService.java:5133)
06-11 23:51:13.376 W/BinderNative( 2713): 	at com.android.server.appop.AppOpsService.verifyAndGetBypass(AppOpsService.java:5107)
06-11 23:51:13.376 W/BinderNative( 2713): 	at com.android.server.appop.AppOpsService.verifyAndGetBypass(AppOpsService.java:5097)
06-11 23:51:13.376 W/BinderNative( 2713): 	at com.android.server.appop.AppOpsService.stopWatchingAsyncNoted(AppOpsService.java:3956)
06-11 23:51:13.376 W/BinderNative( 2713): 	at com.android.server.appop.AppOpsService.lambda$startWatchingAsyncNoted$8(AppOpsService.java:3932)
06-11 23:51:13.376 W/BinderNative( 2713): 	at com.android.server.appop.AppOpsService.$r8$lambda$8-LvphSu5hQo1Pm8R22O3seI00E(AppOpsService.java:0)
06-11 23:51:13.376 W/BinderNative( 2713): 	at com.android.server.appop.AppOpsService$$ExternalSyntheticLambda1.onInterfaceDied(R8$$SyntheticClass:0)
06-11 23:51:13.376 W/BinderNative( 2713): 	at android.os.RemoteCallbackList$Builder$1.onCallbackDied(RemoteCallbackList.java:337)
06-11 23:51:13.376 W/BinderNative( 2713): 	at android.os.RemoteCallbackList$Interface.binderDied(RemoteCallbackList.java:229)
06-11 23:51:13.376 W/BinderNative( 2713): 	at android.os.IBinder$DeathRecipient.binderDied(IBinder.java:340)
06-11 23:51:13.376 W/BinderNative( 2713): 	at android.os.BinderProxy.sendDeathNotice(BinderProxy.java:787)
06-11 23:51:13.377 I/vendor.qti.hardware.servicetrackeraidl-service( 1740): killProcess is called for pid : 28902
06-11 23:51:13.377 I/vendor.qti.hardware.servicetrackeraidl-service( 1740): process with pid 28902 is client
06-11 23:51:13.377 I/vendor.qti.hardware.servicetrackeraidl-service( 1740): size of service connections for service: com.google.android.gms/.chimera.PersistentDirectBootAwareApiServiceafter removal is 45
06-11 23:51:13.377 I/vendor.qti.hardware.servicetrackeraidl-service( 1740): removing client with pid 28902process namecom.google.android.apps.photos
06-11 23:51:13.378 I/ANDR-PWR-OPT( 1648): GAMEPOWEROPT: sendEvents() 234: Start hint for app com.google.android.apps.photos, hintID : 4243, hintID hex : 1093 value: 0
06-11 23:51:13.378 I/ANDR-PWR-OPT( 1648): PowerAppClassifier: getAppType() 59: checking app [com.google.android.apps.photos] is type 1
06-11 23:51:12.957 I/binder  ( 9065): undelivered transaction 51029181, process died.
06-11 23:51:12.957 I/binder  ( 9065): undelivered transaction 51045812, process died.
06-11 23:51:13.380 V/OsAgent ( 5116): broadcastSystemEvent - 7
06-11 23:51:12.957 I/binder  ( 9065): undelivered transaction 51050719, process died.
06-11 23:51:12.957 I/binder  ( 9065): undelivered transaction 51069760, process died.
06-11 23:51:12.957 I/binder  ( 9065): undelivered transaction 51095088, process died.
06-11 23:51:12.957 I/binder  ( 9065): undelivered transaction 51103652, process died.
06-11 23:51:12.957 I/binder  ( 9065): undelivered transaction 51110104, process died.
06-11 23:51:12.958 I/binder  ( 9065): undelivered transaction 51005371, process died.
06-11 23:51:13.572 W/AppOps  ( 2713): Noting op not finished: uid 10153 pkg com.google.android.gms code 113 startTime of in progress event=1781201975750
06-11 23:51:13.616 I/vendor.qti.hardware.servicetrackeraidl-service( 1740): bindService is called for service : com.google.android.gms/.chimera.PersistentDirectBootAwareApiService and for client com.google.android.gms.persistent
06-11 23:51:13.616 I/vendor.qti.hardware.servicetrackeraidl-service( 1740): total connections for service : com.google.android.gms/.chimera.PersistentDirectBootAwareApiServiceare :46
06-11 23:51:13.616 I/vendor.qti.hardware.servicetrackeraidl-service( 1740): total connections for client : com.google.android.gms.persistentare :7
06-11 23:51:13.667 W/fb4a.AppInitScheduler|Run(10242): DeadlockMonitor exiting.
06-11 23:51:13.296 E/gsi soc ( 9419): qcom,msm_gsi: gsi_stop_channel:3679 chan=1 busy try again
06-11 23:51:13.298 E/gsi soc ( 9419): qcom,msm_gsi: gsi_stop_channel:3679 chan=14 busy try again
06-11 23:51:13.388 E/ipa_pm_handle_suspend(14798): 1280 Client IPA_CLIENT_APPS_WAN_CONS woke up the system
06-11 23:51:13.847 W/facebook.katana(10242): JNI RegisterNativeMethods: attempt to register 0 native methods for com.facebook.traffic.nts.providers.reachability.ReachabilityV2ProviderAppLayerUpcallsImpl
06-11 23:51:13.849 D/ConnectivityService( 2713): requestNetwork for uid/pid:10324/10242 activeRequest: null callbackRequest: 19581 [NetworkRequest [ REQUEST id=19582, [ Capabilities: INTERNET&NOT_RESTRICTED&TRUSTED&NOT_VCN_MANAGED&NOT_BANDWIDTH_CONSTRAINED Uid: 10324 RequestorUid: 10324 RequestorPkg: com.facebook.katana UnderlyingNetworks: Null] ]] callback flags: 0 order: 2147483647 isUidTracked: false declaredMethods: AVAIL|LOST|NC|LP
06-11 23:51:13.856 D/WifiNetworkFactory( 2713): got request NetworkRequest [ REQUEST id=19582, [ Capabilities: INTERNET&NOT_RESTRICTED&TRUSTED&NOT_VCN_MANAGED&NOT_BANDWIDTH_CONSTRAINED Uid: 10324 RequestorUid: 10324 RequestorPkg: com.facebook.katana UnderlyingNetworks: Null] ]
06-11 23:51:13.856 D/UntrustedWifiNetworkFactory( 2713): got request NetworkRequest [ REQUEST id=19582, [ Capabilities: INTERNET&NOT_RESTRICTED&TRUSTED&NOT_VCN_MANAGED&NOT_BANDWIDTH_CONSTRAINED Uid: 10324 RequestorUid: 10324 RequestorPkg: com.facebook.katana UnderlyingNetworks: Null] ]
06-11 23:51:13.857 D/ConnectivityService( 2713): NetReassign [19582 : null â†’ 185] [c 0] [a 2] [i 5]
06-11 23:51:13.858 D/OemPaidWifiNetworkFactory( 2713): got request NetworkRequest [ REQUEST id=19582, [ Capabilities: INTERNET&NOT_RESTRICTED&TRUSTED&NOT_VCN_MANAGED&NOT_BANDWIDTH_CONSTRAINED Uid: 10324 RequestorUid: 10324 RequestorPkg: com.facebook.katana UnderlyingNetworks: Null] ]
06-11 23:51:13.858 D/MultiInternetWifiNetworkFactory( 2713): got request NetworkRequest [ REQUEST id=19582, [ Capabilities: INTERNET&NOT_RESTRICTED&TRUSTED&NOT_VCN_MANAGED&NOT_BANDWIDTH_CONSTRAINED Uid: 10324 RequestorUid: 10324 RequestorPkg: com.facebook.katana UnderlyingNetworks: Null] ]
06-11 23:51:13.591 E/gsi soc (15231): qcom,msm_gsi: gsi_stop_channel:3679 chan=1 busy try again
06-11 23:51:13.594 E/gsi soc (15231): qcom,msm_gsi: gsi_stop_channel:3679 chan=14 busy try again
06-11 23:51:14.844 W/fb4a.MultiSignalANRDetectorLacrima(10242): Pausing error state checks
06-11 23:51:14.820 E/gsi soc (15231): qcom,msm_gsi: gsi_stop_channel:3679 chan=1 busy try again
06-11 23:51:14.822 E/gsi soc (15231): qcom,msm_gsi: gsi_stop_channel:3679 chan=14 busy try again
06-11 23:51:14.973 E/ipa_pm_handle_suspend(  866): 1280 Client IPA_CLIENT_APPS_WAN_CONS woke up the system
06-11 23:51:15.746 W/facebook.katana(10242): Cleared Reference was only reachable from finalizer (only reported once)
06-11 23:51:15.749 W/facebook.katana(10242): userfaultfd: MOVE ioctl seems unsupported: Connection timed out
06-11 23:51:15.774 W/System  (10242): A resource failed to call close. 
06-11 23:51:15.775 W/fb4a.REm(10242): AsyncDrawable with url https://lookaside.facebook.com/ras/v2/?id=AQACHbcaDXk4&cfg=d$2.75x wasn't hidden before it was GC'd. Please call setVisible(false, ___ ) in View.onDetachedFromWindow()
06-11 23:51:15.548 E/gsi soc (15231): qcom,msm_gsi: gsi_stop_channel:3679 chan=1 busy try again
06-11 23:51:15.550 E/gsi soc (15231): qcom,msm_gsi: gsi_stop_channel:3679 chan=14 busy try again
06-11 23:51:16.015 I/CNSS    ( 2121): /sys/wifi/dump_in_progress doesn't exist
06-11 23:51:16.015 I/CNSS    ( 2121): /sys/wifi/max_chipset_log_size doesn't exist
06-11 23:51:17.442 D/[GF_HAL][Device]( 2386): [threadLoop] select return:1
06-11 23:51:17.442 D/KeyCombinationManager( 2713): interceptKeyLocked() keyCode:0 count:0 down:true isDefaultDisplayInteractive:false eventTime:98486432 mDownTimes={}
06-11 23:51:17.442 D/[GF_HAL][Device]( 2386): [handleNetlinkReceivedData] GF netlink thread received msg 7.
06-11 23:51:17.442 D/[GF_HAL][Device]( 2386): [ntDumpMsg]  EVENT_FINGER_DOWN  x:578  y:2537
06-11 23:51:17.442 I/[GF_HAL][HalUtils]( 2386): [postSem]sem value = 1
06-11 23:51:17.442 D/[GF_HAL][Sensor]( 2386): clear sensor UI done
06-11 23:51:17.442 D/[GF_HAL][EventCenter]( 2386): [postEvent] enqueue event<2>
06-11 23:51:17.442 D/WindowManager( 2713): interceptKeyBeforeQueueing event=KeyEvent { action=ACTION_DOWN, keyCode=KEYCODE_UNKNOWN, scanCode=249, metaState=0, flags=0x8, repeatCount=0, eventTime=98486432160000, downTime=98486432160000, deviceId=6, source=0x101, displayId=-1 }, interactive=false, keyguardActive=true, policyFlags=2000000, isInjected=false, isWakeKey=false, SUPPORT_NT_FP_ARCH=true
06-11 23:51:17.443 D/[GF_HAL][EventCenter]( 2386): [threadLoop] Get event 2 end
06-11 23:51:17.443 D/[GF_HAL][FingerprintCore]( 2386): [onEvent] event = 2 workstate = 2
06-11 23:51:17.443 D/[GF_HAL][FingerprintCore]( 2386): [onAuthDownEvt] Auth Down.
06-11 23:51:17.443 D/[GF_HAL][FingerprintPerf]( 2386): bindCpuCore: tid:2386 already bind big cpu core;
06-11 23:51:17.443 I/[GF_HAL][FingerprintFod]( 2386): LCD HBM on. hbmVlaue:1
06-11 23:51:17.443 D/[GF_HAL][FingerprintCore]( 2386): [notifyAcquiredInfo] acquired_info=1002
06-11 23:51:17.443 V/[Noth-Aidl][FakeFingerprintEngine]( 2386): [notify] enter
06-11 23:51:17.443 D/[Noth-Aidl][FakeFingerprintEngine]( 2386): FINGERPRINT_ACQUIRED onAcquired(7)
06-11 23:51:17.443 E/SurfaceFlinger( 1847): mHideCoverLayer: 0
06-11 23:51:17.444 V/[Noth-Aidl][FakeFingerprintEngine]( 2386): [notify] exit
06-11 23:51:17.445 D/[GF_HAL][SZSensor]( 2386): msg : 9
06-11 23:51:17.445 D/[GF_HAL][SZSensor]( 2386): [wakeupSensor] target = 1002 (GF_TARGET_SENSOR), cmd_id = 9 (GF_CMD_SNESOR_WAKEUP)
06-11 23:51:17.445 D/[GF_HAL][CaEntry]( 2386): [sendCommand] target: 1002, cmd id: 9
06-11 23:51:17.445 D/[GF_HAL][CaEntry]( 2386): [doSendCommand] request token: 3930, target: 1002, cmd id: 9
06-11 23:51:17.445 D/[GF_HAL][CaEntry]( 2386): [doSendCommand] carveout_ion_handle_fd = 0,carveout_ion_handle_len = 0 
06-11 23:51:17.445 V/Biometrics/AcquisitionClient( 2713): Acquired: 6 2, shouldSend: true
06-11 23:51:17.445 D/UdfpsController( 3541): onAcquired() acquiredInfo = [6]
06-11 23:51:17.447 D/BiometricStatusRepositoryImpl( 3541): authenticationState updated: Acquired(biometricSourceType=FINGERPRINT, requestReason=DeviceEntryAuthentication, acquiredInfo=6)
06-11 23:51:17.447 D/BiometricStatusRepositoryImpl( 3541): authenticationState updated: Help(biometricSourceType=FINGERPRINT, helpString=FINGER_DOWN, helpCode=1002, requestReason=DeviceEntryAuthentication)
06-11 23:51:17.448 D/WindowManager( 2713): setDozeOverrideFromDreamManager
06-11 23:51:17.024 D/[FTS_TS]fts_fod_report_key( 1241): KEY_GESTURE_FOD, 1. x:578, y:2537
06-11 23:51:17.024 I/goodix_fp( 1241): [nt_tp_notifier_callback] : TOUCHPANEL_FPEVENT_DOWN,event=0,x=578,y=2537
06-11 23:51:17.024 I/send message( 1241): 7
06-11 23:51:17.448 D/DisplayPowerController[0]( 2713): DisplayPowerRequest changed: policy=DOZE, useProximitySensor=false, screenBrightnessOverride=NaN, screenAutoBrightnessAdjustmentOverride=NaN, screenLowPowerBrightnessFactor=1.0, blockScreenOn=false, lowPowerMode=false, boostScreenBrightness=false, dozeScreenBrightness=NaN, dozeScreenState=ON, dozeScreenStateReason=DREAM_MANAGER, useNormalBrightnessForDoze=false, waitForNegativeProximity=false
06-11 23:51:17.448 D/Dragonite( 2713): acquire handle 24
06-11 23:51:17.448 D/Dragonite( 2713): sceneId = 101, pid = 3541, packageName = com.android.systemui, duration = 5000, params = null
06-11 23:51:17.449 D/NTBoosterController( 3541): execute sceneBoostAcquire id = 101, newHandle = 24, oldHandle = null
06-11 23:51:17.450 D/DozeTriggers( 3541): onDozeFingerprintDown: state = DOZE running = true mDisplayScreenState = 1
06-11 23:51:17.455 D/ScrimController( 3541): State changed to: PULSING getCaller:
06-11 23:51:17.455 D/DozeScreenState( 3541): messagePending: false, justInitialized: false, pulseEnding: false, turningOn: false, screenState: 2
06-11 23:51:17.455 D/DozeService( 3541): setDozeScreenState= state: 2, dozeScreenState: 1, cb: com.android.systemui.doze.DozeMachine$Service$Delegate.setDozeScreenState:721 com.android.systemui.doze.DozeMachine$Service$Delegate.setDozeScreenState:721 com.android.systemui.doze.DozeSuspendScreenStatePreventingAdapter.setDozeScreenState:40 com.android.systemui.doze.DozeScreenState.applyScreenState:463 com.android.systemui.doze.DozeScreenState.transitionTo:418 com.android.systemui.doze.DozeMachine.performTransitionOnComponents:443 com.android.systemui.doze.DozeMachine.transitionTo:406 com.android.systemui.doze.DozeMachine.requestState:313 
06-11 23:51:17.455 V/DreamService[DozeService]( 3541): UpdateDoze mDozeScreenState=2 mDozeScreenBrightness=18 mDozeScreenBrightnessFloat=NaN
06-11 23:51:17.456 D/KeyguardInteractor( 3541): isDozeOff: false
06-11 23:51:17.456 D/DreamManagerService( 2713): Dream requested to start dozing: android.os.Binder@b088476, screenState=ON, reason=UNKNOWN, screenBrightnessFloat=NaN, screenBrightnessInt=18, useNormalBrightnessForDoze=false
06-11 23:51:17.456 D/DisplayPowerController[0]( 2713): DisplayPowerRequest changed: policy=DOZE, useProximitySensor=false, screenBrightnessOverride=NaN, screenAutoBrightnessAdjustmentOverride=NaN, screenLowPowerBrightnessFactor=1.0, blockScreenOn=false, lowPowerMode=false, boostScreenBrightness=false, dozeScreenBrightness=0.06692913, dozeScreenState=ON, dozeScreenStateReason=UNKNOWN, useNormalBrightnessForDoze=false, waitForNegativeProximity=false
06-11 23:51:17.457 D/NTUdfpsView( 3541): isFingerDown false
06-11 23:51:17.457 I/DisplayPowerController[0]( 2713): Blocking screen on until initial contents have been drawn.
06-11 23:51:17.457 D/WindowManager( 2713): Remove SleepToken: tag=Display-off, displayId=0
06-11 23:51:17.457 D/DeviceEntryFaceAuthInteractor( 3541):  runFaceAuth:Face auth triggered due to finger down on UDFPS
06-11 23:51:17.457 E/UdfpsDisplayMode( 3541): enable | already requested
06-11 23:51:17.458 I/SensorService( 2713): [NothSensor] com.android.systemui Calling batch handle 655372 flags 0 rate 200000000 timeout 0
06-11 23:51:17.458 I/sensors-hal( 1639): batch:140, android.sensor.amblient_light_scene/655372, period=200000000, max_latency=0
06-11 23:51:17.458 I/sensors-hal( 1639): set_config:64, no need to adjust sample_period_ns due to reporting_mode = 2
06-11 23:51:17.458 I/sensors-hal( 1639): batch:149, android.sensor.amblient_light_scene/655372, period=200000000, max_latency=0 request completed
06-11 23:51:17.459 D/OomAdjuster( 2713): set group = 5
06-11 23:51:17.459 D/OomAdjuster( 2713): set cpuset: 5
06-11 23:51:17.459 D/BackgroundInstallControlService( 2713): Package event received: 0
06-11 23:51:17.459 I/DisplayPowerController( 2713): Window Manager Policy screenTurningOn complete
06-11 23:51:17.459 D/NtGlyphServiceImpl( 2713): notifyScreenState mScreenOn true
06-11 23:51:17.459 D/NothSensorHelper( 2713): notifyScreenState false screen true mode 1
06-11 23:51:17.459 D/NtAppUsageManager( 2713): No need to write old record
06-11 23:51:17.459 I/sensors-hal( 1639): activate:107, android.sensor.amblient_light_scene/655372 en=1
06-11 23:51:17.459 I/sensors-hal( 1639): acquire_qsh_interface:118, acquire_qsh_interface with sensor_id 28 , conn_type 1 
06-11 23:51:17.459 I/sensors-hal( 1639): acquire_qsh_interface:121, returning _shared_instance[SHARED_ON_CHANGE_WAKEUP].conn - wakeup 
06-11 23:51:17.459 I/sensors-hal( 1639): acquire_shared_instance:157, re-use existing connection for type 1 
06-11 23:51:17.459 I/sensors-hal( 1639): send_sensor_config_request:562, dt=ambient_light_scene: convert sample_period=200000000 to batch_period=200000
06-11 23:51:17.459 I/sensors-hal( 1639): send_sync_sensor_request:435, send sync request
06-11 23:51:17.459 I/DisplayBrightnessStrategySelector( 2713): Changing the DisplayBrightnessStrategy from ScreenOffBrightnessStrategy to DozeBrightnessStrategy for display 0
06-11 23:51:17.459 I/sensors-hal( 1639): send_sync_sensor_request:464, wait for notification of response
06-11 23:51:17.459 D/BackgroundInstallControlService( 2713): Package event received: 0
06-11 23:51:17.460 V/OsAgent ( 5116): broadcastSystemEvent - 7
06-11 23:51:17.459 D/BackgroundInstallControlService( 2713): Package event received: 0
06-11 23:51:17.460 V/DisplayPowerController[0]( 2713): Brightness [0.0] reason changing to: 'doze', previous reason: 'screen_off'.
06-11 23:51:17.460 I/DisplayPowerController[0]( 2713): BrightnessEvent: brt=0.0 (0.0%), nits= 2.0, lux=-1.0, reason=doze, strat=DozeBrightnessStrategy, state=ON, stateReason=DREAM_MANAGER, policy=DOZE, flags=, initBrt=0.0, rcmdBrt=NaN, preBrt=NaN, preLux=0.0, wasShortTermModelActive=false, autoBrightness=true (default), unclampedBrt=0.0, hbmMax=0.85836387, hbmMode=off, thrmMax=1.0, rbcStrength=25, powerFactor=1.0, physDisp=Built-in Screen(local:4630946765914633619), logicalId=0, slowChange=false, rampSpeed=0.0
06-11 23:51:17.460 I/MR2ServiceImpl( 2713): Updating composite discovery preference | preference: RouteDiscoveryRequest{ preferredFeatures={}, activeScan=false }, active routers: []
06-11 23:51:17.460 D/BackgroundInstallControlService( 2713): Package event received: 0
06-11 23:51:17.460 D/NtAppUsageManager( 2713): No need to write old record
06-11 23:51:17.461 I/SENSOR_EXTENSION( 1712): sns_sensor_extension_create_client with type 5
06-11 23:51:17.461 I/sensors-hal( 1639): qsh_conn_resp_cb:761, resp_value = 0 for ambient_light_scene 
06-11 23:51:17.461 I/sensors-hal( 1639): send_sync_sensor_request:470, takes 2 ms to receive the response with 0
06-11 23:51:17.461 I/sensors-hal( 1639): activate:118, android.sensor.amblient_light_scene/655372 en=1 completed
06-11 23:51:17.461 I/DisplayPowerController[0]( 2713): BrightnessEvent: brt=0.06692913 (45.0%), nits= 4.738593, lux=-1.0, reason=doze, strat=DozeBrightnessStrategy, state=ON, stateReason=UNKNOWN, policy=DOZE, flags=, initBrt=0.0, rcmdBrt=NaN, preBrt=NaN, preLux=0.0, wasShortTermModelActive=false, autoBrightness=true (default), unclampedBrt=0.06692913, hbmMax=0.85836387, hbmMode=off, thrmMax=1.0, rbcStrength=25, powerFactor=1.0, physDisp=Built-in Screen(local:4630946765914633619), logicalId=0, slowChange=false, rampSpeed=0.0
06-11 23:51:17.462 D/[GF_HAL][HalContext]( 2386): [invokeCommand] err = 0, errno = GF_SUCCESS
06-11 23:51:17.462 D/[GF_HAL][SZSensor]( 2386): msg : 28
06-11 23:51:17.462 D/[GF_HAL][Sensor]( 2386): [doWakeup] ### wakeup ###
06-11 23:51:17.462 D/[GF_HAL][HalUtils]( 2386): [waitSem]Wait 1500 ms
06-11 23:51:17.462 D/[GF_HAL][HalUtils]( 2386): [waitSem]Consume sem value(1).
06-11 23:51:17.462 E/SmcInvoke_MinkDescriptor( 2386): mem obj with id :22 not found in list
06-11 23:51:17.462 I/QTI PowerHAL( 1638): Power setMode: 7 to: 1
06-11 23:51:17.044 I/si-mo   ( 2619): mo_shm_bridge_release: mem-object-00000000716ead94 unmapped.
06-11 23:51:17.463 D/DozeScreenState( 3541): messagePending: false, justInitialized: false, pulseEnding: false, turningOn: false, screenState: 2
06-11 23:51:17.463 I/QTI PowerHAL( 1638): Got set_interactive hint
06-11 23:51:17.463 D/DozeService( 3541): setDozeScreenState= state: 2, dozeScreenState: 2, cb: com.android.systemui.doze.DozeMachine$Service$Delegate.setDozeScreenState:721 com.android.systemui.doze.DozeMachine$Service$Delegate.setDozeScreenState:721 com.android.systemui.doze.DozeSuspendScreenStatePreventingAdapter.setDozeScreenState:40 com.android.systemui.doze.DozeScreenState.applyScreenState:463 com.android.systemui.doze.DozeScreenState.transitionTo:418 com.android.systemui.doze.DozeMachine.performTransitionOnComponents:443 com.android.systemui.doze.DozeMachine.transitionTo:406 com.android.systemui.doze.DozeMachine.requestState:313 
06-11 23:51:17.463 D/DozeService( 3541): request state is same with current state, skip change request
06-11 23:51:17.463 D/KeyguardInteractor( 3541): isDozeOff: false
06-11 23:51:17.463 D/SurfaceFlinger( 1847): Setting power mode 2 on physical display 4630946765914633619
06-11 23:51:17.463 D/SurfaceFlinger( 1847): setPhysicalDisplayPowerMode: Optimizing thread scheduling: optimizeForPerformance
06-11 23:51:17.463 D/InsetsController( 3541): Setting requestedVisibleTypes to -9 (was -11)
06-11 23:51:17.464 I/DisplayDeviceRepository( 2713): Display device changed state: "Built-in Screen", ON
06-11 23:51:17.464 I/InputManager-JNI( 2713): Viewport [0] to add: local:4630946765914633619, isActive: true
06-11 23:51:17.464 I/DisplayDevice( 2713): [0] Layerstack set to 0 for local:4630946765914633619
06-11 23:51:17.464 D/DozeService( 3541): setDozeScreenState= state: 2, dozeScreenState: 2, cb: com.android.systemui.doze.DozeMachine$Service$Delegate.setDozeScreenState:721 com.android.systemui.doze.DozeMachine$Service$Delegate.setDozeScreenState:721 com.android.systemui.doze.DozeSuspendScreenStatePreventingAdapter.setDozeScreenState:40 com.android.systemui.doze.DozeMachine$1.handleMessage:600 android.os.Handler.dispatchMessage:110 android.os.Looper.loopOnce:283 android.os.Looper.loop:392 android.app.ActivityThread.main:9236 
06-11 23:51:17.464 D/DozeService( 3541): request state is same with current state, skip change request
06-11 23:51:17.464 I/SDM     ( 1723): SDMDisplay::SetPowerMode: display = 0, mode = 2
06-11 23:51:17.465 I/SDM     ( 1723): DisplayBase::SetDisplayState: Set state = 1, display 16777283-0, teardown = 0
06-11 23:51:17.048 D/[FTS_TS]fts_panel_notifier_callback( 1220): Notification type:2, early_trigger:1
06-11 23:51:17.465 I/SDM     ( 1723): HWDeviceDRM::NullCommit: Null commit succeeded crtc=176
06-11 23:51:17.048 D/[FTS_TS]fts_panel_notifier_callback( 1220): resume notification pre commit
06-11 23:51:17.465 I/SDM     ( 1723): DisplayBase::WaitForCompletion: Wait for cached retire fence to be in steady state
06-11 23:51:17.048 I/goodix_fp( 1220): [info] goodix_panel_state_chg_callback go to the goodix_fb_state_chg_callback type = 2
06-11 23:51:17.465 D/BrightnessThermalClamper( 2713): Thermal status observer already started
06-11 23:51:17.048 I/send message( 1220): 3
06-11 23:51:17.466 I/SENSOR_EXTENSION( 1712): Creating client connection successfully noth_extension(0x7feb0e1600)
06-11 23:51:17.466 I/SENSOR_EXTENSION( 1712): request suid sns_suid_req 19 sns_client_request_msg 54
06-11 23:51:17.466 I/SENSOR_EXTENSION( 1712): send sync msg to suid(low 12370169555311111083,high 12370169555311111083) msg_id#512
06-11 23:51:17.467 I/InputReader( 2713): Reconfiguring input devices, changes=DISPLAY_INFO
06-11 23:51:17.468 I/InputReader( 2713): Device reconfigured: id=6, name='fts_ts', size 1260x2800, orientation Rotation0, mode DIRECT, display id 0
06-11 23:51:17.468 D/[GF_HAL][Device]( 2386): [threadLoop] select return:1
06-11 23:51:17.468 D/[GF_HAL][Device]( 2386): [handleNetlinkReceivedData] GF netlink thread received msg 3.
06-11 23:51:17.468 D/[GF_HAL][Device]( 2386): [ntDumpMsg]  EVENT_SCREEN_ON
06-11 23:51:17.468 D/[GF_HAL][EventCenter]( 2386): [postEvent] enqueue event<-999>
06-11 23:51:17.049 I/[drm:dsi_display_set_mode [msm_drm]] [msm-dsi-info]( 1220): mdp_transfer_time=6485, hactive=1260, vactive=2800, fps=120, clk_rate=1100000000
06-11 23:51:17.049 I/[drm:dsi_ctrl_isr_configure [msm_drm]] [msm-dsi-info]( 1220): dsi-ctrl-0: IRQ 363 registered
06-11 23:51:17.468 I/SENSOR_EXTENSION( 1712): Received SUIDs for ambient_light number of suids received #1
06-11 23:51:17.469 W/IPCThreadState( 1859): Sending oneway calls to frozen process.
06-11 23:51:17.469 W/IPCThreadState( 1859): Sending oneway calls to frozen process.
06-11 23:51:17.469 I/SENSOR_EXTENSION( 1712): request suid by data_type ambient_light ret_req#1
06-11 23:51:17.469 I/SENSOR_EXTENSION( 1712): Found ambient_light suid(low 6053278222800536450,high 86843564809778832)
06-11 23:51:17.469 I/SENSOR_EXTENSION( 1712): sns_sensor_extension_create_client(0x7feb0e1600) successfully
06-11 23:51:17.469 I/SENSOR_EXTENSION( 1712): sensor_extension_exec_sync_int_int cmd(0x1) 0
06-11 23:51:17.469 I/SENSOR_EXTENSION( 1712): sync_int_int noth_sensor_extension_request size 81
06-11 23:51:17.469 I/SENSOR_EXTENSION( 1712): sync_int_int client_request_msg size 116
06-11 23:51:17.469 I/SENSOR_EXTENSION( 1712): send sync msg to suid(low 6053278222800536450,high 86843564809778832) msg_id#2801
06-11 23:51:17.470 I/SENSOR_EXTENSION( 1712): Received extension response@done(cmd 0x1 type 1) [70004/0/0/0/0]
06-11 23:51:17.471 D/QtiLinkBandwidthEstimator-0( 4005): handleMessage: 1
06-11 23:51:17.471 D/QtiLinkBandwidthEstimator-0( 4005): handleTrafficStatsPollConditionChanged
06-11 23:51:17.471 I/SENSOR_EXTENSION( 1712): sns_sensor_extension_release_client(0x7feb0e1600) successfully
06-11 23:51:17.471 I/SensorExtension( 1712): SERVER(SensorExtension) execSyncIntInt(...) 0xeb0e16f8
06-11 23:51:17.471 I/SensorExtensionImpl-AIDL( 2713): execSyncIntInt 70004 0 0 0 0 0 0 0 0 0 0 0 0 0 0 
06-11 23:51:17.471 I/NothSensorHelper( 2713): mNotifyScreenStateRunnable 1
06-11 23:51:17.471 V/AudioFlinger( 1833): setParameters(): io 0, keyvalue screen_state=on, calling pid 2713 calling uid 1000
06-11 23:51:17.471 D/QtiLinkBandwidthEstimator-0( 4005): isDataPacketsCaluclationOnEachSimSeperately : true
06-11 23:51:17.471 I/SensorService( 2713): [NothSensor] com.android.systemui Calling batch handle 82 flags 0 rate 20000000 timeout 0
06-11 23:51:17.471 I/SensorService( 2713): [NothProx] populate last event distance 5.000000 hal_ts 0x6DF3C6F26CED
06-11 23:51:17.471 V/AudioFlinger( 1833): setParameters: filtered keyvalue screen_state=on
06-11 23:51:17.472 D/DeviceHalAidl( 1833): [default] setParameters: parameters: "screen_state=on"
06-11 23:51:17.472 D/QtiLinkBandwidthEstimator-1( 4005): handleMessage: 1
06-11 23:51:17.472 I/SensorService( 2713): [NothProx] sendLastEvent distance 5.000000 ts 6DF3C6F26CED
06-11 23:51:17.472 D/QtiLinkBandwidthEstimator-1( 4005): handleTrafficStatsPollConditionChanged
06-11 23:51:17.472 D/QtiLinkBandwidthEstimator-1( 4005): Traffic status poll stopped
06-11 23:51:17.472 I/PAL: ResourceManager( 1645): setParameter: 11257: Screen State:1
06-11 23:51:17.472 I/sensors-hal( 1639): batch:140, android.sensor.proximity/82, period=20000000, max_latency=0
06-11 23:51:17.472 I/sensors-hal( 1639): set_config:64, no need to adjust sample_period_ns due to reporting_mode = 2
06-11 23:51:17.472 I/sensors-hal( 1639): send_sensor_config_request:562, dt=proximity: convert sample_period=20000000 to batch_period=20000
06-11 23:51:17.472 D/DeviceHalAidl( 1833): [usb] setParameters: parameters: "screen_state=on"
06-11 23:51:17.472 I/sensors-hal( 1639): send_sync_sensor_request:435, send sync request
06-11 23:51:17.472 I/sensors-hal( 1639): send_sync_sensor_request:464, wait for notification of response
06-11 23:51:17.472 D/AHAL_Module( 1645): updateScreenState: usb: 1
06-11 23:51:17.472 D/DeviceHalAidl( 1833): [r_submix] setParameters: parameters: "screen_state=on"
06-11 23:51:17.472 D/AHAL_Module( 1645): updateScreenState: r_submix: 1
06-11 23:51:17.473 D/DeviceHalAidl( 1833): [bluetooth] setParameters: parameters: "screen_state=on"
06-11 23:51:17.473 D/AHAL_Module( 1645): updateScreenState: bluetooth: 1
06-11 23:51:17.473 I/sensors-hal( 1639): qsh_conn_resp_cb:761, resp_value = 0 for proximity 
06-11 23:51:17.473 I/sensors-hal( 1639): send_sync_sensor_request:470, takes 1 ms to receive the response with 0
06-11 23:51:17.473 I/sensors-hal( 1639): batch:149, android.sensor.proximity/82, period=20000000, max_latency=0 request completed
06-11 23:51:17.475 D/SatelliteController( 4005): handleCmdUpdateNtnSignalStrengthReporting: ignore request, satellite is disabled
06-11 23:51:17.476 D/TelephonyManager( 4005): requestModemActivityInfo: Sending result to app: ModemActivityInfo{ mTimestamp=120984654 mSleepTimeMs=97691785 mIdleTimeMs=4506247 mActivityStatsTechSpecificInfo=[{mRat=UNKNOWN,mFrequencyRange=UNKNOWN,mTxTimeMs[]=[368879, 201049, 208211, 155012, 310053],mRxTimeMs=17536121}]}
06-11 23:51:17.476 D/QtiLinkBandwidthEstimator-0( 4005): handleMessage: 3
06-11 23:51:17.477 D/NtAudioGlyphServiceImpl( 2713): setScreenOn:true
06-11 23:51:17.480 D/WindowManager( 2713): DeferredDisplayUpdater: partially applying DisplayInfo(1260 x 2800) immediately
06-11 23:51:17.481 I/NearbyDiscovery(12870): (REDACTED) FastPairDisplayObserver: %s -> %s
06-11 23:51:17.481 I/DisplayPowerController[0]( 2713): Unblocked screen on after 24 ms
06-11 23:51:17.481 D/NtAppUsageManager( 2713): No need to write old record
06-11 23:51:17.481 I/NearbyDiscovery(12870): (REDACTED) PureOffloadFastPairScanner: eventType=%s, isInternalReq=%s, isScanning=%s, isScanningAllowed=%s
06-11 23:51:17.481 I/NearbyDiscovery(12870): (REDACTED) ApFastPairScanner: isScreenOn=%s, isLocationEnabled=%s, disableLocationRequirement=%s, isDiscoveryScanningEnabled=%s, during24GhzWifiWarmingUpPeriod=%s
06-11 23:51:17.481 D/BluetoothAdapter(12870): isLeEnabled(): ON
06-11 23:51:17.481 I/NearbyDiscovery(12870): (REDACTED) ApFastPairScanner: eventType=%s, intReq=%s, scanning=%s, scanAllowed=%s, bleEnabled=%s, lockScanRate=%s, startScanningByLowPowerMode=%s
06-11 23:51:17.484 W/IPCThreadState( 2713): Sending oneway calls to frozen process.
06-11 23:51:17.485 W/IPCThreadState( 2713): Sending oneway calls to frozen process.
06-11 23:51:17.485 W/IPCThreadState( 2713): Sending oneway calls to frozen process.
06-11 23:51:17.485 W/IPCThreadState( 2713): Sending oneway calls to frozen process.
06-11 23:51:17.485 W/IPCThreadState( 2713): Sending oneway calls to frozen process.
06-11 23:51:17.485 W/IPCThreadState( 2713): Sending oneway calls to frozen process.
06-11 23:51:17.485 W/IPCThreadState( 2713): Sending oneway calls to frozen process.
06-11 23:51:17.486 I/PkDeviceHelper(23068): PkDeviceHelper.refreshDevices():87 refreshing devices
06-11 23:51:17.099 I/[drm:dsi_panel_enable [msm_drm]] [msm-dsi-info]( 1220): in
06-11 23:51:17.530 I/sensors-hal( 1639): qsh_conn_event_cb:688, SCHED_FIFO(10) for qmi_cbk
06-11 23:51:17.530 I/sensors-hal( 1639): qsh_conn_event_cb:724, event[0] sensor:ambient_light_scene  Wakeup msg_id=1025, ts=2322999471138
06-11 23:51:17.530 I/sensors-hal( 1639): handle_sns_std_sensor_event:61, ambient_light_scene_event: ssc_ts 0x21CDD8EEC22 hal_ts 120984699602873 data 0, 0
06-11 23:51:17.212 D/[FTS_TS]fts_panel_notifier_callback( 1220): Notification type:2, early_trigger:0
06-11 23:51:17.212 D/[FTS_TS]fts_ts_resume( 9419): Enter
06-11 23:51:17.213 I/[FTS_TS/I]fts_wait_tp_to_valid( 9419): TP Ready,Device ID:0x56
06-11 23:51:17.213 D/[FTS_TS]fts_gesture_resume( 9419): Enter
06-11 23:51:17.631 I/SDM     ( 1723): DisplayBase::PostSetDisplayState: active 1-1 state 1-1 pending_power_state_ 0
06-11 23:51:17.632 D/SurfaceFlinger( 1847): Finished setting power mode 2 on physical display 4630946765914633619
06-11 23:51:17.633 D/SurfaceControl( 2713): Excessive delay in setPowerMode()
06-11 23:51:17.634 I/InputDispatcher( 2713): No new touched window at (567.5, 2587.1) in display 0
06-11 23:51:17.634 I/InputDispatcher( 2713): Dropping event because there is no touchable window at (567.55, 2587.08) on display 0: MotionEvent
06-11 23:51:17.219 I/[FTS_TS/I]fts_gesture_resume( 9419): resume from gesture successfully
06-11 23:51:17.219 D/[FTS_TS]fts_gesture_resume( 9419): Exit(479)
06-11 23:51:17.643 I/SnapAlloc( 1723): Using graphics libs for alignment calculations
06-11 23:51:17.645 D/NtAppUsageManager( 2713): No need to write old record
06-11 23:51:17.648 D/[GF_HAL][Device]( 2386): [threadLoop] select return:1
06-11 23:51:17.648 D/[GF_HAL][Device]( 2386): [handleNetlinkReceivedData] GF netlink thread received msg 9.
06-11 23:51:17.225 I/[FTS_TS/I]fts_fod_resume( 9419): fts_fod_resume set gesture to DISABLE successfully
06-11 23:51:17.225 I/[FTS_TS/I]fts_ex_mode_switch( 9419): Charger Mode: wired_charger
06-11 23:51:17.225 I/[FTS_TS/I]fts_ex_mode_switch( 9419): PalmToSleep Mode Enable
06-11 23:51:17.226 E/gsi soc (10058): qcom,msm_gsi: gsi_stop_channel:3679 chan=1 busy try again
06-11 23:51:17.229 I/[drm:dsi_panel_set_lhbm_state [msm_drm]] [msm-dsi-info]( 1220): open local hbm
06-11 23:51:17.229 I/goodix_fp( 1220): [nt_dsi_notifier_callback] :FP_NOTIFIER_EVENT_UI hbm_status=1,ui_status=1
06-11 23:51:17.229 I/send message( 1220): 9
06-11 23:51:17.229 I/goodix_fp( 1220): [nt_dsi_notifier_callback]:FP_NOTIFIER_EVENT_UI FP_UI_READY #^_^#
06-11 23:51:17.229 E/gsi soc (10058): qcom,msm_gsi: gsi_stop_channel:3679 chan=14 busy try again
06-11 23:51:17.240 D/[FTS_TS]fts_ts_resume( 9419): Exit(2092)
06-11 23:51:17.698 D/[GF_HAL][Device]( 2386): [ntDumpMsg]  EVENT_UI_READY  hbm_status:1  ui_status:1, mDelay: 50 
06-11 23:51:17.698 D/[GF_HAL][Sensor]( 2386): [setSensorUIReady] UI ready
06-11 23:51:17.698 I/[GF_HAL][HalUtils]( 2386): [postSem]sem value = 0
06-11 23:51:17.698 D/[GF_HAL][HalUtils]( 2386): [waitSem]Wait exit, ret = 0.
06-11 23:51:17.698 D/[GF_HAL][FingerprintCore]( 2386): [onAuthDownEvt] Begin capture after finger down 254 ms.
06-11 23:51:17.698 D/[GF_HAL][CaEntry]( 2386): [sendCommand] target: 1002, cmd id: 3
06-11 23:51:17.698 D/[GF_HAL][CaEntry]( 2386): [doSendCommand] request token: 3931, target: 1002, cmd id: 3
06-11 23:51:17.698 D/[GF_HAL][CaEntry]( 2386): [doSendCommand] carveout_ion_handle_fd = 0,carveout_ion_handle_len = 0 
06-11 23:51:17.767 E/SmcInvoke_MinkDescriptor( 2386): mem obj with id :22 not found in list
06-11 23:51:17.767 D/[GF_HAL][HalContext]( 2386): [invokeCommand] err = 0, errno = GF_SUCCESS
06-11 23:51:17.767 W/libc    ( 2386): Access denied finding property "fingerprint.disable.study"
06-11 23:51:17.767 D/[GF_HAL][ShenzhenAlgo]( 2386): [getDisableStudyFlag] fingerprint.disable.study=0
06-11 23:51:17.767 D/[GF_HAL][CaEntry]( 2386): [sendCommand] target: 1001, cmd id: 2
06-11 23:51:17.767 D/[GF_HAL][CaEntry]( 2386): [doSendCommand] request token: 3932, target: 1001, cmd id: 2
06-11 23:51:17.767 D/[GF_HAL][CaEntry]( 2386): [doSendCommand] carveout_ion_handle_fd = 0,carveout_ion_handle_len = 0 
06-11 23:51:17.763 W/vendor.nothing.( 2386): type=1400 audit(0.0:38178): avc:  denied  { read } for  name="u:object_r:default_prop:s0" dev="tmpfs" ino=202 scontext=u:r:hal_fingerprint_default:s0 tcontext=u:object_r:default_prop:s0 tclass=file permissive=0
06-11 23:51:17.349 I/si-mo   ( 2619): mo_shm_bridge_release: mem-object-00000000716ead94 unmapped.
06-11 23:51:17.773 W/fb4a.PeriodicThreadBoost(10242): Periodic thread booster disabled by MC
06-11 23:51:17.781 W/soft_error.cpp(10242): [DGWClientConfig] : sgConnectTimeout: value 0 outside valid range [1, 120] <force_oncall:mi_client_infra:force_oncall>
06-11 23:51:17.781 W/soft_error.cpp(10242): [DGWClientConfig] : sgPingTimeout: value 0 outside valid range [1, 60] <force_oncall:mi_client_infra:force_oncall>
06-11 23:51:17.781 W/soft_error.cpp(10242): [DGWClientConfig] : tunnelConnectTimeout: value 0 outside valid range [1, 120] <force_oncall:mi_client_infra:force_oncall>
06-11 23:51:17.781 W/soft_error.cpp(10242): [DGWClientConfig] : tunnelConnectAckTimeout: value 0 outside valid range [1, 120] <force_oncall:mi_client_infra:force_oncall>
06-11 23:51:17.784 W/JobInfo (10242): Job 'com.facebook.katana/com.facebook.analytics2.logger.legacy.uploader.LollipopUploadService#2131366273' has a deadline with functional constraints and an extremely short time window of 0 ms (delay=10800000, deadline=10800000). The functional constraints are not likely to be satisfied when the job runs.
06-11 23:51:17.785 W/JobInfo (10242): Job 'com.facebook.katana/com.facebook.analytics2.logger.legacy.uploader.LollipopUploadService#2131366273' has a deadline with functional constraints and an extremely short time window of 0 ms (delay=10800000, deadline=10800000). The functional constraints are not likely to be satisfied when the job runs.
06-11 23:51:17.786 W/JobInfo ( 2713): Job 'com.facebook.katana/com.facebook.analytics2.logger.legacy.uploader.LollipopUploadService#2131366273' has a deadline with functional constraints and an extremely short time window of 0 ms (delay=10800000, deadline=10800000). The functional constraints are not likely to be satisfied when the job runs.
06-11 23:51:17.786 W/JobInfo ( 2713): Job 'com.facebook.katana/com.facebook.analytics2.logger.legacy.uploader.LollipopUploadService#2131366273' has a deadline with functional constraints and an extremely short time window of 0 ms (delay=10800000, deadline=10800000). The functional constraints are not likely to be satisfied when the job runs.
06-11 23:51:17.786 W/JobInfo ( 2713): Job 'com.facebook.katana/com.facebook.analytics2.logger.legacy.uploader.LollipopUploadService#2131366273' has a deadline with functional constraints and an extremely short time window of 0 ms (delay=10800000, deadline=10800000). The functional constraints are not likely to be satisfied when the job runs.
06-11 23:51:17.787 W/JobInfo ( 2713): Job 'com.facebook.katana/com.facebook.analytics2.logger.legacy.uploader.LollipopUploadService#2131366273' has a deadline with functional constraints and an extremely short time window of 0 ms (delay=10800000, deadline=10800000). The functional constraints are not likely to be satisfied when the job runs.
06-11 23:51:17.814 D/ConnectivityService( 2713): requestNetwork for uid/pid:10324/10242 activeRequest: null callbackRequest: 19583 [NetworkRequest [ REQUEST id=19584, [ Capabilities: INTERNET&NOT_RESTRICTED&TRUSTED&NOT_VCN_MANAGED&NOT_BANDWIDTH_CONSTRAINED Uid: 10324 RequestorUid: 10324 RequestorPkg: com.facebook.katana UnderlyingNetworks: Null] ]] callback flags: 0 order: 2147483647 isUidTracked: false declaredMethods: AVAIL|LOST|NC
06-11 23:51:17.816 D/ConnectivityService( 2713): NetReassign [19584 : null â†’ 185] [c 0] [a 1] [i 1]
06-11 23:51:17.816 D/WifiNetworkFactory( 2713): got request NetworkRequest [ REQUEST id=19584, [ Capabilities: INTERNET&NOT_RESTRICTED&TRUSTED&NOT_VCN_MANAGED&NOT_BANDWIDTH_CONSTRAINED Uid: 10324 RequestorUid: 10324 RequestorPkg: com.facebook.katana UnderlyingNetworks: Null] ]
06-11 23:51:17.816 D/UntrustedWifiNetworkFactory( 2713): got request NetworkRequest [ REQUEST id=19584, [ Capabilities: INTERNET&NOT_RESTRICTED&TRUSTED&NOT_VCN_MANAGED&NOT_BANDWIDTH_CONSTRAINED Uid: 10324 RequestorUid: 10324 RequestorPkg: com.facebook.katana UnderlyingNetworks: Null] ]
06-11 23:51:17.816 D/OemPaidWifiNetworkFactory( 2713): got request NetworkRequest [ REQUEST id=19584, [ Capabilities: INTERNET&NOT_RESTRICTED&TRUSTED&NOT_VCN_MANAGED&NOT_BANDWIDTH_CONSTRAINED Uid: 10324 RequestorUid: 10324 RequestorPkg: com.facebook.katana UnderlyingNetworks: Null] ]
06-11 23:51:17.816 D/MultiInternetWifiNetworkFactory( 2713): got request NetworkRequest [ REQUEST id=19584, [ Capabilities: INTERNET&NOT_RESTRICTED&TRUSTED&NOT_VCN_MANAGED&NOT_BANDWIDTH_CONSTRAINED Uid: 10324 RequestorUid: 10324 RequestorPkg: com.facebook.katana UnderlyingNetworks: Null] ]
06-11 23:51:17.828 W/fb4a.AppInfoCore(10242): [AI] Package not found when getting package info
06-11 23:51:17.829 D/[GF_HAL][HalContext]( 2386): [invokeCommand] err = 0, errno = GF_SUCCESS
06-11 23:51:17.829 D/[GF_HAL][FingerprintCore]( 2386): [onAuthDownEvt] high light flag = 0
06-11 23:51:17.829 D/[GF_HAL][SZSensor]( 2386): msg : 11
06-11 23:51:17.829 D/[GF_HAL][SZFingerprintCore]( 2386): [needRetry] parent retry:0, o_retry_flag: 1
06-11 23:51:17.829 D/[GF_HAL][SZSensor]( 2386): msg : 13
06-11 23:51:17.829 I/[GF_HAL][FingerprintFod]( 2386): LCD HBM off. hbmValue:0
06-11 23:51:17.829 E/SmcInvoke_MinkDescriptor( 2386): Invalid handle 22
06-11 23:51:17.411 I/si-mo   ( 2619): mo_shm_bridge_release: mem-object-00000000716ead94 unmapped.
06-11 23:51:17.832 E/HiddenApis2(10242): Failed to init DecodeJObjectFuncPtr
06-11 23:51:17.833 I/vendor.qti.hardware.servicetrackeraidl-service( 1740): bindService is called for service : com.google.android.gms/.chimera.GmsApiService and for client com.facebook.katana
06-11 23:51:17.833 I/vendor.qti.hardware.servicetrackeraidl-service( 1740): total connections for service : com.google.android.gms/.chimera.GmsApiServiceare :14
06-11 23:51:17.833 I/vendor.qti.hardware.servicetrackeraidl-service( 1740): total connections for client : com.facebook.katanaare :1
06-11 23:51:17.835 W/fb4a.AppInfoCore(10242): [AI] Package not found when getting package info
06-11 23:51:17.835 D/[GF_HAL][FingerprintCore]( 2386): [notifyAcquiredInfo] acquired_info=0
06-11 23:51:17.835 V/[Noth-Aidl][FakeFingerprintEngine]( 2386): [notify] enter
