06-11 23:48:48.178 I/ChiX    ( 1716): [ INFO][F2Req  ] chifeature2requestobject.cpp:951 SetCurRequestState() FRO-URO:16_MCXSuperFG:RealtimePostProcessor_0: FeatureRequest State [InputResourcePending]->[InputResourcePendingScheduled] for RequestIndex:0
06-11 23:48:48.178 I/ChiX    ( 1716): [ INFO][F2Req  ] chifeature2requestobject.cpp:951 SetCurRequestState() FRO-URO:16_MCXSuperFG:RealTimeMCX_0: FeatureRequest State [OutputErrorNotificationPending]->[Complete] for RequestIndex:0
06-11 23:48:48.178 I/ChiX    ( 1716): [ INFO][F2Req  ] chifeature2usecaserequestobject.h:281 SetRequestState() URO:16_Changing state from 0 to 2
06-11 23:48:48.179 I/ChiX    ( 1716): [ INFO][F2Req  ] chifeature2graph.cpp:3780 PropagateErrorToDownstreamNode() Graph-URO:12_Graph:MCXSuperFG Error being propagated from FRO-URO:12_MCXSuperFG:RealTimeMCX_0[0 0 13]->FRO-URO:12_MCXSuperFG:RealtimePostProcessor_0[0 0 5]
06-11 23:48:48.179 I/ChiX    ( 1716): [ INFO][F2Req  ] chifeature2requestobject.cpp:3095 SetBufferInfo() FRO-URO:12_MCXSuperFG:RealtimePostProcessor_0 InputDependency Global Slot For GID [Session:0 Pipeline:0 Port:5 Type:0] BatchIndex:0 InputDependencyIndex:0, BufferHandle:0x0, Error:1, Exclusive:1
06-11 23:48:48.179 I/ChiX    ( 1716): [ INFO][F2Req  ] chifeature2graph.cpp:3780 PropagateErrorToDownstreamNode() Graph-URO:12_Graph:MCXSuperFG Error being propagated from FRO-URO:12_MCXSuperFG:RealTimeMCX_0[0 0 15]->FRO-URO:12_MCXSuperFG:RealtimePostProcessor_0[0 0 9]
06-11 23:48:48.179 I/ChiX    ( 1716): [ INFO][F2Req  ] chifeature2requestobject.cpp:3095 SetBufferInfo() FRO-URO:12_MCXSuperFG:RealtimePostProcessor_0 InputDependency Global Slot For GID [Session:0 Pipeline:0 Port:9 Type:0] BatchIndex:0 InputDependencyIndex:0, BufferHandle:0x0, Error:1, Exclusive:1
06-11 23:48:48.179 E/NtChgAidl( 1711): NtChgAidl: mBattTempRegion _aidl_return:0
06-11 23:48:48.179 I/ChiX    ( 1716): [ INFO][F2Req  ] chifeature2graph.cpp:3780 PropagateErrorToDownstreamNode() Graph-URO:12_Graph:MCXSuperFG Error being propagated from FRO-URO:12_MCXSuperFG:RealTimeMCX_0[0 0 48]->FRO-URO:12_MCXSuperFG:RealtimePostProcessor_0[0 0 13]
06-11 23:48:48.179 I/ChiX    ( 1716): [ INFO][F2Req  ] chifeature2requestobject.cpp:3095 SetBufferInfo() FRO-URO:12_MCXSuperFG:RealtimePostProcessor_0 InputDependency Global Slot For GID [Session:0 Pipeline:0 Port:13 Type:1] BatchIndex:0 InputDependencyIndex:0, BufferHandle:0x0, Error:1, Exclusive:1
06-11 23:48:48.179 I/ChiX    ( 1716): [ INFO][F2Req  ] chifeature2requestobject.cpp:951 SetCurRequestState() FRO-URO:12_MCXSuperFG:RealTimeMCX_0: FeatureRequest State [OutputResourcePending]->[OutputErrorNotificationPending] for RequestIndex:0
06-11 23:48:48.179 I/ChiX    ( 1716): [ INFO][F2Req  ] chifeature2graph.cpp:3780 PropagateErrorToDownstreamNode() Graph-URO:12_Graph:MCXSuperFG Error being propagated from FRO-URO:12_MCXSuperFG:RealTimeMCX_0[0 0 0]->FRO-URO:12_MCXSuperFG:RealtimePostProcessor_0[0 0 0]
06-11 23:48:48.179 I/ChiX    ( 1716): [ INFO][F2Req  ] chifeature2requestobject.cpp:3095 SetBufferInfo() FRO-URO:12_MCXSuperFG:RealtimePostProcessor_0 InputDependency Global Slot For GID [Session:0 Pipeline:0 Port:0 Type:0] BatchIndex:0 InputDependencyIndex:0, BufferHandle:0x0, Error:1, Exclusive:1
06-11 23:48:48.179 I/ChiX    ( 1716): [ INFO][F2Req  ] chifeature2requestobject.cpp:5020 AreInputDependenciesStatisfied() FRO-URO:12_MCXSuperFG:RealtimePostProcessor_0 Input Dependencies errored out while flush in progress for batch:0; TotalInputDependencies:4 ErrorsObserved:4 BuffersRecieved:0
06-11 23:48:48.179 I/ChiX    ( 1716): [ INFO][F2Req  ] chifeature2requestobject.cpp:951 SetCurRequestState() FRO-URO:12_MCXSuperFG:RealtimePostProcessor_0: FeatureRequest State [InputResourcePending]->[InputResourcePendingScheduled] for RequestIndex:0
06-11 23:48:48.180 I/ChiX    ( 1716): [ INFO][F2Req  ] chifeature2requestobject.cpp:951 SetCurRequestState() FRO-URO:12_MCXSuperFG:RealTimeMCX_0: FeatureRequest State [OutputErrorNotificationPending]->[Complete] for RequestIndex:0
06-11 23:48:48.180 I/ChiX    ( 1716): [ INFO][F2Req  ] chifeature2requestobject.cpp:5020 AreInputDependenciesStatisfied() FRO-URO:12_MCXSuperFG:RealtimePostProcessor_0 Input Dependencies errored out while flush in progress for batch:0; TotalInputDependencies:4 ErrorsObserved:4 BuffersRecieved:0
06-11 23:48:48.180 I/ChiX    ( 1716): [ INFO][F2Req  ] chifeature2requestobject.cpp:951 SetCurRequestState() FRO-URO:12_MCXSuperFG:RealtimePostProcessor_0: FeatureRequest State [InputResourcePendingScheduled]->[ReadyToExecute] for RequestIndex:0
06-11 23:48:48.180 I/ChiX    ( 1716): [ INFO][F2Req  ] chifeature2requestobject.cpp:5020 AreInputDependenciesStatisfied() FRO-URO:12_MCXSuperFG:RealtimePostProcessor_0 Input Dependencies errored out while flush in progress for batch:0; TotalInputDependencies:4 ErrorsObserved:4 BuffersRecieved:0
06-11 23:48:48.180 I/ChiX    ( 1716): [ INFO][F2Req  ] chifeature2requestobject.cpp:951 SetCurRequestState() FRO-URO:12_MCXSuperFG:RealtimePostProcessor_0: FeatureRequest State [ReadyToExecute]->[OutputErrorNotificationPending] for RequestIndex:0
06-11 23:48:48.180 I/ChiX    ( 1716): [ INFO][F2Req  ] chifeature2graph.cpp:3847 PropagateErrorToDownstreamNode() FRO-URO:12_MCXSuperFG:RealtimePostProcessor_0 BufferError for sink port [0 0 0] stream 0xb400007b4d0de078 format:35 being sent to graph manager pData: 0xb400007c4d07d7e0 canSendResult: 1
06-11 23:48:47.760 I/CAM_INFO( 3240): CAM-ISP: __cam_isp_ctx_flush_req_in_top_state: 6552: Stop HW complete. Reset HW next.Ctx_id:7 link: 0x9c0307
06-11 23:48:48.180 I/CamX    ( 1716): [ INFO][HAL    ] camxhaldevice.cpp:974 Notify() type 00000001, frame_number 12, error_code 00000004, error_stream 0xb400007b4d0de078
06-11 23:48:47.761 I/CAM_WARN( 3240): CAM-SENSOR-IO: cam_cci_i2c_compare: 205: mismatch: reg_data 0xe: data: 0xff, data_mask: 0x0
06-11 23:48:47.761 E/healthd ( 1632): soc_b:29, soc:44, soc_c:44, Vol:3926, Cur:1307,chg_s:1,t_l:6,b_s:2,OffTlast:0,lcd_off:0,Vu:4661,Vw:0,pid:1632,brightness:1.119641,rmCap:2179
06-11 23:48:47.761 E/healthd ( 1632): battery l=44 v=3926 t=38.0 h=2 st=2 c=1307000 fc=5041000 cc=117 chg=a
06-11 23:48:48.180 I/ChiX    ( 1716): [ INFO][F2Req  ] chifeature2graph.cpp:3780 PropagateErrorToDownstreamNode() Graph-URO:13_Graph:MCXSuperFG Error being propagated from FRO-URO:13_MCXSuperFG:RealTimeMCX_0[0 0 13]->FRO-URO:13_MCXSuperFG:RealtimePostProcessor_0[0 0 5]
06-11 23:48:48.180 I/ChiX    ( 1716): [ INFO][F2Req  ] chifeature2requestobject.cpp:3095 SetBufferInfo() FRO-URO:13_MCXSuperFG:RealtimePostProcessor_0 InputDependency Global Slot For GID [Session:0 Pipeline:0 Port:5 Type:0] BatchIndex:0 InputDependencyIndex:0, BufferHandle:0x0, Error:1, Exclusive:1
06-11 23:48:48.180 I/ChiX    ( 1716): [ INFO][F2Req  ] chifeature2graph.cpp:3780 PropagateErrorToDownstreamNode() Graph-URO:13_Graph:MCXSuperFG Error being propagated from FRO-URO:13_MCXSuperFG:RealTimeMCX_0[0 0 15]->FRO-URO:13_MCXSuperFG:RealtimePostProcessor_0[0 0 9]
06-11 23:48:48.180 I/ChiX    ( 1716): [ INFO][F2Req  ] chifeature2requestobject.cpp:3095 SetBufferInfo() FRO-URO:13_MCXSuperFG:RealtimePostProcessor_0 InputDependency Global Slot For GID [Session:0 Pipeline:0 Port:9 Type:0] BatchIndex:0 InputDependencyIndex:0, BufferHandle:0x0, Error:1, Exclusive:1
06-11 23:48:48.180 I/ChiX    ( 1716): [ INFO][F2Req  ] chifeature2graph.cpp:3780 PropagateErrorToDownstreamNode() Graph-URO:13_Graph:MCXSuperFG Error being propagated from FRO-URO:13_MCXSuperFG:RealTimeMCX_0[0 0 48]->FRO-URO:13_MCXSuperFG:RealtimePostProcessor_0[0 0 13]
06-11 23:48:48.180 I/ChiX    ( 1716): [ INFO][F2Req  ] chifeature2requestobject.cpp:3095 SetBufferInfo() FRO-URO:13_MCXSuperFG:RealtimePostProcessor_0 InputDependency Global Slot For GID [Session:0 Pipeline:0 Port:13 Type:1] BatchIndex:0 InputDependencyIndex:0, BufferHandle:0x0, Error:1, Exclusive:1
06-11 23:48:48.180 I/ChiX    ( 1716): [ INFO][F2Req  ] chifeature2requestobject.cpp:951 SetCurRequestState() FRO-URO:13_MCXSuperFG:RealTimeMCX_0: FeatureRequest State [OutputResourcePending]->[OutputErrorNotificationPending] for RequestIndex:0
06-11 23:48:48.180 I/ChiX    ( 1716): [ INFO][F2Req  ] chifeature2graph.cpp:3780 PropagateErrorToDownstreamNode() Graph-URO:13_Graph:MCXSuperFG Error being propagated from FRO-URO:13_MCXSuperFG:RealTimeMCX_0[0 0 0]->FRO-URO:13_MCXSuperFG:RealtimePostProcessor_0[0 0 0]
06-11 23:48:48.180 I/ChiX    ( 1716): [ INFO][F2Req  ] chifeature2requestobject.cpp:3095 SetBufferInfo() FRO-URO:13_MCXSuperFG:RealtimePostProcessor_0 InputDependency Global Slot For GID [Session:0 Pipeline:0 Port:0 Type:0] BatchIndex:0 InputDependencyIndex:0, BufferHandle:0x0, Error:1, Exclusive:1
06-11 23:48:48.180 I/ChiX    ( 1716): [ INFO][F2Req  ] chifeature2requestobject.cpp:5020 AreInputDependenciesStatisfied() FRO-URO:13_MCXSuperFG:RealtimePostProcessor_0 Input Dependencies errored out while flush in progress for batch:0; TotalInputDependencies:4 ErrorsObserved:4 BuffersRecieved:0
06-11 23:48:48.180 I/ChiX    ( 1716): [ INFO][F2Req  ] chifeature2requestobject.cpp:951 SetCurRequestState() FRO-URO:13_MCXSuperFG:RealtimePostProcessor_0: FeatureRequest State [InputResourcePending]->[InputResourcePendingScheduled] for RequestIndex:0
06-11 23:48:48.180 I/ChiX    ( 1716): [ INFO][F2Req  ] chifeature2requestobject.cpp:951 SetCurRequestState() FRO-URO:13_MCXSuperFG:RealTimeMCX_0: FeatureRequest State [OutputErrorNotificationPending]->[Complete] for RequestIndex:0
06-11 23:48:48.180 I/ChiX    ( 1716): [ INFO][F2Req  ] chifeature2graph.cpp:3780 PropagateErrorToDownstreamNode() Graph-URO:14_Graph:MCXSuperFG Error being propagated from FRO-URO:14_MCXSuperFG:RealTimeMCX_0[0 0 13]->FRO-URO:14_MCXSuperFG:RealtimePostProcessor_0[0 0 5]
06-11 23:48:48.180 I/ChiX    ( 1716): [ INFO][F2Req  ] chifeature2requestobject.cpp:3095 SetBufferInfo() FRO-URO:14_MCXSuperFG:RealtimePostProcessor_0 InputDependency Global Slot For GID [Session:0 Pipeline:0 Port:5 Type:0] BatchIndex:0 InputDependencyIndex:0, BufferHandle:0x0, Error:1, Exclusive:1
06-11 23:48:48.180 I/ChiX    ( 1716): [ INFO][F2Req  ] chifeature2graph.cpp:3780 PropagateErrorToDownstreamNode() Graph-URO:14_Graph:MCXSuperFG Error being propagated from FRO-URO:14_MCXSuperFG:RealTimeMCX_0[0 0 15]->FRO-URO:14_MCXSuperFG:RealtimePostProcessor_0[0 0 9]
06-11 23:48:48.180 I/ChiX    ( 1716): [ INFO][F2Req  ] chifeature2requestobject.cpp:3095 SetBufferInfo() FRO-URO:14_MCXSuperFG:RealtimePostProcessor_0 InputDependency Global Slot For GID [Session:0 Pipeline:0 Port:9 Type:0] BatchIndex:0 InputDependencyIndex:0, BufferHandle:0x0, Error:1, Exclusive:1
06-11 23:48:48.180 I/ChiX    ( 1716): [ INFO][F2Req  ] chifeature2graph.cpp:3780 PropagateErrorToDownstreamNode() Graph-URO:14_Graph:MCXSuperFG Error being propagated from FRO-URO:14_MCXSuperFG:RealTimeMCX_0[0 0 48]->FRO-URO:14_MCXSuperFG:RealtimePostProcessor_0[0 0 13]
06-11 23:48:48.180 I/ChiX    ( 1716): [ INFO][F2Req  ] chifeature2requestobject.cpp:3095 SetBufferInfo() FRO-URO:14_MCXSuperFG:RealtimePostProcessor_0 InputDependency Global Slot For GID [Session:0 Pipeline:0 Port:13 Type:1] BatchIndex:0 InputDependencyIndex:0, BufferHandle:0x0, Error:1, Exclusive:1
06-11 23:48:48.180 I/ChiX    ( 1716): [ INFO][F2Req  ] chifeature2requestobject.cpp:951 SetCurRequestState() FRO-URO:14_MCXSuperFG:RealTimeMCX_0: FeatureRequest State [OutputResourcePending]->[OutputErrorNotificationPending] for RequestIndex:0
06-11 23:48:48.180 I/ChiX    ( 1716): [ INFO][F2Req  ] chifeature2graph.cpp:3780 PropagateErrorToDownstreamNode() Graph-URO:14_Graph:MCXSuperFG Error being propagated from FRO-URO:14_MCXSuperFG:RealTimeMCX_0[0 0 0]->FRO-URO:14_MCXSuperFG:RealtimePostProcessor_0[0 0 0]
06-11 23:48:48.180 I/ChiX    ( 1716): [ INFO][F2Req  ] chifeature2requestobject.cpp:3095 SetBufferInfo() FRO-URO:14_MCXSuperFG:RealtimePostProcessor_0 InputDependency Global Slot For GID [Session:0 Pipeline:0 Port:0 Type:0] BatchIndex:0 InputDependencyIndex:0, BufferHandle:0x0, Error:1, Exclusive:1
06-11 23:48:48.180 I/ChiX    ( 1716): [ INFO][F2Req  ] chifeature2requestobject.cpp:5020 AreInputDependenciesStatisfied() FRO-URO:14_MCXSuperFG:RealtimePostProcessor_0 Input Dependencies errored out while flush in progress for batch:0; TotalInputDependencies:4 ErrorsObserved:4 BuffersRecieved:0
06-11 23:48:48.180 I/ChiX    ( 1716): [ INFO][F2Req  ] chifeature2requestobject.cpp:951 SetCurRequestState() FRO-URO:14_MCXSuperFG:RealtimePostProcessor_0: FeatureRequest State [InputResourcePending]->[InputResourcePendingScheduled] for RequestIndex:0
06-11 23:48:48.180 I/ChiX    ( 1716): [ INFO][F2Req  ] chifeature2requestobject.cpp:951 SetCurRequestState() FRO-URO:14_MCXSuperFG:RealTimeMCX_0: FeatureRequest State [OutputErrorNotificationPending]->[Complete] for RequestIndex:0
06-11 23:48:48.180 I/ChiX    ( 1716): [ INFO][F2Req  ] chifeature2graph.cpp:3780 PropagateErrorToDownstreamNode() Graph-URO:15_Graph:MCXSuperFG Error being propagated from FRO-URO:15_MCXSuperFG:RealTimeMCX_0[0 0 13]->FRO-URO:15_MCXSuperFG:RealtimePostProcessor_0[0 0 5]
06-11 23:48:48.181 I/ChiX    ( 1716): [ INFO][F2Req  ] chifeature2requestobject.cpp:3095 SetBufferInfo() FRO-URO:15_MCXSuperFG:RealtimePostProcessor_0 InputDependency Global Slot For GID [Session:0 Pipeline:0 Port:5 Type:0] BatchIndex:0 InputDependencyIndex:0, BufferHandle:0x0, Error:1, Exclusive:1
06-11 23:48:48.181 I/ChiX    ( 1716): [ INFO][F2Req  ] chifeature2graph.cpp:3780 PropagateErrorToDownstreamNode() Graph-URO:15_Graph:MCXSuperFG Error being propagated from FRO-URO:15_MCXSuperFG:RealTimeMCX_0[0 0 15]->FRO-URO:15_MCXSuperFG:RealtimePostProcessor_0[0 0 9]
06-11 23:48:48.181 I/ChiX    ( 1716): [ INFO][F2Req  ] chifeature2requestobject.cpp:3095 SetBufferInfo() FRO-URO:15_MCXSuperFG:RealtimePostProcessor_0 InputDependency Global Slot For GID [Session:0 Pipeline:0 Port:9 Type:0] BatchIndex:0 InputDependencyIndex:0, BufferHandle:0x0, Error:1, Exclusive:1
06-11 23:48:48.181 I/ChiX    ( 1716): [ INFO][F2Req  ] chifeature2graph.cpp:3918 PropagateErrorToDownstreamNode() Graph-URO:12_Graph:MCXSuperFG ResultError for sink port [0 0 2] being sent to graph manager
06-11 23:48:48.181 I/CamX    ( 1716): [ INFO][HAL    ] camxhaldevice.cpp:974 Notify() type 00000001, frame_number 12, error_code 00000003, error_stream 0x0
06-11 23:48:48.181 I/ChiX    ( 1716): [ INFO][F2Req  ] chifeature2graph.cpp:3780 PropagateErrorToDownstreamNode() Graph-URO:15_Graph:MCXSuperFG Error being propagated from FRO-URO:15_MCXSuperFG:RealTimeMCX_0[0 0 48]->FRO-URO:15_MCXSuperFG:RealtimePostProcessor_0[0 0 13]
06-11 23:48:48.181 I/ChiX    ( 1716): [ INFO][F2Req  ] chifeature2requestobject.cpp:3095 SetBufferInfo() FRO-URO:15_MCXSuperFG:RealtimePostProcessor_0 InputDependency Global Slot For GID [Session:0 Pipeline:0 Port:13 Type:1] BatchIndex:0 InputDependencyIndex:0, BufferHandle:0x0, Error:1, Exclusive:1
06-11 23:48:48.181 I/ChiX    ( 1716): [ INFO][F2Req  ] chifeature2requestobject.cpp:951 SetCurRequestState() FRO-URO:15_MCXSuperFG:RealTimeMCX_0: FeatureRequest State [OutputResourcePending]->[OutputErrorNotificationPending] for RequestIndex:0
06-11 23:48:48.181 I/ChiX    ( 1716): [ INFO][F2Req  ] chifeature2graph.cpp:3780 PropagateErrorToDownstreamNode() Graph-URO:15_Graph:MCXSuperFG Error being propagated from FRO-URO:15_MCXSuperFG:RealTimeMCX_0[0 0 0]->FRO-URO:15_MCXSuperFG:RealtimePostProcessor_0[0 0 0]
06-11 23:48:48.181 I/ChiX    ( 1716): [ INFO][F2Req  ] chifeature2requestobject.cpp:3095 SetBufferInfo() FRO-URO:15_MCXSuperFG:RealtimePostProcessor_0 InputDependency Global Slot For GID [Session:0 Pipeline:0 Port:0 Type:0] BatchIndex:0 InputDependencyIndex:0, BufferHandle:0x0, Error:1, Exclusive:1
06-11 23:48:48.181 I/ChiX    ( 1716): [ INFO][F2Req  ] chifeature2requestobject.cpp:5020 AreInputDependenciesStatisfied() FRO-URO:15_MCXSuperFG:RealtimePostProcessor_0 Input Dependencies errored out while flush in progress for batch:0; TotalInputDependencies:4 ErrorsObserved:4 BuffersRecieved:0
06-11 23:48:48.181 I/ChiX    ( 1716): [ INFO][F2Req  ] chifeature2graph.cpp:4318 ProcessReleaseInputDependencyMessage() Graph-URO:12_Graph:MCXSuperFG_Feature:RealtimePostProcessor_0: ChiFeature2MessageType::ReleaseInputDependency for batchIndex=0,numDependencies=1
06-11 23:48:48.181 I/ChiX    ( 1716): [ INFO][F2Req  ] chifeature2requestobject.cpp:951 SetCurRequestState() FRO-URO:12_MCXSuperFG:RealtimePostProcessor_0: FeatureRequest State [OutputErrorNotificationPending]->[Complete] for RequestIndex:0
06-11 23:48:48.181 I/ChiX    ( 1716): [ INFO][F2Req  ] chifeature2usecaserequestobject.h:281 SetRequestState() URO:12_Changing state from 2 to 3
06-11 23:48:48.181 I/ChiX    ( 1716): [ INFO][F2Req  ] chifeature2requestobject.cpp:5020 AreInputDependenciesStatisfied() FRO-URO:13_MCXSuperFG:RealtimePostProcessor_0 Input Dependencies errored out while flush in progress for batch:0; TotalInputDependencies:4 ErrorsObserved:4 BuffersRecieved:0
06-11 23:48:48.181 I/ChiX    ( 1716): [ INFO][F2Req  ] chifeature2requestobject.cpp:951 SetCurRequestState() FRO-URO:13_MCXSuperFG:RealtimePostProcessor_0: FeatureRequest State [InputResourcePendingScheduled]->[ReadyToExecute] for RequestIndex:0
06-11 23:48:48.181 I/ChiX    ( 1716): [ INFO][F2Req  ] chifeature2requestobject.cpp:5020 AreInputDependenciesStatisfied() FRO-URO:13_MCXSuperFG:RealtimePostProcessor_0 Input Dependencies errored out while flush in progress for batch:0; TotalInputDependencies:4 ErrorsObserved:4 BuffersRecieved:0
06-11 23:48:48.181 I/ChiX    ( 1716): [ INFO][F2Req  ] chifeature2requestobject.cpp:951 SetCurRequestState() FRO-URO:13_MCXSuperFG:RealtimePostProcessor_0: FeatureRequest State [ReadyToExecute]->[OutputErrorNotificationPending] for RequestIndex:0
06-11 23:48:48.181 I/ChiX    ( 1716): [ INFO][F2Req  ] chifeature2graph.cpp:3847 PropagateErrorToDownstreamNode() FRO-URO:13_MCXSuperFG:RealtimePostProcessor_0 BufferError for sink port [0 0 0] stream 0xb400007b4d0de078 format:35 being sent to graph manager pData: 0xb400007c4d0c16a0 canSendResult: 1
06-11 23:48:48.181 I/CamX    ( 1716): [ INFO][HAL    ] camxhaldevice.cpp:974 Notify() type 00000001, frame_number 13, error_code 00000004, error_stream 0xb400007b4d0de078
06-11 23:48:48.181 I/ChiX    ( 1716): [ INFO][F2Req  ] chifeature2requestobject.cpp:951 SetCurRequestState() FRO-URO:15_MCXSuperFG:RealtimePostProcessor_0: FeatureRequest State [InputResourcePending]->[InputResourcePendingScheduled] for RequestIndex:0
06-11 23:48:48.181 I/ChiX    ( 1716): [ INFO][F2Req  ] chifeature2requestobject.cpp:951 SetCurRequestState() FRO-URO:15_MCXSuperFG:RealTimeMCX_0: FeatureRequest State [OutputErrorNotificationPending]->[Complete] for RequestIndex:0
06-11 23:48:48.181 I/ChiX    ( 1716): [ INFO][F2Req  ] chifeature2graph.cpp:3918 PropagateErrorToDownstreamNode() Graph-URO:13_Graph:MCXSuperFG ResultError for sink port [0 0 2] being sent to graph manager
06-11 23:48:48.181 I/CamX    ( 1716): [ INFO][HAL    ] camxhaldevice.cpp:974 Notify() type 00000001, frame_number 13, error_code 00000003, error_stream 0x0
06-11 23:48:48.181 I/ChiX    ( 1716): [ INFO][F2Req  ] chifeature2graph.cpp:4318 ProcessReleaseInputDependencyMessage() Graph-URO:13_Graph:MCXSuperFG_Feature:RealtimePostProcessor_0: ChiFeature2MessageType::ReleaseInputDependency for batchIndex=0,numDependencies=1
06-11 23:48:48.181 I/ChiX    ( 1716): [ INFO][F2Req  ] chifeature2requestobject.cpp:951 SetCurRequestState() FRO-URO:13_MCXSuperFG:RealtimePostProcessor_0: FeatureRequest State [OutputErrorNotificationPending]->[Complete] for RequestIndex:0
06-11 23:48:48.181 I/ChiX    ( 1716): [ INFO][F2Req  ] chifeature2usecaserequestobject.h:281 SetRequestState() URO:13_Changing state from 2 to 3
06-11 23:48:48.181 I/ChiX    ( 1716): [ INFO][F2Req  ] chifeature2requestobject.cpp:5020 AreInputDependenciesStatisfied() FRO-URO:14_MCXSuperFG:RealtimePostProcessor_0 Input Dependencies errored out while flush in progress for batch:0; TotalInputDependencies:4 ErrorsObserved:4 BuffersRecieved:0
06-11 23:48:48.181 I/ChiX    ( 1716): [ INFO][F2Req  ] chifeature2requestobject.cpp:951 SetCurRequestState() FRO-URO:14_MCXSuperFG:RealtimePostProcessor_0: FeatureRequest State [InputResourcePendingScheduled]->[ReadyToExecute] for RequestIndex:0
06-11 23:48:48.181 I/ChiX    ( 1716): [ INFO][F2Req  ] chifeature2requestobject.cpp:5020 AreInputDependenciesStatisfied() FRO-URO:14_MCXSuperFG:RealtimePostProcessor_0 Input Dependencies errored out while flush in progress for batch:0; TotalInputDependencies:4 ErrorsObserved:4 BuffersRecieved:0
06-11 23:48:48.181 I/ChiX    ( 1716): [ INFO][F2Req  ] chifeature2requestobject.cpp:951 SetCurRequestState() FRO-URO:14_MCXSuperFG:RealtimePostProcessor_0: FeatureRequest State [ReadyToExecute]->[OutputErrorNotificationPending] for RequestIndex:0
06-11 23:48:48.181 I/ChiX    ( 1716): [ INFO][F2Req  ] chifeature2graph.cpp:3847 PropagateErrorToDownstreamNode() FRO-URO:14_MCXSuperFG:RealtimePostProcessor_0 BufferError for sink port [0 0 0] stream 0xb400007b4d0de078 format:35 being sent to graph manager pData: 0xb400007c4d0e5430 canSendResult: 1
06-11 23:48:48.181 I/CamX    ( 1716): [ INFO][HAL    ] camxhaldevice.cpp:974 Notify() type 00000001, frame_number 14, error_code 00000004, error_stream 0xb400007b4d0de078
06-11 23:48:47.762 I/CAM_WARN( 3240): CAM-SENSOR-IO: cam_cci_i2c_compare: 205: mismatch: reg_data 0xe: data: 0xff, data_mask: 0x0
06-11 23:48:48.182 I/ChiX    ( 1716): [ INFO][F2Req  ] chifeature2graph.cpp:3918 PropagateErrorToDownstreamNode() Graph-URO:14_Graph:MCXSuperFG ResultError for sink port [0 0 2] being sent to graph manager
06-11 23:48:48.182 I/CamX    ( 1716): [ INFO][HAL    ] camxhaldevice.cpp:974 Notify() type 00000001, frame_number 14, error_code 00000003, error_stream 0x0
06-11 23:48:48.182 I/ChiX    ( 1716): [ INFO][F2Req  ] chifeature2graph.cpp:4318 ProcessReleaseInputDependencyMessage() Graph-URO:14_Graph:MCXSuperFG_Feature:RealtimePostProcessor_0: ChiFeature2MessageType::ReleaseInputDependency for batchIndex=0,numDependencies=1
06-11 23:48:48.182 I/ChiX    ( 1716): [ INFO][F2Req  ] chifeature2requestobject.cpp:951 SetCurRequestState() FRO-URO:14_MCXSuperFG:RealtimePostProcessor_0: FeatureRequest State [OutputErrorNotificationPending]->[Complete] for RequestIndex:0
06-11 23:48:48.182 I/ChiX    ( 1716): [ INFO][F2Req  ] chifeature2usecaserequestobject.h:281 SetRequestState() URO:14_Changing state from 2 to 3
06-11 23:48:48.182 I/ChiX    ( 1716): [ INFO][F2Req  ] chifeature2requestobject.cpp:5020 AreInputDependenciesStatisfied() FRO-URO:15_MCXSuperFG:RealtimePostProcessor_0 Input Dependencies errored out while flush in progress for batch:0; TotalInputDependencies:4 ErrorsObserved:4 BuffersRecieved:0
06-11 23:48:48.182 I/ChiX    ( 1716): [ INFO][F2Req  ] chifeature2requestobject.cpp:951 SetCurRequestState() FRO-URO:15_MCXSuperFG:RealtimePostProcessor_0: FeatureRequest State [InputResourcePendingScheduled]->[ReadyToExecute] for RequestIndex:0
06-11 23:48:48.182 I/ChiX    ( 1716): [ INFO][F2Req  ] chifeature2requestobject.cpp:5020 AreInputDependenciesStatisfied() FRO-URO:15_MCXSuperFG:RealtimePostProcessor_0 Input Dependencies errored out while flush in progress for batch:0; TotalInputDependencies:4 ErrorsObserved:4 BuffersRecieved:0
06-11 23:48:48.182 I/ChiX    ( 1716): [ INFO][F2Req  ] chifeature2requestobject.cpp:951 SetCurRequestState() FRO-URO:15_MCXSuperFG:RealtimePostProcessor_0: FeatureRequest State [ReadyToExecute]->[OutputErrorNotificationPending] for RequestIndex:0
06-11 23:48:48.182 I/ChiX    ( 1716): [ INFO][F2Req  ] chifeature2graph.cpp:3847 PropagateErrorToDownstreamNode() FRO-URO:15_MCXSuperFG:RealtimePostProcessor_0 BufferError for sink port [0 0 0] stream 0xb400007b4d0de078 format:35 being sent to graph manager pData: 0xb400007c4d0d3a70 canSendResult: 1
06-11 23:48:48.182 I/CamX    ( 1716): [ INFO][HAL    ] camxhaldevice.cpp:974 Notify() type 00000001, frame_number 15, error_code 00000004, error_stream 0xb400007b4d0de078
06-11 23:48:48.182 I/ChiX    ( 1716): [ INFO][F2Req  ] chifeature2graph.cpp:3918 PropagateErrorToDownstreamNode() Graph-URO:15_Graph:MCXSuperFG ResultError for sink port [0 0 2] being sent to graph manager
06-11 23:48:48.182 I/CamX    ( 1716): [ INFO][HAL    ] camxhaldevice.cpp:974 Notify() type 00000001, frame_number 15, error_code 00000003, error_stream 0x0
06-11 23:48:48.182 I/ChiX    ( 1716): [ INFO][F2Req  ] chifeature2graph.cpp:4318 ProcessReleaseInputDependencyMessage() Graph-URO:15_Graph:MCXSuperFG_Feature:RealtimePostProcessor_0: ChiFeature2MessageType::ReleaseInputDependency for batchIndex=0,numDependencies=1
06-11 23:48:48.182 I/ChiX    ( 1716): [ INFO][F2Req  ] chifeature2requestobject.cpp:951 SetCurRequestState() FRO-URO:15_MCXSuperFG:RealtimePostProcessor_0: FeatureRequest State [OutputErrorNotificationPending]->[Complete] for RequestIndex:0
06-11 23:48:48.182 I/ChiX    ( 1716): [ INFO][F2Req  ] chifeature2usecaserequestobject.h:281 SetRequestState() URO:15_Changing state from 2 to 3
06-11 23:48:48.182 I/ChiX    ( 1716): [ INFO][F2Req  ] chifeature2requestobject.cpp:5020 AreInputDependenciesStatisfied() FRO-URO:16_MCXSuperFG:RealtimePostProcessor_0 Input Dependencies errored out while flush in progress for batch:0; TotalInputDependencies:4 ErrorsObserved:4 BuffersRecieved:0
06-11 23:48:48.182 I/ChiX    ( 1716): [ INFO][F2Req  ] chifeature2requestobject.cpp:951 SetCurRequestState() FRO-URO:16_MCXSuperFG:RealtimePostProcessor_0: FeatureRequest State [InputResourcePendingScheduled]->[ReadyToExecute] for RequestIndex:0
06-11 23:48:48.182 I/ChiX    ( 1716): [ INFO][F2Req  ] chifeature2requestobject.cpp:5020 AreInputDependenciesStatisfied() FRO-URO:16_MCXSuperFG:RealtimePostProcessor_0 Input Dependencies errored out while flush in progress for batch:0; TotalInputDependencies:4 ErrorsObserved:4 BuffersRecieved:0
06-11 23:48:48.182 I/ChiX    ( 1716): [ INFO][F2Req  ] chifeature2requestobject.cpp:951 SetCurRequestState() FRO-URO:16_MCXSuperFG:RealtimePostProcessor_0: FeatureRequest State [ReadyToExecute]->[OutputErrorNotificationPending] for RequestIndex:0
06-11 23:48:48.182 I/ChiX    ( 1716): [ INFO][F2Req  ] chifeature2graph.cpp:3847 PropagateErrorToDownstreamNode() FRO-URO:16_MCXSuperFG:RealtimePostProcessor_0 BufferError for sink port [0 0 0] stream 0xb400007b4d0de078 format:35 being sent to graph manager pData: 0xb400007c4d0b6180 canSendResult: 1
06-11 23:48:48.182 I/CamX    ( 1716): [ INFO][HAL    ] camxhaldevice.cpp:974 Notify() type 00000001, frame_number 16, error_code 00000004, error_stream 0xb400007b4d0de078
06-11 23:48:48.182 I/ChiX    ( 1716): [ INFO][F2Req  ] chifeature2graph.cpp:3918 PropagateErrorToDownstreamNode() Graph-URO:16_Graph:MCXSuperFG ResultError for sink port [0 0 2] being sent to graph manager
06-11 23:48:48.182 I/CamX    ( 1716): [ INFO][HAL    ] camxhaldevice.cpp:974 Notify() type 00000001, frame_number 16, error_code 00000003, error_stream 0x0
06-11 23:48:48.182 I/ChiX    ( 1716): [ INFO][F2Req  ] chifeature2graph.cpp:4318 ProcessReleaseInputDependencyMessage() Graph-URO:16_Graph:MCXSuperFG_Feature:RealtimePostProcessor_0: ChiFeature2MessageType::ReleaseInputDependency for batchIndex=0,numDependencies=1
06-11 23:48:48.182 I/ChiX    ( 1716): [ INFO][F2Req  ] chifeature2requestobject.cpp:951 SetCurRequestState() FRO-URO:16_MCXSuperFG:RealtimePostProcessor_0: FeatureRequest State [OutputErrorNotificationPending]->[Complete] for RequestIndex:0
06-11 23:48:48.182 I/ChiX    ( 1716): [ INFO][F2Req  ] chifeature2usecaserequestobject.h:281 SetRequestState() URO:16_Changing state from 2 to 3
06-11 23:48:47.763 I/CAM_WARN( 3240): CAM-SENSOR-IO: cam_cci_i2c_compare: 205: mismatch: reg_data 0xe: data: 0xff, data_mask: 0x0
06-11 23:48:47.764 I/CAM_WARN( 3240): CAM-SENSOR-IO: cam_cci_i2c_compare: 205: mismatch: reg_data 0xe: data: 0xff, data_mask: 0x0
06-11 23:48:47.766 I/CAM_WARN( 3240): CAM-SENSOR-IO: cam_cci_i2c_compare: 205: mismatch: reg_data 0xe: data: 0xff, data_mask: 0x0
06-11 23:48:47.767 I/CAM_WARN( 3240): CAM-SENSOR-IO: cam_cci_i2c_compare: 205: mismatch: reg_data 0xe: data: 0xff, data_mask: 0x0
06-11 23:48:47.768 I/CAM_WARN( 3240): CAM-SENSOR-IO: cam_cci_i2c_compare: 205: mismatch: reg_data 0xe: data: 0xff, data_mask: 0x0
06-11 23:48:47.769 I/CAM_WARN( 3240): CAM-SENSOR-IO: cam_cci_i2c_compare: 205: mismatch: reg_data 0xe: data: 0xff, data_mask: 0x0
06-11 23:48:47.770 I/CAM_WARN( 3240): CAM-SENSOR-IO: cam_cci_i2c_compare: 205: mismatch: reg_data 0xe: data: 0xff, data_mask: 0x0
06-11 23:48:47.771 I/CAM_WARN( 3240): CAM-SENSOR-IO: cam_cci_i2c_compare: 205: mismatch: reg_data 0xe: data: 0xff, data_mask: 0x0
06-11 23:48:47.772 E/healthd ( 1632): soc_b:29, soc:44, soc_c:44, Vol:3926, Cur:1307,chg_s:1,t_l:6,b_s:2,OffTlast:0,lcd_off:0,Vu:4661,Vw:0,pid:1632,brightness:1.119641,rmCap:2179
06-11 23:48:47.772 W/HealthLoop( 1632): debug.tracing.screen_brightness:1.119641
06-11 23:48:48.190 E/NtChgAidl( 1711): NtChgAidl: mBattTempRegion _aidl_return:0
06-11 23:48:47.773 I/CAM_WARN( 3240): CAM-SENSOR-IO: cam_cci_i2c_compare: 205: mismatch: reg_data 0xe: data: 0xff, data_mask: 0x0
06-11 23:48:47.774 I/CAM_WARN( 3240): CAM-SENSOR-IO: cam_cci_i2c_compare: 205: mismatch: reg_data 0xe: data: 0xff, data_mask: 0x0
06-11 23:48:47.775 I/CAM_WARN( 3240): CAM-SENSOR-IO: cam_cci_i2c_compare: 205: mismatch: reg_data 0xe: data: 0xff, data_mask: 0x0
06-11 23:48:47.776 I/CAM_WARN( 3240): CAM-SENSOR-IO: cam_cci_i2c_compare: 205: mismatch: reg_data 0xe: data: 0xff, data_mask: 0x0
06-11 23:48:47.777 I/CAM_WARN( 3240): CAM-SENSOR-IO: cam_cci_i2c_compare: 205: mismatch: reg_data 0xe: data: 0xff, data_mask: 0x0
06-11 23:48:47.778 I/CAM_WARN( 3240): CAM-SENSOR-IO: cam_cci_i2c_compare: 205: mismatch: reg_data 0xe: data: 0xff, data_mask: 0x0
06-11 23:48:48.198 I/sensors-hal( 1639): handle_sns_std_sensor_event:79, ambient_light_event: ssc_ts 0x21C32AA466E hal_ts 120835370886639 lux 2.000 cct 5648.126 [20.000 900000.000 459442.000 290.000 17.666 17.693 5.043 80.121 77.094 -14.297 -14.951 -14.951 -11.627 -54.987]
06-11 23:48:47.779 I/CAM_WARN( 3240): CAM-SENSOR-IO: cam_cci_i2c_compare: 205: mismatch: reg_data 0xe: data: 0xff, data_mask: 0x0
06-11 23:48:47.780 I/CAM_WARN( 3240): CAM-SENSOR-IO: cam_cci_i2c_compare: 205: mismatch: reg_data 0xe: data: 0xff, data_mask: 0x0
06-11 23:48:47.782 I/CAM_WARN( 3240): CAM-SENSOR-IO: cam_cci_i2c_compare: 205: mismatch: reg_data 0xe: data: 0xff, data_mask: 0x0
06-11 23:48:47.783 I/CAM_WARN( 3240): CAM-SENSOR-IO: cam_cci_i2c_compare: 205: mismatch: reg_data 0xe: data: 0xff, data_mask: 0x0
06-11 23:48:48.202 I/ChiX    ( 1716): [ INFO][F2Req  ] chifeature2graph.cpp:4318 ProcessReleaseInputDependencyMessage() Graph-URO:11_Graph:MCXSuperFG_Feature:RealtimePostProcessor_0: ChiFeature2MessageType::ReleaseInputDependency for batchIndex=0,numDependencies=1
06-11 23:48:48.203 I/ChiX    ( 1716): [ INFO][F2Req  ] chifeature2graph.cpp:4318 ProcessReleaseInputDependencyMessage() Graph-URO:11_Graph:MCXSuperFG_Feature:RealtimePostProcessor_0: ChiFeature2MessageType::ReleaseInputDependency for batchIndex=0,numDependencies=1
06-11 23:48:48.203 I/ChiX    ( 1716): [ INFO][F2Req  ] chifeature2graph.cpp:4318 ProcessReleaseInputDependencyMessage() Graph-URO:11_Graph:MCXSuperFG_Feature:RealtimePostProcessor_0: ChiFeature2MessageType::ReleaseInputDependency for batchIndex=0,numDependencies=1
06-11 23:48:47.784 I/CAM_WARN( 3240): CAM-SENSOR-IO: cam_cci_i2c_compare: 205: mismatch: reg_data 0xe: data: 0xff, data_mask: 0x0
06-11 23:48:47.785 I/CAM_WARN( 3240): CAM-SENSOR-IO: cam_cci_i2c_compare: 205: mismatch: reg_data 0xe: data: 0xff, data_mask: 0x0
06-11 23:48:47.786 I/CAM_WARN( 3240): CAM-SENSOR-IO: cam_cci_i2c_compare: 205: mismatch: reg_data 0xe: data: 0xff, data_mask: 0x0
06-11 23:48:48.206 I/CamX    ( 1716): [ INFO][HAL    ] camxsession.cpp:12010 ProcessMetabufferPendingQueue() Pending Queue pipeline RealtimeDefault0_0_cam_3 request 13 old = 8 last 13 delay 5 sequence 12 old 12 new 15 detachMetaForReq 8
06-11 23:48:48.206 I/CamX    ( 1716): [ INFO][HAL    ] camxsession.cpp:12010 ProcessMetabufferPendingQueue() Pending Queue pipeline RealtimeDefault0_0_cam_3 request 13 old = 9 last 13 delay 5 sequence 12 old 12 new 15 detachMetaForReq 9
06-11 23:48:48.206 I/CamX    ( 1716): [ INFO][HAL    ] camxsession.cpp:12010 ProcessMetabufferPendingQueue() Pending Queue pipeline RealtimeDefault0_0_cam_3 request 13 old = 10 last 13 delay 5 sequence 12 old 12 new 15 detachMetaForReq 10
06-11 23:48:48.206 I/CamX    ( 1716): [ INFO][HAL    ] camxsession.cpp:12010 ProcessMetabufferPendingQueue() Pending Queue pipeline RealtimeDefault0_0_cam_3 request 13 old = 11 last 13 delay 5 sequence 12 old 12 new 15 detachMetaForReq 11
06-11 23:48:48.206 I/CamX    ( 1716): [ INFO][HAL    ] camxsession.cpp:12010 ProcessMetabufferPendingQueue() Pending Queue pipeline RealtimeDefault0_0_cam_3 request 13 old = 12 last 13 delay 5 sequence 12 old 12 new 15 detachMetaForReq 12
06-11 23:48:48.206 I/CamX    ( 1716): [ INFO][HAL    ] camxsession.cpp:12010 ProcessMetabufferPendingQueue() Pending Queue pipeline RealtimeDefault0_0_cam_3 request 13 old = 13 last 13 delay 5 sequence 12 old 12 new 15 detachMetaForReq 13
06-11 23:48:48.206 I/CamX    ( 1716): [ INFO][HAL    ] camxsession.cpp:12010 ProcessMetabufferPendingQueue() Pending Queue pipeline RealtimeDefault0_0_cam_3 request 14 old = 14 last 14 delay 5 sequence 13 old 13 new 15 detachMetaForReq 14
06-11 23:48:48.206 I/CamX    ( 1716): [ INFO][HAL    ] camxsession.cpp:12010 ProcessMetabufferPendingQueue() Pending Queue pipeline RealtimeDefault0_0_cam_3 request 15 old = 15 last 15 delay 5 sequence 14 old 14 new 15 detachMetaForReq 15
06-11 23:48:48.206 I/CamX    ( 1716): [ INFO][HAL    ] camxsession.cpp:12010 ProcessMetabufferPendingQueue() Pending Queue pipeline RealtimeDefault0_0_cam_3 request 16 old = 16 last 16 delay 5 sequence 15 old 15 new 15 detachMetaForReq 16
06-11 23:48:47.787 I/CAM_INFO( 3240): CAM-SENSOR: cam_sensor_stream_off: 1326: 18:18:48.205 CAM_STOP_DEV Success for arbok_qtech_s5kjn1_front sensor_id:0x38e1,sensor_slave_addr:0x7a
06-11 23:48:48.208 I/CamX    ( 1716): [ INFO][HAL    ] camxsession.cpp:6530 ProcessResultMetadata() Metadata NULL during flush for sequenceId: 11
06-11 23:48:47.787 I/CAM_WARN( 3240): CAM-UTIL: cam_common_util_thread_switch_delay_detect: 166: crm_workq-730200-9c0307 cb: cam_req_mgr_process_flush_req [camera] delay in execution detected 98337:167932 cur 98337:196276
06-11 23:48:48.208 I/ChiX    ( 1716): [ INFO][F2Req  ] chifeature2graph.cpp:3918 PropagateErrorToDownstreamNode() Graph-URO:11_Graph:MCXSuperFG ResultError for sink port [0 0 2] being sent to graph manager
06-11 23:48:47.787 I/diff 28 ( 3240): threshold 5
06-11 23:48:47.789 I/synx    ( 8877): err: synx_internal_signal: 843: [sess :1966] status update 1048578 failed=-114
06-11 23:48:48.208 I/CamX    ( 1716): [ INFO][HAL    ] camxhaldevice.cpp:974 Notify() type 00000001, frame_number 11, error_code 00000003, error_stream 0x0
06-11 23:48:47.789 I/[8877,1716] msm_cvp( 8877): err: cvp_cancel_synx_impl: synx_signal 1048578 0 4 failed
06-11 23:48:48.208 I/ChiX    ( 1716): [ INFO][F2Req  ] chifeature2requestobject.cpp:951 SetCurRequestState() FRO-URO:11_MCXSuperFG:RealtimePostProcessor_0: FeatureRequest State [OutputResourcePending]->[OutputErrorNotificationPending] for RequestIndex:0
06-11 23:48:48.208 I/ChiX    ( 1716): [ INFO][F2Req  ] chifeature2graph.cpp:4318 ProcessReleaseInputDependencyMessage() Graph-URO:11_Graph:MCXSuperFG_Feature:RealtimePostProcessor_0: ChiFeature2MessageType::ReleaseInputDependency for batchIndex=0,numDependencies=1
06-11 23:48:48.208 I/ChiX    ( 1716): [ INFO][F2Req  ] chifeature2requestobject.cpp:951 SetCurRequestState() FRO-URO:11_MCXSuperFG:RealTimeMCX_0: FeatureRequest State [OutputNotificationPending]->[Complete] for RequestIndex:0
06-11 23:48:48.209 I/ChiX    ( 1716): [ INFO][F2Req  ] chifeature2graph.cpp:3847 PropagateErrorToDownstreamNode() FRO-URO:11_MCXSuperFG:RealtimePostProcessor_0 BufferError for sink port [0 0 0] stream 0xb400007b4d0de078 format:35 being sent to graph manager pData: 0xb400007c4d0e6850 canSendResult: 1
06-11 23:48:48.209 I/CamX    ( 1716): [ INFO][HAL    ] camxhaldevice.cpp:974 Notify() type 00000001, frame_number 11, error_code 00000004, error_stream 0xb400007b4d0de078
06-11 23:48:48.209 I/CamX    ( 1716): [ INFO][HAL    ] camxhaldevice.cpp:349 ProcessCaptureResult() Returning framework result Frame: 11, Metadata: 0x0, Stream 0xb400007b4d0de078, Fmt: 35 Width: 640 Height: 480
06-11 23:48:48.209 I/CamX    ( 1716): [ INFO][HAL    ] camxhal3.cpp:2232 process_capture_result() frame_number 11, partial_result 0, result 0x0, num_physcam_metadata 0, num_output_buffers 1 priv_metadata 0x0
06-11 23:48:48.209 I/CamX    ( 1716): [ INFO][HAL    ] camxhal3.cpp:2306 process_capture_result()     output_buffers[0] : 0xb400007d3d2b5f50, buffer: 0x7de0e92198, priv: 0x0, status: 00000001, stream: 0xb400007b4d0de078 release_fence -1
06-11 23:48:48.209 I/CamX    ( 1716): [ INFO][HAL    ] camxhaldevice.cpp:349 ProcessCaptureResult() Returning framework result Frame: 12, Metadata: 0x0, Stream 0xb400007b4d0de078, Fmt: 35 Width: 640 Height: 480
06-11 23:48:48.209 I/CamX    ( 1716): [ INFO][HAL    ] camxhal3.cpp:2232 process_capture_result() frame_number 12, partial_result 0, result 0x0, num_physcam_metadata 0, num_output_buffers 1 priv_metadata 0x0
06-11 23:48:48.209 I/CamX    ( 1716): [ INFO][HAL    ] camxhal3.cpp:2306 process_capture_result()     output_buffers[0] : 0xb400007d3d2b5f50, buffer: 0x7de0e92198, priv: 0x0, status: 00000001, stream: 0xb400007b4d0de078 release_fence -1
06-11 23:48:48.209 I/CamX    ( 1716): [ INFO][HAL    ] camxhaldevice.cpp:349 ProcessCaptureResult() Returning framework result Frame: 13, Metadata: 0x0, Stream 0xb400007b4d0de078, Fmt: 35 Width: 640 Height: 480
06-11 23:48:48.209 I/CamX    ( 1716): [ INFO][HAL    ] camxhal3.cpp:2232 process_capture_result() frame_number 13, partial_result 0, result 0x0, num_physcam_metadata 0, num_output_buffers 1 priv_metadata 0x0
06-11 23:48:48.209 I/CamX    ( 1716): [ INFO][HAL    ] camxhal3.cpp:2306 process_capture_result()     output_buffers[0] : 0xb400007d3d2b5f50, buffer: 0x7de0e92198, priv: 0x0, status: 00000001, stream: 0xb400007b4d0de078 release_fence -1
06-11 23:48:48.209 I/CamX    ( 1716): [ INFO][HAL    ] camxhaldevice.cpp:349 ProcessCaptureResult() Returning framework result Frame: 14, Metadata: 0x0, Stream 0xb400007b4d0de078, Fmt: 35 Width: 640 Height: 480
06-11 23:48:48.209 I/CamX    ( 1716): [ INFO][HAL    ] camxhal3.cpp:2232 process_capture_result() frame_number 14, partial_result 0, result 0x0, num_physcam_metadata 0, num_output_buffers 1 priv_metadata 0x0
06-11 23:48:48.209 I/CamX    ( 1716): [ INFO][HAL    ] camxhal3.cpp:2306 process_capture_result()     output_buffers[0] : 0xb400007d3d2b5f50, buffer: 0x7de0e92198, priv: 0x0, status: 00000001, stream: 0xb400007b4d0de078 release_fence -1
06-11 23:48:48.209 I/CamX    ( 1716): [ INFO][HAL    ] camxhaldevice.cpp:349 ProcessCaptureResult() Returning framework result Frame: 15, Metadata: 0x0, Stream 0xb400007b4d0de078, Fmt: 35 Width: 640 Height: 480
06-11 23:48:48.209 I/CamX    ( 1716): [ INFO][HAL    ] camxhal3.cpp:2232 process_capture_result() frame_number 15, partial_result 0, result 0x0, num_physcam_metadata 0, num_output_buffers 1 priv_metadata 0x0
06-11 23:48:48.209 I/CamX    ( 1716): [ INFO][HAL    ] camxhal3.cpp:2306 process_capture_result()     output_buffers[0] : 0xb400007d3d2b5f50, buffer: 0x7de0e92198, priv: 0x0, status: 00000001, stream: 0xb400007b4d0de078 release_fence -1
06-11 23:48:48.209 I/CamX    ( 1716): [ INFO][HAL    ] camxhaldevice.cpp:349 ProcessCaptureResult() Returning framework result Frame: 16, Metadata: 0x0, Stream 0xb400007b4d0de078, Fmt: 35 Width: 640 Height: 480
06-11 23:48:48.209 I/CamX    ( 1716): [ INFO][HAL    ] camxhal3.cpp:2232 process_capture_result() frame_number 16, partial_result 0, result 0x0, num_physcam_metadata 0, num_output_buffers 1 priv_metadata 0x0
06-11 23:48:48.209 I/CamX    ( 1716): [ INFO][HAL    ] camxhal3.cpp:2306 process_capture_result()     output_buffers[0] : 0xb400007d3d2b5f50, buffer: 0x7de0e92198, priv: 0x0, status: 00000001, stream: 0xb400007b4d0de078 release_fence -1
06-11 23:48:48.209 I/ChiX    ( 1716): [ INFO][F2Req  ] chifeature2requestobject.cpp:951 SetCurRequestState() FRO-URO:11_MCXSuperFG:RealtimePostProcessor_0: FeatureRequest State [OutputErrorNotificationPending]->[Complete] for RequestIndex:0
06-11 23:48:48.209 I/ChiX    ( 1716): [ INFO][F2Req  ] chifeature2usecaserequestobject.h:281 SetRequestState() URO:11_Changing state from 2 to 3
06-11 23:48:48.209 I/CamX    ( 1716): [ INFO][HAL    ] camxsession.cpp:12010 ProcessMetabufferPendingQueue() Pending Queue pipeline OfflineReprocess0_0_cam_3 request 12 old = 12 last 12 delay 0 sequence 11 old 11 new 11 detachMetaForReq 12
06-11 23:48:48.210 I/ChiX    ( 1716): [ INFO][F2Req  ] chifeature2usecaserequestobject.h:281 SetRequestState() URO:10_Changing state from 3 to 4
06-11 23:48:48.210 I/ChiX    ( 1716): [ INFO][F2Req  ] chifeature2usecaserequestobject.h:281 SetRequestState() URO:11_Changing state from 3 to 4
06-11 23:48:48.210 I/ChiX    ( 1716): [ INFO][F2Req  ] chifeature2usecaserequestobject.h:281 SetRequestState() URO:12_Changing state from 3 to 4
06-11 23:48:48.210 I/ChiX    ( 1716): [ INFO][F2Req  ] chifeature2usecaserequestobject.h:281 SetRequestState() URO:13_Changing state from 3 to 4
06-11 23:48:48.210 I/ChiX    ( 1716): [ INFO][F2Req  ] chifeature2usecaserequestobject.h:281 SetRequestState() URO:14_Changing state from 3 to 4
06-11 23:48:48.210 I/ChiX    ( 1716): [ INFO][F2Req  ] chifeature2usecaserequestobject.h:281 SetRequestState() URO:15_Changing state from 3 to 4
06-11 23:48:48.210 I/ChiX    ( 1716): [ INFO][F2Req  ] chifeature2usecaserequestobject.h:281 SetRequestState() URO:16_Changing state from 3 to 4
06-11 23:48:47.793 I/CAM_INFO(32747): CAM-CRM: cam_req_mgr_process_flush_req: 3239: Last request id to flush is 16 on link 0x9c0307
06-11 23:48:48.211 I/CamX    ( 1716): [CORE_CFG][HAL    ] camxsession.cpp:11891 ProcessMetabufferPendingQueue() Force release Pending Queue session RealtimeDefault0 sequence old 16 new 15
06-11 23:48:48.211 I/CamX    ( 1716): [CORE_CFG][HAL    ] camxsession.cpp:11891 ProcessMetabufferPendingQueue() Force release Pending Queue session OfflineReprocess0 sequence old 12 new 11
06-11 23:48:48.212 I/CamX    ( 1716): [CORE_CFG][HAL    ] camxhal3.cpp:2145 flush() HalOp: End FLUSH: 0xb400007acd15d690 with result 0, logicalCameraId: 3, cameraId: 1
06-11 23:48:48.213 I/Camera3-Device( 1859): disconnectImpl: E
06-11 23:48:48.214 I/CameraLatencyHistogram( 1859): ProcessCaptureRequest latency histogram (17) samples:
06-11 23:48:48.214 I/CameraLatencyHistogram( 1859):        40     80    120    160    200    240    280    320    360    inf (max ms)
06-11 23:48:48.214 I/CameraLatencyHistogram( 1859):      29.41   58.82   0.00   11.76   0.00   0.00   0.00   0.00   0.00   0.00 (%)
06-11 23:48:48.214 I/CamX    ( 1716): [ INFO][HAL    ] camxhal3.cpp:1270 close() close(): 0xb400007acd15d690
06-11 23:48:48.214 I/CamX    ( 1716): [CORE_CFG][HAL    ] camxhal3.cpp:1283 close() HalOp: Begin CLOSE, logicalCameraId: 3, cameraId: 1
06-11 23:48:48.214 I/CameraService_proxy( 2713): updateCameraUsageInfo :0;10138
06-11 23:48:48.214 I/CamX    ( 1716): [ INFO][HAL    ] camxhal3.cpp:1298 close() Close: overrideCameraClose is 15 , overrideCameraOpen is 0 
06-11 23:48:48.214 I/CamX    ( 1716): [ INFO][HAL    ] camxhaldevice.cpp:2811 LogFrameworkRequests() m_frameworkRequests is empty latestFrameworkRequestIndex: -1
06-11 23:48:47.793 I/CAM_INFO(32747): CAM-ISP: __cam_isp_ctx_flush_req_in_flushed_state: 6336: Last request id to flush is 16, ctx_id:7 link: 0x9c0307
06-11 23:48:47.796 I/reserve_pool(30842): inpool_pid_0_write
06-11 23:48:47.796 I/reserve_pool(30842): remove inpool_pids[0]
06-11 23:48:47.797 I/CAM_INFO(32747): CAM-CRM: cam_req_mgr_process_flush_req: 3239: Last request id to flush is 16 on link 0x9c0307
06-11 23:48:48.216 E/NfcService( 3824): setReaderMode: Reader mode Binder was never registered
06-11 23:48:48.216 I/NfcService( 3824): restoreSavedTech
06-11 23:48:47.797 I/CAM_INFO(32747): CAM-ISP: __cam_isp_ctx_flush_req_in_flushed_state: 6336: Last request id to flush is 16, ctx_id:7 link: 0x9c0307
06-11 23:48:47.798 I/CAM_INFO(32747): CAM-CRM: cam_req_mgr_process_flush_req: 3239: Last request id to flush is 16 on link 0x9c0307
06-11 23:48:47.798 I/CAM_INFO(32747): CAM-ISP: __cam_isp_ctx_flush_req_in_flushed_state: 6336: Last request id to flush is 16, ctx_id:7 link: 0x9c0307
06-11 23:48:47.800 I/CAM_INFO( 3240): CAM-CRM: cam_req_mgr_process_flush_req: 3239: Last request id to flush is 16 on link 0x9c0307
06-11 23:48:48.218 I/ChiX    ( 1716): [ INFO][F2Req  ] chifeature2requestobject.cpp:539 Destroy() FRO-URO:9_MCXSuperFG:RealTimeMCX_0: Destroyed
06-11 23:48:48.218 I/ChiX    ( 1716): [ INFO][F2Req  ] chifeature2requestobject.cpp:539 Destroy() FRO-URO:9_MCXSuperFG:RealtimePostProcessor_0: Destroyed
06-11 23:48:48.218 I/ChiX    ( 1716): [ INFO][F2Req  ] chifeature2requestobject.cpp:539 Destroy() FRO-URO:10_MCXSuperFG:RealTimeMCX_0: Destroyed
06-11 23:48:48.219 I/ChiX    ( 1716): [ INFO][F2Req  ] chifeature2requestobject.cpp:539 Destroy() FRO-URO:10_MCXSuperFG:RealtimePostProcessor_0: Destroyed
06-11 23:48:48.219 I/ChiX    ( 1716): [ INFO][F2Req  ] chifeature2requestobject.cpp:539 Destroy() FRO-URO:11_MCXSuperFG:RealTimeMCX_0: Destroyed
06-11 23:48:48.219 I/ChiX    ( 1716): [ INFO][F2Req  ] chifeature2requestobject.cpp:539 Destroy() FRO-URO:11_MCXSuperFG:RealtimePostProcessor_0: Destroyed
06-11 23:48:48.219 I/ChiX    ( 1716): [ INFO][F2Req  ] chifeature2requestobject.cpp:539 Destroy() FRO-URO:12_MCXSuperFG:RealTimeMCX_0: Destroyed
06-11 23:48:48.219 I/ChiX    ( 1716): [ INFO][F2Req  ] chifeature2requestobject.cpp:539 Destroy() FRO-URO:12_MCXSuperFG:RealtimePostProcessor_0: Destroyed
06-11 23:48:48.219 I/ChiX    ( 1716): [ INFO][F2Req  ] chifeature2requestobject.cpp:539 Destroy() FRO-URO:13_MCXSuperFG:RealTimeMCX_0: Destroyed
06-11 23:48:48.219 I/ChiX    ( 1716): [ INFO][F2Req  ] chifeature2requestobject.cpp:539 Destroy() FRO-URO:13_MCXSuperFG:RealtimePostProcessor_0: Destroyed
06-11 23:48:48.219 I/ChiX    ( 1716): [ INFO][F2Req  ] chifeature2requestobject.cpp:539 Destroy() FRO-URO:14_MCXSuperFG:RealTimeMCX_0: Destroyed
06-11 23:48:48.219 I/ChiX    ( 1716): [ INFO][F2Req  ] chifeature2requestobject.cpp:539 Destroy() FRO-URO:14_MCXSuperFG:RealtimePostProcessor_0: Destroyed
06-11 23:48:48.219 I/ChiX    ( 1716): [ INFO][F2Req  ] chifeature2requestobject.cpp:539 Destroy() FRO-URO:15_MCXSuperFG:RealTimeMCX_0: Destroyed
06-11 23:48:48.219 I/ChiX    ( 1716): [ INFO][F2Req  ] chifeature2requestobject.cpp:539 Destroy() FRO-URO:15_MCXSuperFG:RealtimePostProcessor_0: Destroyed
06-11 23:48:48.219 I/ChiX    ( 1716): [ INFO][F2Req  ] chifeature2requestobject.cpp:539 Destroy() FRO-URO:16_MCXSuperFG:RealTimeMCX_0: Destroyed
06-11 23:48:48.219 I/ChiX    ( 1716): [ INFO][F2Req  ] chifeature2requestobject.cpp:539 Destroy() FRO-URO:16_MCXSuperFG:RealtimePostProcessor_0: Destroyed
06-11 23:48:48.219 I/CamX    ( 1716): [CONFIG][SENSOR ] camxsensor.cpp:2411 OnStreamOff() Sensor[3] [arbok_qtech_s5kjn1_front] m_initialRequestId=17 m_currentResolutionIndex: 1
06-11 23:48:48.220 I/libnfc_nci( 3824): nfaVSCallback: RSP status: 0 to Android proprietary cmd 9
06-11 23:48:48.220 E/libnfc_nci( 3824): NFA_EeAddSystemCodeRouting: Bad ee_handle or System Code
06-11 23:48:48.220 E/libnfc_nci( 3824): RoutingManager::updateDefaultRoute: Fail to register system code
06-11 23:48:48.220 I/libnfc_nci( 3824): nfa_dm_get_nfc_secure:  status=0
06-11 23:48:48.220 I/libnfc_nci( 3824): nfa_dm_get_nfc_secure:  status=0
06-11 23:48:47.800 I/CAM_INFO( 3240): CAM-ISP: __cam_isp_ctx_flush_req_in_flushed_state: 6336: Last request id to flush is 16, ctx_id:7 link: 0x9c0307
06-11 23:48:47.805 I/CAM_INFO( 8866): CAM-SENSOR: cam_sensor_stream_off: 1326: 18:18:48.223 CAM_STOP_DEV Success for arbok_qtech_s5kjn1_front sensor_id:0x38e1,sensor_slave_addr:0x7a
06-11 23:48:47.805 I/CAM_INFO( 8866): CAM-CSIPHY: cam_csiphy_update_lane_selection: 2056: lane_reg_addr: 0x1014, lane_assign: 0x3210, lane_enable: 0x0, delay: 0
06-11 23:48:47.806 I/[2759,1716] msm_cvp( 2759): sess: Stop session: 0000000000000000 session_id = 0x7fff0000
06-11 23:48:47.807 I/CAM_INFO( 8866): CAM-CSIPHY: cam_csiphy_core_cfg: 2810: CAM_STOP_PHYDEV: 4, CSID:2, Type: DPHY, slot: 0, Datarate: 1715200000, Settlecount: 27
06-11 23:48:48.224 I/CamX    ( 1716): [CONFIG][SENSOR ] camxsensornode.cpp:994 FlushJobs() Sensor[3] Flushing Node Jobs
06-11 23:48:48.225 I/MorphoEISWrapper( 1716): MorphoEISWrapper.cpp:[ 393] flushEngine() ##########[GME] Destroyed algo engine, mAlgoProcessResultQueue size is 0
06-11 23:48:47.807 I/CAM_INFO( 8866): CAM-ISP: cam_ife_mgr_release_hw: 9113: 18:18:48.224 Release HW success ctx id: 7
06-11 23:48:48.226 I/CamX    ( 1716): [ INFO][HAL    ] camxchicontext.cpp:5273 ReleaseGlobalUsecaseMetadataPool() Invalidate Global usecase pool for id 3
06-11 23:48:48.226 I/CV      ( 1716): File: vendor/qcom/proprietary/cv-noship/eva/4.0/src/cpu/evaSessionStartStop.cpp Line: 411 Function: async_worker() Msg: Current state 0 - outstanding buffer 0
06-11 23:48:48.226 I/CamX    ( 1716): [CONFIG][SENSOR ] camxsensornode.cpp:994 FlushJobs() Sensor[3] Flushing Node Jobs
06-11 23:48:47.808 I/CAM_INFO(15231): CAM-ICP: cam_icp_mgr_process_dbg_buf: 3400: [icp1]: FW_DBG:CICP_FW_E : [ICP1] OFE_DM:OFE_ABORT ofeRequest: 21500, ofeResponse: 21500, 0 pending requests. at ofedomain.c:846 QC_IMAGE_VERSION_STRING=CICP.FW.8.0-00010 OEM_IMAGE_VERSION_STRING=CRM
06-11 23:48:47.809 I/[2759,1716] msm_cvp( 2759): binder:1716_6: to close instance: 0000000000000000 session_id = 0x7fff0000 type 1 state 5
06-11 23:48:47.810 I/[2759,1716] msm_cvp( 2759): binder:1716_6: closed cvp instance: 0000000000000000 session_id = 2147418112 type 1 0
06-11 23:48:47.810 I/synx    (32747): info: synx_client_cleanup: 1461: [sess :1966] session removed ře%ć˙˙˙el-client
