06-11 23:51:17.995 I/bt_shim_scanner( 3720): system/main/shim/le_scanning_manager.cc:186 ScanFilterParamSetup: in shim layer, clientIf=1
06-11 23:51:17.995 I/AbstractOpenableExtension(23068): AbstractOpenableExtension.createKeyboardGroupManagerListenableFuture():121 Create keyboard group manager listenable future in fis
06-11 23:51:17.995 I/bt_shim_scanner( 3720): system/main/shim/le_scanning_manager.cc:219 ScanFilterAdd: in shim layer
06-11 23:51:17.995 I/bt_shim_scanner( 3720): system/main/shim/le_scanning_manager.cc:186 ScanFilterParamSetup: in shim layer, clientIf=1
06-11 23:51:17.995 I/bt_shim_scanner( 3720): system/main/shim/le_scanning_manager.cc:350 BatchscanConfigStorage: in shim layer
06-11 23:51:17.995 I/EmojifyExtensionImpl(23068): EmojifyExtensionImpl.onCreate():604 Creating Emojify extension fhx@a7ac8ae.
06-11 23:51:17.995 I/bt_shim_scanner( 3720): system/main/shim/le_scanning_manager.cc:359 BatchscanEnable: in shim layer
06-11 23:51:17.995 I/GoogleInputMethodService(23068): GoogleInputMethodService.onStartInput():1446 onStartInput(EditorInfo{EditorInfo{packageName=com.northstar.app, inputType=0, inputTypeString=NULL, enableLearning=false, autoCorrection=false, autoComplete=false, imeOptions=0, privateImeOptions=null, actionName=UNSPECIFIED, actionLabel=null, initialSelStart=-1, initialSelEnd=-1, initialCapsMode=0, label=null, fieldId=0, fieldName=null, extras=null, hintText=null, hintLocales=[]}}, false)
06-11 23:51:17.995 D/BluetoothSap( 3541): getConnectionState(XX:XX:XX:XX:B3:9E)
06-11 23:51:17.996 I/AndroidIME(23068): LatinIMEBase.updateInputViewCoverNavigation():321 Update input view padding, isNavbarOverInputWindow=true, bottom inset=132
06-11 23:51:17.996 D/AGM: graph( 1645): graph_start: 912 exit, ret 0
06-11 23:51:17.579 I/tfa98xx_mute()( 2615): tfa98xx_mute[0x34]: state: 0, stream : 0
06-11 23:51:17.579 I/tfa98xx_mute()( 2615): tfa98xx: send_calib_values from HAL
06-11 23:51:17.996 I/ActivityScheduler(12870): nextTriggerTime: 121039789, in 54614ms, detectorType: 39, FULL_TYPE alarmWindowMillis: 7500
06-11 23:51:17.997 I/KeyboardGroupDefParser(23068): KeyboardGroupDefParser.parseKeyboardGroupDef():73 parseKeyboardGroupDef() 2132213997 -> 0_resource_name_obfuscated : WaitTime = 1 ms : RunTime = 1 ms
06-11 23:51:17.997 D/StNfcHal( 2075): (#07516) Rx 6f 02 11 (hidden)
06-11 23:51:17.997 D/StNfcHal( 2075): HalStopTimer 
06-11 23:51:17.997 I/Module  (23068): DeviceLockedStatusModuleProvider$Module.updateDeviceLockedStatusInternal():127 repeatCheckTimes = 1, locked = false
06-11 23:51:17.997 I/HardKeyTracker(23068): HardKeyTracker.unregisterKeySequence():259 Unregister key sequence phm{labelResId=2132020531, callback=ffb@3dfde4, lastModifier=2, keyCodes=[50], actions=[0]}
06-11 23:51:17.997 I/HardKeyTracker(23068): HardKeyTracker.registerKeySequence():201 Register key sequence phm{labelResId=2132020531, callback=ffb@4cb586b, lastModifier=2, keyCodes=[50], actions=[0]}
06-11 23:51:17.997 I/HardKeyTracker(23068): HardKeyTracker.unregisterKeySequence():259 Unregister key sequence phm{labelResId=2132020531, callback=ffb@18c24d, lastModifier=2, keyCodes=[50], actions=[0]}
06-11 23:51:17.998 I/HardKeyTracker(23068): HardKeyTracker.registerKeySequence():201 Register key sequence phm{labelResId=2132020531, callback=ffb@d476fc8, lastModifier=2, keyCodes=[50], actions=[0]}
06-11 23:51:17.998 W/AccessPointsManager(23068): AccessPointsManager.addAccessPoint():1133 The holder controller #0x7f0b24bb is not registered
06-11 23:51:17.998 I/HardKeyTracker(23068): HardKeyTracker.unregisterKeySequence():259 Unregister key sequence phm{labelResId=2132020536, callback=ffb@a4c6102, lastModifier=2, keyCodes=[48], actions=[0]}
06-11 23:51:17.998 I/HardKeyTracker(23068): HardKeyTracker.registerKeySequence():201 Register key sequence phm{labelResId=2132020536, callback=ffb@829b861, lastModifier=2, keyCodes=[48], actions=[0]}
06-11 23:51:17.998 I/HardKeyTracker(23068): HardKeyTracker.unregisterKeySequence():259 Unregister key sequence phm{labelResId=2132020536, callback=ffb@1a01a13, lastModifier=2, keyCodes=[48], actions=[0]}
06-11 23:51:17.998 I/HardKeyTracker(23068): HardKeyTracker.registerKeySequence():201 Register key sequence phm{labelResId=2132020536, callback=ffb@bf73f86, lastModifier=2, keyCodes=[48], actions=[0]}
06-11 23:51:17.998 W/AccessPointsManager(23068): AccessPointsManager.addAccessPoint():1133 The holder controller #0x7f0b24bb is not registered
06-11 23:51:17.998 I/HardKeyTracker(23068): HardKeyTracker.unregisterKeySequence():259 Unregister key sequence phm{labelResId=2132020535, callback=ffb@6cf1450, lastModifier=65536, keyCodes=[76], actions=[0]}
06-11 23:51:17.998 I/HardKeyTracker(23068): HardKeyTracker.registerKeySequence():201 Register key sequence phm{labelResId=2132020535, callback=ffb@5451047, lastModifier=65536, keyCodes=[76], actions=[0]}
06-11 23:51:17.998 W/PackageConfigPersister( 2713): App-specific configuration not found for packageName: com.northstar.app and userId: 0
06-11 23:51:17.998 I/HardKeyTracker(23068): HardKeyTracker.unregisterKeySequence():259 Unregister key sequence phm{labelResId=2132020534, callback=ffb@43c3649, lastModifier=2, keyCodes=[37], actions=[0]}
06-11 23:51:17.998 I/HardKeyTracker(23068): HardKeyTracker.registerKeySequence():201 Register key sequence phm{labelResId=2132020534, callback=ffb@747c074, lastModifier=2, keyCodes=[37], actions=[0]}
06-11 23:51:17.998 I/HardKeyTracker(23068): HardKeyTracker.unregisterKeySequence():259 Unregister key sequence phm{labelResId=2132020534, callback=ffb@ba38b4e, lastModifier=2, keyCodes=[37], actions=[0]}
06-11 23:51:17.998 I/HardKeyTracker(23068): HardKeyTracker.registerKeySequence():201 Register key sequence phm{labelResId=2132020534, callback=ffb@3e8799d, lastModifier=2, keyCodes=[37], actions=[0]}
06-11 23:51:17.998 I/KeyboardGroupDefParser(23068): KeyboardGroupDefParser.parseKeyboardGroupDef():73 parseKeyboardGroupDef() 2132213998 -> 0_resource_name_obfuscated : WaitTime = 2 ms : RunTime = 9 ms
06-11 23:51:17.998 I/NearbySharing(12870): Screen is unlocked
06-11 23:51:17.998 I/NearbySharing(12870): Uwb feature is off.
06-11 23:51:17.998 I/NearbySharing(12870): Uwb feature is off.
06-11 23:51:17.999 E/WifiScanningService( 2713): Failed to unregister death recipient! com.android.server.wifi.scanner.WifiScanningServiceImpl$InternalListener@e7da02d
06-11 23:51:18.002 I/FusedLocation(12870): (REDACTED) stationary throttling engaged @%s
06-11 23:51:18.003 E/NtSmartWifi( 2713): accept a new WifiNetworkSelectionConfig
06-11 23:51:18.003 D/NtSmartWifi( 2713): print currentConfig:
06-11 23:51:18.003 D/NtSmartWifi( 2713): mSufficiencyCheckEnabledWhenScreenOff=true, mSufficiencyCheckEnabledWhenScreenOn=true, mAssociatedNetworkSelectionOverride=0, mUserConnectChoiceOverrideEnabled=true, mLastSelectionWeightEnabled=false, mRssi2Thresholds=[-83, -80, -73, -60], mRssi5Thresholds=[-80, -77, -70, -57], mRssi6Thresholds=[-80, -77, -70, -57], mFrequencyWeights={}
06-11 23:51:18.003 D/NtSmartWifi( 2713): setTcpFailedRate with screenOn=true, mWifiConnected=false, mSmartWifiEnabled=true, onlinecfg=true
06-11 23:51:18.004 I/NearbySharing(12870): NearbySharing Internal event ReceiveVisibilityChange(visibility=1)
06-11 23:51:18.006 I/NearbySharing(12870): SendProvider: Starting discovery with options: SendManagerOptions(mode=BACKGROUND, flowId=6168479622222922584, uwbSenderInfo=null, deviceType=1, dataUsage=2, vendorId=0).
06-11 23:51:18.006 I/NearbySharing(12870): NearbySharing Internal event SendManagerStart(mode=BACKGROUND, useCase=0, sendSurfaceState=0, sendSurfaceStartTimeMillis=-1, useQrCode=false, success=true)
06-11 23:51:18.006 I/NearbySharing(12870): Scanning has started in the BACKGROUND
06-11 23:51:18.006 D/UpdateManager( 9080): Weather data of location Boduppal - Telangana, India fetched from cache
06-11 23:51:18.007 I/FusedLocation(12870): (REDACTED) location delivery to %s blocked - too fast
06-11 23:51:18.008 I/NearbySharing(12870): Stopping Fast Init advertisement because we're not scanning in the foreground.
06-11 23:51:17.590 I/tfa98xx Active_profile( 2615): speaker, next_profile:speaker
06-11 23:51:17.590 I/        ( 2615): tfa98xx Current HW manager state:
06-11 23:51:17.590 I/        ( 2615): tfa98xx power_down_state
06-11 23:51:17.591 I/        ( 2615): tfa98xx Startup of device [P] is a warmstart
06-11 23:51:17.591 I/[schedu][0x21cde1dd802][18:21:18.009192] wcn7750(17750): [17750:I:OSIF] scan start scan id 41211
06-11 23:51:18.009 I/FusedLocation(12870): (REDACTED) location delivery to %s blocked - too close
06-11 23:51:18.010 I/FusedLocation(12870): (REDACTED) location delivery to %s blocked - too close
06-11 23:51:18.011 I/FusedLocation(12870): (REDACTED) stationary throttling engaged @%s
06-11 23:51:17.593 I/        ( 2615): tfa98xx Current HW manager state:
06-11 23:51:18.011 D/StNfcHal( 2075): (#07517) Rx 6f 02 0f (hidden)
06-11 23:51:18.012 I/sensors-hal( 1639): handle_sns_std_sensor_event:79, ambient_light_event: ssc_ts 0x21CDE1A5C6A hal_ts 120985175553290 lux 1.000 cct 5648.126 [10.000 446400.000 333430.000 290.000 8.020 8.184 -2.722 26.710 28.913 2.655 3.151 3.151 -2.103 8.182]
06-11 23:51:17.593 I/        ( 2615): tfa98xx operating_state
06-11 23:51:18.011 D/StNfcHal( 2075): HalStopTimer 
06-11 23:51:18.013 I/NearbySharing(12870): Start advertising with mode BACKGROUND certificate visibility ALL_CONTACTS data usage preference ONLINE, bt advertising false, vendorId 0, deviceName included: false
06-11 23:51:18.013 I/NearbySharing(12870): Uwb feature is off.
06-11 23:51:18.013 I/NearbySharing(12870): Updating advertising options for [dxux@5d485c2] providers
06-11 23:51:18.013 I/NearbySharing(12870): Updating advertising options: AdvertisingOptions{mode=BACKGROUND, dataUsage=2, flowId=0, uwbSenderInfo=[], deviceType=1, bluetoothClassicEnabled=false, useStableIdentifiers=false, allowGattConnections=false, allowBleL2capConnections=false, vendorId=0, advertisePlaintextDeviceName=false, isPinCodeEnabled=false}
06-11 23:51:18.013 I/NearbySharing(12870): ReceiveProvider: Received request to update advertising.
06-11 23:51:18.014 I/FusedLocation(12870): (REDACTED) location delivery to %s blocked - too close
06-11 23:51:17.596 I/        ( 2615): tfa98xx Current HW manager state:
06-11 23:51:17.596 I/        ( 2615): tfa98xx operating_state
06-11 23:51:17.596 I/tfa98xx 5-0034( 2615): tfa_dev_start success (0)
06-11 23:51:17.596 I/tfa98xx_mute()( 2615): tfa98xx_mute[0x35]: state: 0, stream : 0
06-11 23:51:17.596 I/tfa98xx_mute()( 2615): tfa98xx: send_calib_values from HAL
06-11 23:51:18.016 I/BatchScanningManager(12870): Batch scanner stopped/cancelled (if it was running/scheduled). [CONTEXT service_id=284 ]
06-11 23:51:18.016 I/NearbySharing(12870): Advertising has started with mode BACKGROUND, Bt enabled : false
06-11 23:51:18.017 D/BluetoothAdapter(12870): isLeEnabled(): ON
06-11 23:51:18.017 I/NearbyConnections(12870): Client 149306909 requested discovery to start.
06-11 23:51:18.017 I/NearbyConnections(12870): 149306909 0p:com.google.android.gms.nearby.sharing startDiscovery in nc mode.
06-11 23:51:18.018 I/Nearby  (12870): (REDACTED) Note nearby client %s for operation %s
06-11 23:51:18.018 D/OomAdjuster( 2713): process : com.android.systemui, pid = 3541, isTop = false, uid = 10222, hasActivity = false
06-11 23:51:18.018 D/OomAdjuster( 2713): system app not need limit!
06-11 23:51:18.019 W/IPCThreadState( 1859): Sending oneway calls to frozen process.
06-11 23:51:18.019 W/IPCThreadState( 1859): Sending oneway calls to frozen process.
06-11 23:51:18.019 D/OomAdjuster( 2713): set group = -1
06-11 23:51:18.019 D/OomAdjuster( 2713): set cpuset: -1
06-11 23:51:18.019 I/NearbyConnections(12870): Get local endpoint id from the existing localEndpointId:ML6J (last:Z6B5) for client 149306909(0p:com.google.android.gms.nearby.sharing)
06-11 23:51:18.019 I/NearbyDiscovery(12870): (REDACTED) FastPairHandler: Received action %s
06-11 23:51:18.019 I/NearbyDiscovery(12870): (REDACTED) PureOffloadFastPairScanner: eventType=%s, isInternalReq=%s, isScanning=%s, isScanningAllowed=%s
06-11 23:51:18.020 D/StNfcHal( 2075): (#07518) Rx 6f 02 09 (hidden)
06-11 23:51:18.020 D/StNfcHal( 2075): HalStopTimer 
06-11 23:51:18.020 I/NearbyDiscovery(12870): (REDACTED) ApFastPairScanner: isScreenOn=%s, isLocationEnabled=%s, disableLocationRequirement=%s, isDiscoveryScanningEnabled=%s, during24GhzWifiWarmingUpPeriod=%s
06-11 23:51:18.021 D/BluetoothAdapter(12870): isLeEnabled(): ON
06-11 23:51:18.021 I/NearbyDiscovery(12870): (REDACTED) ApFastPairScanner: eventType=%s, intReq=%s, scanning=%s, scanAllowed=%s, bleEnabled=%s, lockScanRate=%s, startScanningByLowPowerMode=%s
06-11 23:51:18.022 W/LogPrintlnFixie(10242): Hook disabled by config
06-11 23:51:18.022 I/sensors-hal( 1639): handle_sns_std_sensor_event:70, ambient_light_back_event: ssc_ts 0x21CDE1F01D2 hal_ts 120985191412040 lux 0.000 ch0 0.000
06-11 23:51:18.024 I/NearbyDiscovery(12870): (REDACTED) ApFastPairScanner: isScreenOn=%s, isLocationEnabled=%s, disableLocationRequirement=%s, isDiscoveryScanningEnabled=%s, during24GhzWifiWarmingUpPeriod=%s
06-11 23:51:18.024 I/NearbyMediums(12870): NFC discovery successfully started.
06-11 23:51:18.025 I/NearbyDiscovery(12870): (REDACTED) ApFastPairScanner: Start scanning internally, %s
06-11 23:51:18.026 I/NearbyMediums(12870): In ScanningCancellationFlag, service-id=NearbySharing has become the first scanner. The flag has been reset.
06-11 23:51:18.027 D/BluetoothAdapter(12870): isLeEnabled(): ON
06-11 23:51:17.607 I/tfa98xx Active_profile( 2615): speaker, next_profile:speaker
06-11 23:51:17.607 I/        ( 2615): tfa98xx Current HW manager state:
06-11 23:51:17.607 I/        ( 2615): tfa98xx power_down_state
06-11 23:51:17.607 I/        ( 2615): tfa98xx Startup of device [S] is a warmstart
06-11 23:51:18.027 I/FusedLocation(12870): (REDACTED) location delivery to %s blocked - too fast
06-11 23:51:17.610 I/        ( 2615): tfa98xx Current HW manager state:
06-11 23:51:17.610 I/        ( 2615): tfa98xx operating_state
06-11 23:51:18.028 I/NearbySharing(12870): Starting scanning for Fast Initiation.
06-11 23:51:18.028 D/BluetoothAdapter(12870): isLeEnabled(): ON
06-11 23:51:18.029 D/BluetoothAdapter(12870): isLeEnabled(): ON
06-11 23:51:17.612 I/        ( 2615): tfa98xx Current HW manager state:
06-11 23:51:17.612 I/        ( 2615): tfa98xx operating_state
06-11 23:51:17.612 I/tfa98xx 5-0035( 2615): tfa_dev_start success (0)
06-11 23:51:18.031 I/PAL: API( 1645): pal_stream_start: 449: Exit. status 0
06-11 23:51:18.032 I/AHAL_StreamOut_QTI( 1645): configure : usecase: LOW_LATENCY_PLAYBACK IoHandle: 13 : stream is configured
06-11 23:51:18.032 I/AHAL_StreamOut_QTI( 1645): configure : usecase: LOW_LATENCY_PLAYBACK IoHandle: 13 : completed in 77.9161 ms [pal_stream_open: 2.75557, ms pal_stream_start: 75.0734 ms]
06-11 23:51:18.032 D/AudioFlinger( 1833): stream out write(0) process 78 ms
06-11 23:51:18.032 I/bt_shim_scanner( 3720): system/main/shim/le_scanning_manager.cc:141 RegisterScanner: in shim layer, UUID=25e3d449-b584-4385-ac73-679c8025980b
06-11 23:51:18.033 D/BluetoothLeScanner(12870): onScannerRegistered() - status=0 scannerId=2 mScannerId=0
06-11 23:51:18.034 I/NearbySharing(12870): Loading certificates with visibility ALL_CONTACTS
06-11 23:51:18.035 I/NearbySharing(12870): Saving the private certificate to file nearby_sharing_private_certificate_file_for_all_contacts.
06-11 23:51:18.037 D/AGM: graph( 1645): graph_prepare: 807 entry graph_handle 0x347534c
06-11 23:51:18.037 D/AGM: graph_module( 1645): configure_hw_ep_media_config: 636 entry mod tag c0000005 miid 49ea mid 700100b
06-11 23:51:18.037 D/AGM: graph_module( 1645): configure_hw_ep_media_config: 666 rate 48000 bw 32 ch 2, data_fmt 1
06-11 23:51:18.037 D/AGM: graph_module( 1645): configure_hw_ep_media_config: 676 exit, ret 0
06-11 23:51:18.038 D/AGM: graph_module( 1645): configure_i2s_ep: 357 exit, ret 0
06-11 23:51:18.039 D/AGM: graph( 1645): graph_prepare: 885 exit, ret 0
06-11 23:51:18.039 D/AGM: graph( 1645): graph_start: 899 entry graph_handle 0x347534c
06-11 23:51:18.040 I/bt_shim_scanner( 3720): system/main/shim/le_scanning_manager.cc:141 RegisterScanner: in shim layer, UUID=fc451168-01b6-401d-82a4-db2d3cf71121
06-11 23:51:18.041 D/AGM: graph( 1645): graph_start: 912 exit, ret 0
06-11 23:51:18.041 I/UpdateWidgetService( 9080): Received: com.widget.dd.com.widgetapp.action.location.UPDATE
06-11 23:51:18.041 D/BluetoothLeScanner(12870): onScannerRegistered() - status=0 scannerId=3 mScannerId=0
06-11 23:51:18.041 D/UpdateManager( 9080): Widget 10 updated.
06-11 23:51:18.041 D/UpdateManager( 9080): Updating all widgets
06-11 23:51:18.042 D/AppWidgetServiceImpl( 2713): Trying to notify widget update for package widget.dd.com.overdrop.free with widget id: 10
06-11 23:51:17.626 I/tfa98xx_mute()(10400): tfa98xx_mute[0x34]: state: 0, stream : 1
06-11 23:51:17.626 I/tfa98xx_dsp_init()(10400): tfa98xx: Stream already started, skipping DSP power-on
06-11 23:51:17.626 I/tfa98xx_mute()(10400): tfa98xx_mute[0x35]: state: 0, stream : 1
06-11 23:51:17.626 I/tfa98xx_dsp_init()(10400): tfa98xx: Stream already started, skipping DSP power-on
06-11 23:51:18.044 I/NearbySharing(12870): Started scanning for FastInitiation with mode: SCAN_MODE_BALANCED
06-11 23:51:18.044 I/vendor.qti.hardware.servicetrackeraidl-service( 1740): bindService is called for service : com.google.android.gms/.chimera.PersistentApiServiceNoInstantApps and for client com.google.android.gms.persistent
06-11 23:51:18.044 I/vendor.qti.hardware.servicetrackeraidl-service( 1740): total connections for service : com.google.android.gms/.chimera.PersistentApiServiceNoInstantAppsare :1
06-11 23:51:18.044 I/vendor.qti.hardware.servicetrackeraidl-service( 1740): total connections for client : com.google.android.gms.persistentare :7
06-11 23:51:18.047 I/bt_shim_scanner( 3720): system/main/shim/le_scanning_manager.cc:141 RegisterScanner: in shim layer, UUID=6f1f2baa-b351-42dc-931f-1b742487ec8b
06-11 23:51:18.047 D/BoundBrokerSvc(12870): onRebind: Intent { act=com.google.android.gms.nearby.presence.service.START dat=chimera-action:/... xflg=0x4 cmp=com.google.android.gms/.chimera.PersistentApiServiceNoInstantApps }
06-11 23:51:18.050 I/FrewleTileCacheManagerV(12870): (REDACTED) Fetched %d AP models from cache
06-11 23:51:18.053 I/NearbySharing(12870): Network state changed: NetworkState(isRestricted=false, isOnline=true, isCongested=false, isMetered=true, isWifiConnected=false)
06-11 23:51:18.053 I/NearbySharing(12870): Network state changed: NetworkState(isRestricted=false, isOnline=true, isCongested=false, isMetered=true, isWifiConnected=false)
06-11 23:51:18.053 I/vendor.qti.bluetooth@1.0-ibs_handler( 1628): ProcessIbsCmd: Received IBS_SLEEP_IND: 0xFE
06-11 23:51:18.054 I/NearbyConnections(12870): ClientProxy(0p:com.google.android.gms.nearby.sharing) allow WebRtc to use mobile data.
06-11 23:51:18.054 I/NearbyConnections(12870): Client 149306909 requested to update advertising options.
06-11 23:51:18.054 I/FrewleTileCacheManagerV(12870): (REDACTED) Fetched %d AP models from cache
06-11 23:51:18.055 I/FrewleTileCacheManagerV(12870): (REDACTED) Fetched %d AP models from cache
06-11 23:51:18.056 I/bt_shim_scanner( 3720): system/main/shim/le_scanning_manager.cc:242 ScanFilterEnable: in shim layer
06-11 23:51:18.057 I/vendor.qti.bluetooth@1.0-ibs_handler( 1628): ProcessIbsCmd: Received IBS_WAKE_IND: 0xFD
06-11 23:51:18.057 I/vendor.qti.bluetooth@1.0-ibs_handler( 1628): ProcessIbsCmd: Writing IBS_WAKE_ACK
06-11 23:51:18.059 I/NearbySharing(12870): Fast Initiation Scanning has started
06-11 23:51:18.060 I/NearbySharing(12870): Dismissing HUN as there's no device nearby.
06-11 23:51:18.060 I/NearbyMediums(12870): Started BLE scanning, service-id=NearbySharing, is-extended-advert=true, power-level=2, scan-mode=3
06-11 23:51:18.061 I/NearbyConnections(12870): Listening to visibility changes for client 149306909
06-11 23:51:18.062 I/Nearby  (12870): (REDACTED) Note nearby client %s for operation %s
06-11 23:51:18.064 I/NearbyConnections(12870): [InstantConnectionPcpMgr] In invalidateTxAdvertisementScanning(by pre_updateAdvertising) tx advertisement scanning skipped or stopped for endpointId: serviceId:NearbySharing isScreenUnlocked:true isAdvertising:true powerLevel:LOW isTxScanning:false
06-11 23:51:18.064 I/NearbyConnections(12870): [PcpManager] In updateAdvertisingOptions() advertisingMediums:[WIFI_DIRECT, WIFI_HOTSPOT, WIFI_AWARE, WIFI_LAN, BLE] upgradeMediums:[USB, WIFI_LAN, WIFI_DIRECT, WIFI_AWARE, WIFI_HOTSPOT, WEB_RTC, BLE_L2CAP, BLUETOOTH, BLE, NFC] requireRegisterWifiStatusChangedCallback:true
06-11 23:51:18.065 I/NearbyConnections(12870): Instant Connection Security key rotated.
06-11 23:51:18.065 I/NearbyConnections(12870): Scheduled invalidation of the HPKE key alarm (delayMillis:8000) for client 149306909
06-11 23:51:18.065 I/NearbyConnections(12870): Get local endpoint id from random generation YCFQ (last:ML6J) for client 149306909
06-11 23:51:18.068 D/BluetoothLeScanner(12870): onScannerRegistered() - status=0 scannerId=4 mScannerId=0
06-11 23:51:18.071 I/bt_shim_scanner( 3720): system/main/shim/le_scanning_manager.cc:219 ScanFilterAdd: in shim layer
06-11 23:51:18.071 I/NearbyMediums(12870): [DeviceCapabilities] Get wifi usable channels from cache for mode WFD_GC (tryToRefreshCache:false channels:[2412..2472, 5500..5700, 5745..5825])
06-11 23:51:18.072 I/NearbyMediums(12870): [DeviceCapabilities] Get wifi usable channels from cache for mode WFD_GO (tryToRefreshCache:false channels:[2412..2472, 5745..5825])
06-11 23:51:18.073 I/NearbyMediums(12870): [DeviceCapabilities] Get wifi usable channels from cache for mode STA (tryToRefreshCache:false channels:[2412..2472, 5500..5700, 5745..5825])
06-11 23:51:18.073 I/NearbyMediums(12870): [DeviceCapabilities] Get wifi usable channels from cache for mode AWARE (tryToRefreshCache:false channels:[2412..2472, 5745..5825])
06-11 23:51:18.073 I/NearbyConnections(12870): In generateRxInstantConnectionAdvBytes() advertisingMediums:[WIFI_DIRECT, WIFI_HOTSPOT, WIFI_AWARE, WIFI_LAN, BLE] capabilitiesSize:4 apFreq:-1 wfdGcUsableOrAvailableChs:[2412..2472, 5500..5700, 5745..5825] wfdGoUsableOrAvailableChs:[2412..2472, 5745..5825] hsStaUsableOrAvailableChs:[2412..2472, 5500..5700, 5745..5825] awareUsableOrAvailableChs:[2412..2472, 5745..5825] rxAdvertisement(size:57):A0:17:09:86:8C:F2:9A:0D:8C:8F:D9:29:CE:21:A1:DB:B8:23:33:B2:65:A8:DC:8B:90:32:0F:CB:FB:D2:3A:F6:26:26:84:15:05:7C:00:00:84:15:06:60:00:00:84:15:04:7C:00:00:83:15:01:FF:FF
06-11 23:51:18.073 I/bt_shim_scanner( 3720): system/main/shim/le_scanning_manager.cc:186 ScanFilterParamSetup: in shim layer, clientIf=2
06-11 23:51:18.074 W/facebook.katana(10242): JNI RegisterNativeMethods: attempt to register 0 native methods for com.facebook.omnistore.OmnistoreCollectionFrontendHolder
06-11 23:51:18.074 I/bt_shim_scanner( 3720): system/main/shim/le_scanning_manager.cc:219 ScanFilterAdd: in shim layer
06-11 23:51:18.075 I/NearbyMediums(12870): Device token rotated, old deviceToken : [ 0x12 0xe3 ].
06-11 23:51:18.075 I/bluetooth_core::gatt::server::isolation_manager( 3720): removing server (if any) associated with advertiser AdvertiserId(1)
06-11 23:51:18.075 I/bt_shim_advertiser( 3720): system/main/shim/le_advertising_manager.cc:112 Unregister: in shim layer
06-11 23:51:18.076 I/bluetooth( 3720): system/gd/hci/le_address_manager.cc:280 unregister_client: Client unregistered
06-11 23:51:18.076 I/bt_shim_scanner( 3720): system/main/shim/le_scanning_manager.cc:186 ScanFilterParamSetup: in shim layer, clientIf=2
06-11 23:51:18.076 I/bt_shim_scanner( 3720): system/main/shim/le_scanning_manager.cc:153 Scan: in shim layer started
06-11 23:51:18.076 I/bluetooth( 3720): system/gd/hci/le_scanning_manager.cc:650 stop_scan: Scanning already stopped, return!
06-11 23:51:18.076 I/bt_shim_scanner( 3720): system/main/shim/le_scanning_manager.cc:153 Scan: in shim layer stopped
06-11 23:51:18.076 I/bluetooth( 3720): system/gd/hci/le_address_manager.cc:265 register_client: Client registered
06-11 23:51:18.076 I/bluetooth( 3720): system/gd/hci/le_address_manager.cc:280 unregister_client: Client unregistered
06-11 23:51:18.076 W/ScanManager( 3720): There is no scan radio to stop
06-11 23:51:18.076 W/BtGatt.JNI( 3720): android/app/jni/com_android_bluetooth_gatt.cpp:1565 gattSetScanParametersNative: gattSetScanParametersNative
06-11 23:51:18.076 I/bt_shim_scanner( 3720): system/main/shim/le_scanning_manager.cc:317 SetScanParameters: in shim layer, scannerId1m=2, scannerIdCoded=0
06-11 23:51:18.076 I/bt_shim_scanner( 3720): system/main/shim/le_scanning_manager.cc:153 Scan: in shim layer started
06-11 23:51:18.076 I/bluetooth( 3720): system/gd/hci/le_scanning_manager.cc:650 stop_scan: Scanning already stopped, return!
06-11 23:51:18.076 I/bluetooth( 3720): system/gd/hci/le_address_manager.cc:265 register_client: Client registered
06-11 23:51:18.077 I/NearbyMediums(12870): ModuleInitializer handles incoming intent android.intent.action.USER_PRESENT
06-11 23:51:18.081 W/JobInfo (10242): Job 'com.facebook.katana/com.facebook.analytics2.logger.legacy.uploader.LollipopUploadService#2131366273' has a deadline with functional constraints and an extremely short time window of 0 ms (delay=300000, deadline=300000). The functional constraints are not likely to be satisfied when the job runs.
06-11 23:51:18.082 D/BluetoothAdapter(12870): isLeEnabled(): ON
06-11 23:51:18.082 D/BluetoothLeAdvertiser(12870):  Total bytes: size:10
06-11 23:51:18.082 D/AudioTrack( 3541): updateStateToService: AudioTrackStatus state:0
06-11 23:51:18.083 W/JobInfo ( 2713): Job 'com.facebook.katana/com.facebook.analytics2.logger.legacy.uploader.LollipopUploadService#2131366273' has a deadline with functional constraints and an extremely short time window of 0 ms (delay=300000, deadline=300000). The functional constraints are not likely to be satisfied when the job runs.
06-11 23:51:18.083 W/JobInfo ( 2713): Job 'com.facebook.katana/com.facebook.analytics2.logger.legacy.uploader.LollipopUploadService#2131366273' has a deadline with functional constraints and an extremely short time window of 0 ms (delay=300000, deadline=300000). The functional constraints are not likely to be satisfied when the job runs.
06-11 23:51:18.083 D/AS.AudioService( 2713): AudioTrackStatus: pid = 3541; uid = 10222; sessionId = 13393; streamType = 1; state = 0; pkgName = com.android.systemui
06-11 23:51:18.083 D/AS.AudioService( 2713): [reportAudioTrackStatusChanged]start broadcast, pid = 3541, uid = 10222, status = 0, streamType = 1, pkgName = com.android.systemui, sessionId = 13393
06-11 23:51:18.083 D/UpdateManager( 9080): Weather data of location Boduppal - Telangana, India fetched from cache
06-11 23:51:18.084 D/NtAudioGlyphServiceImpl( 2713): invalidateAudioLightRequests size#0 current null target null
06-11 23:51:18.086 D/AS.AudioService( 2713): [reportAudioTrackStatusChanged]finish broadcast
06-11 23:51:18.087 I/NearbyDiscovery(12870): (REDACTED) ApFastPairScanner: Starting %s scan for %s seconds
06-11 23:51:18.088 I/NearbyDiscovery(12870): FastPairController: onSystemStateChanged: skip due to flag disabled [CONTEXT service_id=265 ]
06-11 23:51:18.093 I/bt_shim_scanner( 3720): system/main/shim/le_scanning_manager.cc:242 ScanFilterEnable: in shim layer
06-11 23:51:18.099 I/sensors-hal( 1639): handle_sns_std_sensor_event:79, ambient_light_event: ssc_ts 0x21CDE3511F7 hal_ts 120985266720633 lux 1.000 cct 5648.126 [10.000 392900.000 333430.000 290.000 7.092 6.004 -3.059 22.447 13.162 -6.633 -3.589 -3.589 -9.281 -9.376]
06-11 23:51:18.099 I/bt_shim_advertiser( 3720): system/main/shim/le_advertising_manager.cc:197 StartAdvertisingSet: in shim layer
06-11 23:51:18.099 I/bt_shim_advertiser( 3720): system/main/shim/le_advertising_manager.cc:223 StartAdvertisingSet: create advertising set, client_id:255, reg_id:-1954
06-11 23:51:18.103 I/bluetooth( 3720): system/gd/hci/le_advertising_manager.cc:736 create_extended_advertiser_with_id: Scheduling address rotation for advertiser_id=0
06-11 23:51:18.103 I/bluetooth( 3720): system/gd/hci/le_address_manager.cc:578 GetNextPrivateAddressIntervalRange: client=advertising_set_0, nonwake=8m58s, wake=13m9s
06-11 23:51:18.103 I/bluetooth( 3720): system/gd/hci/le_advertising_manager.cc:1688 set_enc_data: Scan Response Data
06-11 23:51:18.103 I/bluetooth( 3720): system/gd/hci/le_advertising_manager.cc:1688 set_enc_data: Advertising Data
06-11 23:51:18.103 I/bluetooth( 3720): Data: F3FE110183E73958 Data Type:  Size: 8
06-11 23:51:18.103 I/bluetooth( 3720): system/gd/hci/le_address_manager.cc:265 register_client: Client registered
06-11 23:51:18.103 I/vendor.qti.hardware.servicetrackeraidl-service( 1740): bindService is called for service : com.google.android.gms/.chimera.PersistentApiService and for client com.google.android.gms.persistent
06-11 23:51:18.103 I/vendor.qti.hardware.servicetrackeraidl-service( 1740): total connections for service : com.google.android.gms/.chimera.PersistentApiServiceare :49
06-11 23:51:18.104 I/vendor.qti.hardware.servicetrackeraidl-service( 1740): total connections for client : com.google.android.gms.persistentare :7
06-11 23:51:18.104 I/PersonalSafety(16589): ConnectivityProtectionLockingIntentOperation: cancelled task [CONTEXT service_id=310 ]
06-11 23:51:18.105 I/SystemUpdate(16589): [Phone,PhoneModuleInitIntentOperation] Enabling the system update activity since the user is allowed to update.
06-11 23:51:18.107 I/bluetooth( 3720): system/gd/hci/le_advertising_manager.cc:2525 on_set_advertising_set_random_address_complete: update random address for advertising set 0 : xx:xx:xx:xx:4a:bb
06-11 23:51:18.108 W/NearbyPresence(12870): TidepoolIdentityProvider: Main Tidepool status toggle not enabled! Returned empty shared credentials. [CONTEXT service_id=317 ]
06-11 23:51:18.108 W/NearbyPresence(12870): TidepoolIdentityProvider: Main Tidepool status toggle not enabled! Returned empty broadcast credentials. [CONTEXT service_id=317 ]
06-11 23:51:18.108 W/NearbyPresence(12870): TidepoolIdentityProvider: Main Tidepool status toggle not enabled! Returned empty shared credentials. [CONTEXT service_id=317 ]
06-11 23:51:18.108 W/NearbyPresence(12870): TidepoolIdentityProvider: Main Tidepool status toggle not enabled! Returned empty broadcast credentials. [CONTEXT service_id=317 ]
06-11 23:51:18.110 I/vendor.qti.hardware.servicetrackeraidl-service( 1740): bindService is called for service : com.google.android.gms/.chimera.GmsApiService and for client com.google.android.gms.persistent
06-11 23:51:18.110 I/vendor.qti.hardware.servicetrackeraidl-service( 1740): total connections for service : com.google.android.gms/.chimera.GmsApiServiceare :15
06-11 23:51:18.110 I/vendor.qti.hardware.servicetrackeraidl-service( 1740): total connections for client : com.google.android.gms.persistentare :7
06-11 23:51:18.111 I/bt_shim_scanner( 3720): system/main/shim/le_scanning_manager.cc:219 ScanFilterAdd: in shim layer
06-11 23:51:18.112 I/bt_shim_scanner( 3720): system/main/shim/le_scanning_manager.cc:186 ScanFilterParamSetup: in shim layer, clientIf=3
06-11 23:51:18.112 I/bt_shim_scanner( 3720): system/main/shim/le_scanning_manager.cc:219 ScanFilterAdd: in shim layer
06-11 23:51:18.112 I/bt_shim_scanner( 3720): system/main/shim/le_scanning_manager.cc:186 ScanFilterParamSetup: in shim layer, clientIf=3
06-11 23:51:18.113 I/bt_shim_scanner( 3720): system/main/shim/le_scanning_manager.cc:219 ScanFilterAdd: in shim layer
06-11 23:51:18.113 I/bt_shim_scanner( 3720): system/main/shim/le_scanning_manager.cc:186 ScanFilterParamSetup: in shim layer, clientIf=3
06-11 23:51:18.113 I/bt_shim_scanner( 3720): system/main/shim/le_scanning_manager.cc:153 Scan: in shim layer stopped
06-11 23:51:18.113 I/bluetooth( 3720): system/gd/hci/le_address_manager.cc:280 unregister_client: Client unregistered
06-11 23:51:18.115 W/BtGatt.JNI( 3720): android/app/jni/com_android_bluetooth_gatt.cpp:1565 gattSetScanParametersNative: gattSetScanParametersNative
06-11 23:51:18.115 I/bt_shim_scanner( 3720): system/main/shim/le_scanning_manager.cc:317 SetScanParameters: in shim layer, scannerId1m=3, scannerIdCoded=0
06-11 23:51:18.115 I/bt_shim_scanner( 3720): system/main/shim/le_scanning_manager.cc:153 Scan: in shim layer started
06-11 23:51:18.115 I/bluetooth( 3720): system/gd/hci/le_scanning_manager.cc:650 stop_scan: Scanning already stopped, return!
06-11 23:51:18.115 I/bluetooth( 3720): system/gd/hci/le_address_manager.cc:265 register_client: Client registered
06-11 23:51:18.119 I/bt_shim_scanner( 3720): system/main/shim/le_scanning_manager.cc:242 ScanFilterEnable: in shim layer
06-11 23:51:18.119 I/NearbyMediums(12870): Successfully stopped BLE advertising for service NearbySharing
06-11 23:51:18.119 I/NearbyMediums(12870): [InstantOnLostManager] Start instant onLost extended advertising, hashes = [ 0x83 0xe7 0x39 0x58 ].
06-11 23:51:18.120 I/bt_shim_scanner( 3720): system/main/shim/le_scanning_manager.cc:219 ScanFilterAdd: in shim layer
06-11 23:51:18.121 I/bt_shim_scanner( 3720): system/main/shim/le_scanning_manager.cc:186 ScanFilterParamSetup: in shim layer, clientIf=4
06-11 23:51:18.122 D/BluetoothAdapter(12870): isLeEnabled(): ON
06-11 23:51:18.123 I/RCNIntentOperation(12870): RCN is disabled on this network.
06-11 23:51:18.126 I/bt_shim_scanner( 3720): system/main/shim/le_scanning_manager.cc:219 ScanFilterAdd: in shim layer
06-11 23:51:18.127 D/BluetoothLeAdvertiser(12870):  Total bytes: size:90
06-11 23:51:18.129 I/bt_shim_scanner( 3720): system/main/shim/le_scanning_manager.cc:186 ScanFilterParamSetup: in shim layer, clientIf=4
06-11 23:51:18.129 I/bt_shim_scanner( 3720): system/main/shim/le_scanning_manager.cc:219 ScanFilterAdd: in shim layer
06-11 23:51:18.131 I/bt_shim_scanner( 3720): system/main/shim/le_scanning_manager.cc:186 ScanFilterParamSetup: in shim layer, clientIf=4
06-11 23:51:18.134 I/TFLite-in-PlayServices(12870): Created interpreter.
06-11 23:51:18.134 W/NearbyPresence(12870): TidepoolIdentityProvider: Main Tidepool status toggle not enabled! Returned empty broadcast credentials. [CONTEXT service_id=317 ]
06-11 23:51:18.134 W/NearbyPresence(12870): TidepoolIdentityProvider: Main Tidepool status toggle not enabled! Returned empty shared credentials. [CONTEXT service_id=317 ]
06-11 23:51:18.136 I/bt_shim_advertiser( 3720): system/main/shim/le_advertising_manager.cc:197 StartAdvertisingSet: in shim layer
06-11 23:51:18.136 I/bt_shim_advertiser( 3720): system/main/shim/le_advertising_manager.cc:223 StartAdvertisingSet: create advertising set, client_id:255, reg_id:-1955
06-11 23:51:18.136 I/bluetooth( 3720): system/gd/hci/le_advertising_manager.cc:736 create_extended_advertiser_with_id: Scheduling address rotation for advertiser_id=1
06-11 23:51:18.136 I/bluetooth( 3720): system/gd/hci/le_address_manager.cc:578 GetNextPrivateAddressIntervalRange: client=advertising_set_1, nonwake=7m0s, wake=14m41s
06-11 23:51:18.136 I/bluetooth( 3720): system/gd/hci/le_advertising_manager.cc:1688 set_enc_data: Scan Response Data
06-11 23:51:18.136 I/bluetooth( 3720): system/gd/hci/le_advertising_manager.cc:1688 set_enc_data: Advertising Data
06-11 23:51:18.136 I/bluetooth( 3720): Data: F3FE4A172359434651113285FA0C619F2E0E7043E33300130BACC382940239A01709868CF29A0D8C8FD929CE21A1DBB82333B265A8DC8B90320FCBFBD23AF626268415057C00008415066000008415047C0000831501FFFF Data Type:  Size: 88
06-11 23:51:18.142 D/AF::Track( 1833): getNextBuffer, track(0xb400007c4ac61260) get null buffer, mState 6, mFillingStatus 939303092
06-11 23:51:18.143 I/TFLite-in-PlayServices(12870): Created interpreter.
06-11 23:51:18.145 I/system_server( 2713): AssetManager2(0xb40000761fd1eb78) locale list changing from [] to [en-GB]
06-11 23:51:18.150 E/KeymasterUtils(  994): IKMHal_sendCmd failed with rsp_header->status: -28
06-11 23:51:18.150 E/KeyMasterHalDevice(  994): abort_operation
06-11 23:51:18.150 E/KeyMasterHalDevice(  994): ret: -28
06-11 23:51:18.151 I/SemanticLocation(12870): (REDACTED) [Inferrer] %s%s
06-11 23:51:18.153 D/AudioTrack( 3541): stop(2468): prior state:STATE_ACTIVE
06-11 23:51:18.154 E/AppOps  ( 2713): attributionTag  not declared in manifest of com.android.systemui
06-11 23:51:18.154 E/AppOps  ( 2713): attributionTag  not declared in manifest of com.android.systemui
06-11 23:51:18.154 D/UpdateManager( 9080): Widget 10 updated.
06-11 23:51:18.154 D/AudioTrack( 3541): updateStateToService: AudioTrackStatus state:1
06-11 23:51:18.154 D/AS.AudioService( 2713): AudioTrackStatus: pid = 3541; uid = 10222; sessionId = 13393; streamType = 1; state = 1; pkgName = com.android.systemui
06-11 23:51:18.154 D/AS.AudioService( 2713): [reportAudioTrackStatusChanged]start broadcast, pid = 3541, uid = 10222, status = 1, streamType = 1, pkgName = com.android.systemui, sessionId = 13393
06-11 23:51:18.155 D/AS.AudioService( 2713): [reportAudioTrackStatusChanged]finish broadcast
06-11 23:51:18.156 D/AppWidgetServiceImpl( 2713): Trying to notify widget update for package widget.dd.com.overdrop.free with widget id: 10
06-11 23:51:18.158 D/BluetoothSap( 3541): getConnectionState(XX:XX:XX:XX:B3:9E)
06-11 23:51:18.161 I/AdrenoGLES-0(10242): QUALCOMM build                   : 4e394f1848, Id1d5872b13
06-11 23:51:18.161 I/AdrenoGLES-0(10242): Build Date                       : 01/30/26
06-11 23:51:18.161 I/AdrenoGLES-0(10242): OpenGL ES Shader Compiler Version: E031.47.18.47
06-11 23:51:18.161 I/AdrenoGLES-0(10242): Local Branch                     : 
06-11 23:51:18.161 I/AdrenoGLES-0(10242): Remote Branch                    : refs/tags/AU_LINUX_ANDROID_LA.VENDOR.15.4.0.11.00.00.1088.862
06-11 23:51:18.161 I/AdrenoGLES-0(10242): Remote Branch                    : NONE
06-11 23:51:18.161 I/AdrenoGLES-0(10242): Reconstruct Branch               : NOTHING
06-11 23:51:18.161 I/AdrenoGLES-0(10242): Build Config                     : S P 18.0.0 AArch64
06-11 23:51:18.162 I/AdrenoGLES-0(10242): Driver Path                      : /vendor/lib64/egl/libGLESv2_adreno.so
06-11 23:51:18.162 I/AdrenoGLES-0(10242): Driver Version                   : 0800.70
06-11 23:51:18.162 I/AdrenoGLES-0(10242): Process Name                     : com.facebook.katana
06-11 23:51:18.164 E/KeymasterUtils(  994): IKMHal_sendCmd failed with rsp_header->status: -28
06-11 23:51:18.164 E/KeyMasterHalDevice(  994): abort_operation
06-11 23:51:18.164 E/KeyMasterHalDevice(  994): ret: -28
06-11 23:51:18.165 I/sensors-hal( 1639): handle_sns_std_sensor_event:70, ambient_light_back_event: ssc_ts 0x21CDE46F880 hal_ts 120985327821102 lux 0.000 ch0 0.000
06-11 23:51:18.166 I/bluetooth( 3720): system/gd/hci/le_advertising_manager.cc:2525 on_set_advertising_set_random_address_complete: update random address for advertising set 1 : xx:xx:xx:xx:16:f9
06-11 23:51:18.168 D/BluetoothSap( 3541): getConnectionState(XX:XX:XX:XX:B3:9E)
06-11 23:51:18.169 I/AdrenoGLES-0(10242): PFP: 0x01500081, ME: 0x01500022
06-11 23:51:17.753 I/servicemanager(  913): Caller(pid=10242,uid=10324,sid=u:r:untrusted_app:s0:c68,c257,c512,c768) Found vendor.qti.qspmhal.IQspmhal/default in device VINTF manifest.
06-11 23:51:18.171 I/NearbyMediums(12870): Started BLE extended advertising. Regular Advertised : false, Fast Advertised : true, AdvertisingSetting : BleAdvertisingSetting{powerLevel= BALANCED_POWER, isConnectable= false, isPrivateGatt= true}.
06-11 23:51:18.171 I/qspmHal ( 1782): enter getGpuProf at: -1209349669
06-11 23:51:18.171 I/qspmHal ( 1782): Coudn't match the GFX PID 10242 to AT PID 28902. Checking in local cache.
06-11 23:51:18.171 D/BluetoothAdapter(12870): isLeEnabled(): ON
06-11 23:51:18.171 I/qspmHal ( 1782): Found the GFX PID in cache
06-11 23:51:18.171 I/qspmHal ( 1782): PID 10242 from GFX matched.
06-11 23:51:18.171 I/qspmHal ( 1782): gpuProfName:com.facebook.katana-gpu - gpu prof_info.path:/data/vendor/gaming/com.facebook.katana-gpu
06-11 23:51:18.171 D/BluetoothLeAdvertiser(12870):  Total bytes: size:31
06-11 23:51:18.173 E/qspmHal ( 1782): GPU profile file NOT found !!
06-11 23:51:18.174 I/bt_shim_advertiser( 3720): system/main/shim/le_advertising_manager.cc:197 StartAdvertisingSet: in shim layer
06-11 23:51:18.174 I/bt_shim_advertiser( 3720): system/main/shim/le_advertising_manager.cc:223 StartAdvertisingSet: create advertising set, client_id:255, reg_id:-1956
06-11 23:51:18.174 I/bluetooth( 3720): system/gd/hci/le_advertising_manager.cc:736 create_extended_advertiser_with_id: Scheduling address rotation for advertiser_id=2
06-11 23:51:18.174 I/bluetooth( 3720): system/gd/hci/le_address_manager.cc:578 GetNextPrivateAddressIntervalRange: client=advertising_set_2, nonwake=7m53s, wake=13m56s
06-11 23:51:18.174 I/bluetooth( 3720): system/gd/hci/le_advertising_manager.cc:1688 set_enc_data: Scan Response Data
06-11 23:51:18.174 I/bluetooth( 3720): system/gd/hci/le_advertising_manager.cc:1688 set_enc_data: Advertising Data
06-11 23:51:18.174 I/bluetooth( 3720): Data: F3FE4A172359434651113285FA0C619F2E0E7043E33300130BACC38294 Data Type:  Size: 29
06-11 23:51:18.175 E/KeymasterUtils(  994): IKMHal_sendCmd failed with rsp_header->status: -28
06-11 23:51:18.175 E/KeyMasterHalDevice(  994): abort_operation
06-11 23:51:18.175 E/KeyMasterHalDevice(  994): ret: -28
06-11 23:51:18.177 I/sensors-hal( 1639): handle_sns_std_sensor_event:79, ambient_light_event: ssc_ts 0x21CDE4D57C6 hal_ts 120985349571415 lux 1.000 cct 5648.126 [10.000 446700.000 333430.000 290.000 9.920 10.718 -0.822 30.801 14.947 1.515 -0.395 -0.395 -7.803 -6.136]
06-11 23:51:18.178 E/keystore2( 1030): system/security/keystore2/src/error.rs:183 - system/security/keystore2/src/security_level.rs:328
06-11 23:51:18.178 E/keystore2( 1030): 
06-11 23:51:18.178 E/keystore2( 1030): Caused by:
06-11 23:51:18.178 E/keystore2( 1030):     0: system/security/keystore2/src/enforcements.rs:599: matching auth token (challenge=0, userId=3444774358774862134, authId=0, authType=0x1, timestamp=63734442ms) rcved=BootTime(63729588) for sids [3444774358774862134] type Some(r#PASSWORD) is expired (57255s old > timeout=5s)
06-11 23:51:18.178 E/keystore2( 1030):     1: Error::Km(r#KEY_USER_NOT_AUTHENTICATED)
06-11 23:51:18.179 I/bluetooth( 3720): system/gd/hci/le_advertising_manager.cc:2525 on_set_advertising_set_random_address_complete: update random address for advertising set 2 : xx:xx:xx:xx:fa:18
06-11 23:51:18.181 W/fb4a.lacrima(10242): FbErrorReportingConfig.postStartupInit
06-11 23:51:18.184 I/NearbyMediums(12870): Started BLE Legacy advertising. Regular Header Advertised : false, Fast Advertised : true, AdvertisingSettings : BleAdvertisingSetting{powerLevel= BALANCED_POWER, isConnectable= false, isPrivateGatt= true}, isAcceptingConnection : false
06-11 23:51:18.184 I/NearbyMediums(12870): Successfully started BLE advertising of size 23 for service NearbySharing, deviceToken : [ 0x82 0x94 ].
06-11 23:51:18.187 I/TapAndPay(12870): (REDACTED) Refresh offhost session%s with cause %s
06-11 23:51:18.187 I/TapAndPay(12870): TpOffHostSessionManager not enabled, ignoring refreshSession request [CONTEXT service_id=79 ]
06-11 23:51:18.191 W/System  ( 3541): A resource failed to call release. 
06-11 23:51:18.191 I/SemanticLocation(12870): (REDACTED) [OdlhCache] flushing %d segments
06-11 23:51:18.191 W/System  ( 3541): A resource failed to call release. 
06-11 23:51:18.191 W/System  ( 3541): A resource failed to call release. 
06-11 23:51:18.191 W/System  ( 3541): A resource failed to call release. 
06-11 23:51:18.191 W/System  ( 3541): A resource failed to call release. 
06-11 23:51:18.191 W/System  ( 3541): A resource failed to call release. 
06-11 23:51:18.191 W/System  ( 3541): A resource failed to call release. 
06-11 23:51:18.191 W/System  ( 3541): A resource failed to call release. 
06-11 23:51:18.195 I/vendor.qti.hardware.servicetrackeraidl-service( 1740): bindService is called for service : com.google.android.gms/.chimera.GmsApiService and for client com.google.android.gms.persistent
06-11 23:51:18.195 I/vendor.qti.hardware.servicetrackeraidl-service( 1740): total connections for service : com.google.android.gms/.chimera.GmsApiServiceare :15
06-11 23:51:18.195 I/vendor.qti.hardware.servicetrackeraidl-service( 1740): total connections for client : com.google.android.gms.persistentare :7
06-11 23:51:18.196 D/BoundBrokerSvc(16589): onRebind: Intent { act=com.google.android.gms.semanticlocationhistory.zeroparty.service.START dat=chimera-action:/... xflg=0x4 cmp=com.google.android.gms/.chimera.GmsApiService }
06-11 23:51:18.197 E/fb4a.MobileConfigInit(10242): MobileConfigDebug: endToEndConfigLevelConsistencyTests
06-11 23:51:18.198 I/NearbyMediums(12870): Successfully bound ServerSocket for service NearbySharing to the stable port 53601.
06-11 23:51:18.198 I/NearbyMediums(12870): Successfully started listening for incoming Wifi Lan connections.
06-11 23:51:18.202 W/System  ( 3541): A resource failed to call release. 
06-11 23:51:18.202 W/System  ( 3541): A resource failed to call release. 
06-11 23:51:18.202 W/System  ( 3541): A resource failed to call release. 
06-11 23:51:18.202 W/System  ( 3541): A resource failed to call release. 
06-11 23:51:18.202 W/System  ( 3541): A resource failed to call release. 
06-11 23:51:18.202 W/System  ( 3541): A resource failed to call release. 
06-11 23:51:18.202 W/System  ( 3541): A resource failed to call release. 
06-11 23:51:18.202 D/BluetoothSap( 3541): getConnectionState(XX:XX:XX:XX:B3:9E)
06-11 23:51:18.202 W/System  ( 3541): A resource failed to call release. 
06-11 23:51:18.203 W/System  ( 3541): A resource failed to call release. 
06-11 23:51:18.203 W/System  ( 3541): A resource failed to call release. 
06-11 23:51:18.203 W/System  ( 3541): A resource failed to call release. 
06-11 23:51:18.203 W/System  ( 3541): A resource failed to call release. 
06-11 23:51:18.203 W/System  ( 3541): A resource failed to call release. 
06-11 23:51:18.204 W/NearbyMediums(12870): MEDIUM_ERROR [DEVICE][WIFI_LAN][START_ADVERTISING][MEDIUM_NOT_AVAILABLE][WITHOUT_CONNECTED_WIFI_NETWORK], service-id=NearbySharing
06-11 23:51:18.204 I/NearbyMediums(12870): Successfully advertised I1lDRlH8n14AAA on serviceID NearbySharing over Wifi LAN.
06-11 23:51:18.204 I/NearbyMediums(12870): [WifiNetworkV2] WifiStatusChangedCallback registered for NearbySharing (wifiStatusChangedCallbacks.size:1)
06-11 23:51:18.205 I/NearbyConnections(12870): Get local endpoint id from the existing localEndpointId:YCFQ (last:ML6J) for client 149306909(0p:com.google.android.gms.nearby.sharing)
06-11 23:51:18.205 I/NearbyMediums(12870): Started BLE scanning, service-id=NearbyConnections.TxAdvertisement, is-extended-advert=true, power-level=2, scan-mode=3
06-11 23:51:18.205 I/NearbyConnections(12870): [InstantConnectionPcpMgr] In invalidateTxAdvertisementScanning(by final_updateAdvertising) tx advertisement scanning successfully started for enpointId:YCFQ serviceId:NearbySharing isScreenUnlocked:true powerLevel:BALANCED
06-11 23:51:18.206 I/NearbySharing(12870): [broadcast provider] advertising options updated (BroadcastProviderOptions(powerLevel=2, flowId=4266045849303569138, uwbSenderInfo=[], deviceType=1, advertisingMediums=[8, 3, 6, 5, 4], upgradeMediums=[11, 5, 8, 6, 3, 9, 10, 2, 4, 7], useStableIdentifiers=false, allowBluetoothRadioToggling=false, allowWifiRadioToggling=false, enableBleL2capListening=false, allowGattConnections=false, enableFastAdvertisement=true)).
06-11 23:51:18.206 I/NearbySharing(12870): NearbySharing Internal event ReceiveManagerUpdate(mode=2, isEveryoneMode=false, dataUsage=2, useQrCode=false, success=true)
06-11 23:51:18.206 I/NearbySharing(12870): [ClearcutLog] ADVERTISE_DEVICE_PRESENCE_START sessionId=0 flowId=4266045849303569138 sessionStatus: 1, visibility: 1
06-11 23:51:18.209 E/fb4a.AppState(10242): Returning default for firstRunInfo
06-11 23:51:18.209 E/fb4a.AppState(10242): Returning default for firstRunInfo
06-11 23:51:18.214 D/BluetoothSap( 3541): getConnectionState(XX:XX:XX:XX:B3:9E)
06-11 23:51:18.220 I/LocationHistory(16589): (REDACTED) [API0] saving %d segments
06-11 23:51:18.222 I/vendor.qti.hardware.servicetrackeraidl-service( 1740): bindService is called for service : com.google.android.gms/com.google.android.location.reporting.service.ReportingAndroidService and for client com.google.android.gms
06-11 23:51:18.222 I/vendor.qti.hardware.servicetrackeraidl-service( 1740): total connections for service : com.google.android.gms/com.google.android.location.reporting.service.ReportingAndroidServiceare :1
06-11 23:51:18.222 I/vendor.qti.hardware.servicetrackeraidl-service( 1740): total connections for client : com.google.android.gmsare :5
06-11 23:51:18.222 I/vendor.qti.bluetooth@1.0-ibs_handler( 1628): ProcessIbsCmd: Received IBS_SLEEP_IND: 0xFE
06-11 23:51:18.225 I/TFLite-in-PlayServices(12870): Created interpreter.
06-11 23:51:18.231 I/vendor.qti.hardware.servicetrackeraidl-service( 1740): bindService is called for service : com.google.android.gms/.chimera.PersistentDirectBootAwareApiService and for client com.google.android.gms.persistent
06-11 23:51:18.231 I/vendor.qti.hardware.servicetrackeraidl-service( 1740): total connections for service : com.google.android.gms/.chimera.PersistentDirectBootAwareApiServiceare :46
06-11 23:51:18.231 I/vendor.qti.hardware.servicetrackeraidl-service( 1740): total connections for client : com.google.android.gms.persistentare :7
06-11 23:51:18.237 I/TFLite-in-PlayServices(12870): Created interpreter.
06-11 23:51:18.237 V/audio_utils::mutex( 1833): mutex_impl: audio_mutex initialized: ret:0  order:6
06-11 23:51:18.239 D/APM_AudioPolicyManager( 1833): stopOutput portId 2468
06-11 23:51:18.239 D/APM_AudioPolicyManager( 1833): stopOutput() output 13, stream 1, session 13393
06-11 23:51:18.239 D/APM_AudioPolicyManager( 1833): getNewOutputDevices selected devices AUDIO_DEVICE_NONE
06-11 23:51:18.239 D/APM_AudioPolicyManager( 1833): setOutputDevices caller stopSource[[portId:1][io:13, low_latency_out]] device AUDIO_DEVICE_NONE delayMs 122
