06-11 23:51:17.947 D/Hal2AidlMapper( 1833): [default] createOrUpdatePatch: patch ID: 440, [disregard IDs] sources: [AudioPortConfig{id: 1, portId: 0, sampleRate: Int{value: 48000}, channelMask: AudioChannelLayout{layoutMask: 3}, format: AudioFormatDescription{type: PCM, pcm: INT_16_BIT, encoding: }, gain: (null), flags: AudioIoFlags{output: 6}, ext: AudioPortExt{mix: AudioPortMixExt{handle: 13, usecase: AudioPortMixExtUseCase{stream: SYS_RESERVED_DEFAULT}, maxOpenStreamCount: 0, maxActiveStreamCount: 0, recommendedMuteDurationMs: 0}}}], sinks: [AudioPortConfig{id: 3, portId: 0, sampleRate: (null), channelMask: (null), format: (null), gain: (null), flags: (null), ext: AudioPortExt{device: AudioPortDeviceExt{device: AudioDevice{type: AudioDeviceDescription{type: OUT_SPEAKER, connection: }, address: AudioDeviceAddress{id: }}, flags: 0, encodedFormats: [], encapsulationModes: 0, encapsulationMetadataTypes: 0, speakerLayout: (null)}}}]
06-11 23:51:17.947 D/Hal2AidlMapper( 1833): [default] findOrCreatePortConfig: device port config does not have audio or gain config specified
06-11 23:51:17.948 I/AHAL_Module_QTI( 1645): setAudioPatch: requested patch AudioPatch{id: 440, sourcePortConfigIds: [54], sinkPortConfigIds: [53], minimumStreamBufferSizeFrames: 192, latenciesMs: [10]}
06-11 23:51:17.948 I/UpdateWidgetService( 9080): Received: android.intent.action.SCREEN_ON
06-11 23:51:17.948 I/AHAL_Module_QTI( 1645): setAudioPatch: updated from [low_latency_out  -> speaker  ] AudioPatch{id: 440, sourcePortConfigIds: [54], sinkPortConfigIds: [53], minimumStreamBufferSizeFrames: 192, latenciesMs: [10]} to [low_latency_out  -> speaker  ] AudioPatch{id: 440, sourcePortConfigIds: [54], sinkPortConfigIds: [53], minimumStreamBufferSizeFrames: 192, latenciesMs: [10]}
06-11 23:51:17.948 D/UpdateManager( 9080): Updating all widgets
06-11 23:51:17.948 E/StreamHalAidl( 1833): Function: getRecommendedLatencyModes Line: 1134 Failed 
06-11 23:51:17.948 W/HWUI    ( 3541): Image decoding logging dropped!
06-11 23:51:17.948 V/audio_utils::mutex( 1833): mutex_impl: audio_mutex initialized: ret:0  order:6
06-11 23:51:17.948 I/SensorService( 2713): [NothSensor] android Calling batch handle 51 flags 0 rate 200000000 timeout 0
06-11 23:51:17.949 I/SensorService( 2713): [NothLight] populate last ignore light sensor
06-11 23:51:17.949 I/sensors-hal( 1639): batch:140, android.sensor.light/51, period=200000000, max_latency=0
06-11 23:51:17.949 I/sensors-hal( 1639): set_config:64, no need to adjust sample_period_ns due to reporting_mode = 2
06-11 23:51:17.949 I/KeyguardTransitionRepository( 3541): STARTED transition: TransitionStep(from=AOD, to=GONE, value=0.0, transitionState=STARTED, ownerName=FromAodTransitionInteractor(canWakeDirectlyToGone = true))
06-11 23:51:17.949 I/sensors-hal( 1639): send_sensor_config_request:562, dt=ambient_light: convert sample_period=200000000 to batch_period=200000
06-11 23:51:17.949 I/sensors-hal( 1639): send_sync_sensor_request:435, send sync request
06-11 23:51:17.949 I/sensors-hal( 1639): send_sync_sensor_request:464, wait for notification of response
06-11 23:51:17.949 V/audio_utils::mutex( 1833): mutex_impl: audio_mutex initialized: ret:0  order:6
06-11 23:51:17.949 W/IPCThreadState( 1833): Sending oneway calls to frozen process.
06-11 23:51:17.949 W/IPCThreadState( 1833): Sending oneway calls to frozen process.
06-11 23:51:17.949 W/IPCThreadState( 1833): Sending oneway calls to frozen process.
06-11 23:51:17.949 W/IPCThreadState( 1833): Sending oneway calls to frozen process.
06-11 23:51:17.950 I/sensors-hal( 1639): qsh_conn_resp_cb:761, resp_value = 0 for ambient_light 
06-11 23:51:17.950 D/KeyguardViewMediator( 3541): handleSetOccluded(false)
06-11 23:51:17.950 D/KeyguardViewMediator( 3541): isOccluded=false,mPowerGestureIntercepted=false
06-11 23:51:17.950 D/KeyguardViewMediator( 3541): KeyguardViewMediator queue processing message: SET_OCCLUDED
06-11 23:51:17.950 D/SarControl( 4005): Received handset status: close
06-11 23:51:17.950 D/SarControl( 4005): disable: hanset
06-11 23:51:17.953 D/KeyguardStateMonitor( 2713): onKeyguardUnlocked true
06-11 23:51:17.953 D/NtKafkaEventHelper( 2713): onLockScreenUnlocked:true
06-11 23:51:17.949 V/audio_utils::mutex( 1833): mutex_impl: audio_mutex initialized: ret:0  order:21
06-11 23:51:17.953 D/NativePermissionController( 1833): checkPermission: missing 13 for 10349
06-11 23:51:17.954 D/AHAL_StreamOut_QTI( 1645): start : usecase: LOW_LATENCY_PLAYBACK IoHandle: 13 
06-11 23:51:17.954 D/AHAL_StreamOut_QTI( 1645): setup_cit_at_spk_usecase : usecase: LOW_LATENCY_PLAYBACK IoHandle: 13 
06-11 23:51:17.954 D/AHAL_StreamOut_QTI( 1645): setup_cit_at_spk_usecase : usecase: LOW_LATENCY_PLAYBACK IoHandle: 13  palOutDevice->id 3
06-11 23:51:17.954 D/AHAL_StreamOut_QTI( 1645): setup_cit_at_spk_usecase : usecase: LOW_LATENCY_PLAYBACK IoHandle: 13  vendor.audio.hal.output.spk propvalue =unset
06-11 23:51:17.954 D/AHAL_StreamOut_QTI( 1645): setup_cit_at_spk_usecase : usecase: LOW_LATENCY_PLAYBACK IoHandle: 13  vendor.audio.hal.output.spk custom_key=
06-11 23:51:17.954 E/PERFHAL-CLIENT( 1645): PERFHAL-CLIENT: perf_lock_acq() 170: opcode=1077936128 isMvOpcode=0
06-11 23:51:17.954 E/PERFHAL-CLIENT( 1645): PERFHAL-CLIENT: perf_lock_acq() 170: opcode=1082130432 isMvOpcode=0
06-11 23:51:17.954 I/sensors-hal( 1639): send_sync_sensor_request:470, takes 5 ms to receive the response with 0
06-11 23:51:17.954 I/sensors-hal( 1639): batch:149, android.sensor.light/51, period=200000000, max_latency=0 request completed
06-11 23:51:17.529 E/ipa_pm_handle_suspend(  866): 1280 Client IPA_CLIENT_APPS_WAN_CONS woke up the system
06-11 23:51:17.540 I/tfa98xx_set_cal_ctl()( 2615): tfa98xx: PA-0x35's Calibration value is 6050
06-11 23:51:17.540 I/tfa98xx_set_cal_ctl()( 2615): tfa98xx: PA-0x34's Calibration value is 6106
06-11 23:51:17.540 I/tfa98xx_set_cal_ctl()( 2615): tfa98xx: PA-0x35's Calibration value is 6050
06-11 23:51:17.540 I/tfa98xx_set_cal_ctl()( 2615): tfa98xx: PA-0x34's Calibration value is 6106
06-11 23:51:17.540 I/adsp_sleepmon( 2615): Audio: num_sessions=2,num_lpi_sessions=1,timer_pending=0
06-11 23:51:17.954 I/SENSOR_EXTENSION( 1712): sns_sensor_extension_create_client with type 5
06-11 23:51:17.954 D/NativePermissionController( 1833): checkPermission: missing 13 for 10349
06-11 23:51:17.954 I/UpdateWidgetService( 9080): Received: android.intent.action.TIME_TICK
06-11 23:51:17.955 D/StNfcHal( 2075): (#07514) Rx 6f 02 0d (hidden)
06-11 23:51:17.955 D/StNfcHal( 2075): HalStopTimer 
06-11 23:51:17.955 D/NativePermissionController( 1833): checkPermission: missing 13 for 10349
06-11 23:51:17.955 D/KeyguardStateMonitor( 2713): onKeyguardUnlocked true
06-11 23:51:17.955 D/NtKafkaEventHelper( 2713): onLockScreenUnlocked:true
06-11 23:51:17.956 D/NativePermissionController( 1833): checkPermission: missing 13 for 10349
06-11 23:51:17.956 I/PAL: API( 1645): pal_stream_open: 251: Enter, stream type:1
06-11 23:51:17.956 I/PAL: Device( 1645): setDeviceAttributes: 446: DeviceAttributes for Device Id 3 updated
06-11 23:51:17.956 I/PAL: Device( 1645): open: 526: Enter. deviceCount 0 for device id 3 (PAL_DEVICE_OUT_SPEAKER)
06-11 23:51:17.956 I/PAL: SessionAlsaUtils( 1645): setDeviceMediaConfig: 1077: MI2S-LPAIF-RX-SECONDARY rate ch fmt data_fmt 48000 2 10 1
06-11 23:51:17.956 D/audio_route( 1645): Apply path: speaker-prot
06-11 23:51:17.956 I/PAL: Device( 1645): open: 568: Exit. deviceCount 1 for device id 3 (PAL_DEVICE_OUT_SPEAKER), exit status: 0
06-11 23:51:17.956 I/PAL: ResourceManager( 1645): allocateFrontEndIds: 7454: allocateFrontEndIds: front end 126
06-11 23:51:17.956 I/PAL: PayloadBuilder( 1645): populateStreamKV: 2985: stream type 1
06-11 23:51:17.956 I/PAL: PayloadBuilder( 1645): getSelectorValues: 2801: Direction: 1
06-11 23:51:17.956 I/PAL: PayloadBuilder( 1645): getSelectorValues: 2817: Instance: 1
06-11 23:51:17.956 I/PAL: PayloadBuilder( 1645): findKVs: 2691: key: 0xa1000000 value: 0xa100000e
06-11 23:51:17.956 I/PAL: PayloadBuilder( 1645): findKVs: 2691: key: 0xab000000 value: 0x1
06-11 23:51:17.956 I/PAL: PayloadBuilder( 1645): populateDeviceKV: 3109: Enter device id:3
06-11 23:51:17.956 I/PAL: PayloadBuilder( 1645): findKVs: 2704: key: 0xa2000000 value: 0xa2000001
06-11 23:51:17.956 I/PAL: PayloadBuilder( 1645): populateDeviceKV: 3137: Exit device id:3, status 0
06-11 23:51:17.956 I/PAL: PayloadBuilder( 1645): populateDevicePPKV: 3250: Rx device id:3
06-11 23:51:17.956 I/PAL: PayloadBuilder( 1645): getSelectorValues: 2883: stream type: 1
06-11 23:51:17.956 I/PAL: PayloadBuilder( 1645): findKVs: 2691: key: 0xa2000000 value: 0xa2000001
06-11 23:51:17.956 I/PAL: PayloadBuilder( 1645): findKVs: 2691: key: 0xac000000 value: 0xac000002
06-11 23:51:17.956 I/PAL: PayloadBuilder( 1645): populateDevicePPCkv: 3455: SpeakerProt Status[1], RAS Status[0]
06-11 23:51:17.956 I/AGM: device( 1645): device_set_metadata: 707 Setting device metadata for MI2S-LPAIF-RX-SECONDARY
06-11 23:51:17.956 D/AGM: metadata( 1645): metadata_print: 79 *************************Metadata*************************
06-11 23:51:17.956 D/AGM: metadata( 1645): metadata_print: 80 GKV size:1
06-11 23:51:17.956 D/AGM: metadata( 1645): metadata_print: 83 key:0xa2000000, value:0xa2000001 
06-11 23:51:17.956 D/AGM: metadata( 1645): metadata_print: 87 
06-11 23:51:17.956 D/AGM: metadata( 1645): CKV count:1
06-11 23:51:17.956 D/AGM: metadata( 1645): metadata_print: 90 key:0x10000, value:0x0 
06-11 23:51:17.956 D/AGM: metadata( 1645): metadata_print: 92 
06-11 23:51:17.956 D/AGM: metadata( 1645): metadata_print: 94 Property ID:134217744
06-11 23:51:17.956 D/AGM: metadata( 1645): metadata_print: 95 property count:2
06-11 23:51:17.956 D/AGM: metadata( 1645): metadata_print: 98 Property Values: 
06-11 23:51:17.956 D/AGM: metadata( 1645): metadata_print: 100 0x2 
06-11 23:51:17.956 D/AGM: metadata( 1645): metadata_print: 100 0x5 
06-11 23:51:17.956 D/AGM: metadata( 1645): metadata_print: 102 
06-11 23:51:17.956 D/AGM: metadata( 1645): metadata_print: 103 ****************Metadata Done***************************
06-11 23:51:17.956 D/AGM: metadata( 1645): 
06-11 23:51:17.956 I/AGM: session( 1645): session_obj_set_sess_aif_metadata: 1898 Setting metadata for sess_id 126, aif id 16
06-11 23:51:17.956 D/AGM: metadata( 1645): metadata_print: 79 *************************Metadata*************************
06-11 23:51:17.956 D/AGM: metadata( 1645): metadata_print: 80 GKV size:2
06-11 23:51:17.956 D/AGM: metadata( 1645): metadata_print: 83 key:0xa2000000, value:0xa2000001 
06-11 23:51:17.956 D/AGM: metadata( 1645): metadata_print: 83 key:0xac000000, value:0xac000002 
06-11 23:51:17.956 D/AGM: metadata( 1645): metadata_print: 87 
06-11 23:51:17.956 D/AGM: metadata( 1645): CKV count:1
06-11 23:51:17.956 D/AGM: metadata( 1645): metadata_print: 90 key:0xd2000000, value:0x0 
06-11 23:51:17.956 D/AGM: metadata( 1645): metadata_print: 92 
06-11 23:51:17.956 D/AGM: metadata( 1645): metadata_print: 94 Property ID:134217744
06-11 23:51:17.956 D/AGM: metadata( 1645): metadata_print: 95 property count:1
06-11 23:51:17.956 D/AGM: metadata( 1645): metadata_print: 98 Property Values: 
06-11 23:51:17.956 D/AGM: metadata( 1645): metadata_print: 100 0x3 
06-11 23:51:17.956 D/AGM: metadata( 1645): metadata_print: 102 
06-11 23:51:17.956 D/AGM: metadata( 1645): metadata_print: 103 ****************Metadata Done***************************
06-11 23:51:17.956 D/AGM: metadata( 1645): 
06-11 23:51:17.956 I/AGM: session( 1645): session_obj_set_sess_aif_metadata: 1903 Exit
06-11 23:51:17.956 I/AgmIpc::Server( 1645): SessionInfo created for session 126
06-11 23:51:17.956 I/AGM: API( 1645): agm_session_aif_connect: 623 connecting aifid:16 with session id=126
06-11 23:51:17.956 I/PAL: ResourceManager( 1645): GetConcurrencyInfo: 5648: stream type 1 Tx conc 0, Rx conc 0, concurrency allowed
06-11 23:51:17.956 I/PAL: API( 1645): pal_stream_open: 299: Exit. Value of stream_handle 0xb400007c2ae96d10K, status 0
06-11 23:51:17.956 D/AHAL_StreamOut_QTI( 1645): configure : usecase: LOW_LATENCY_PLAYBACK IoHandle: 13 set pal_stream_set_buffer_size to 768 with count 2
06-11 23:51:17.957 E/PERFHAL-CLIENT( 1645): PERFHAL-CLIENT: perf_lock_acq() 170: opcode=1077936128 isMvOpcode=0
06-11 23:51:17.957 E/PERFHAL-CLIENT( 1645): PERFHAL-CLIENT: perf_lock_acq() 170: opcode=1082130432 isMvOpcode=0
06-11 23:51:17.957 I/PAL: API( 1645): pal_stream_start: 378: Enter. Stream handle 0xb400007c2ae96d10K
06-11 23:51:17.957 E/PAL: SpeakerProtection( 1645): spkrProtProcessingMode: 3110: Speaker calibrated. Read RDC from the file
06-11 23:51:17.957 E/PAL: SpeakerProtection( 1645): spkrProtProcessingMode: 3122: Speaker calibrated calib i:0 value : 6106 
06-11 23:51:17.957 E/PAL: SpeakerProtection( 1645): spkrProtProcessingMode: 3122: Speaker calibrated calib i:1 value : 6050 
06-11 23:51:17.957 E/PAL: SpeakerProtection( 1645): spkrProtProcessingMode: 3159: Speaker calibrated calib fp:fae89180 value [0]: 400162 [1]: 396492
06-11 23:51:17.957 I/PAL: Device( 1645): updateCustomPayload: 479: customPayloadSize = 32
06-11 23:51:17.957 E/PAL: SpeakerProtection( 1645): spkrProtProcessingMode: 3241: set miid : 0x49ec(18924), ret = 0
06-11 23:51:17.957 E/PAL: SpeakerProtection( 1645): spkrProtProcessingMode: 3262: set pcm id : 126, ret = 0
06-11 23:51:17.957 I/PAL: SessionAlsaUtils( 1645): setDeviceMediaConfig: 1077: MI2S-LPAIF-RX-SECONDARY rate ch fmt data_fmt 48000 2 10 1
06-11 23:51:17.957 I/PAL: ResourceManager( 1645): voteSleepMonitor: 2178: Voting done for nlpi use case, lpi votes 1, nlpi votes : 1
06-11 23:51:17.958 D/DeviceEntryIconViewBinder( 3541): Updating device entry icon image state ForegroundIconViewModel(type=LOCK, useAodVariant=false, tint=-1, padding=0)
06-11 23:51:17.958 I/SENSOR_EXTENSION( 1712): Creating client connection successfully noth_extension(0x7feb0e1600)
06-11 23:51:17.958 I/SENSOR_EXTENSION( 1712): request suid sns_suid_req 19 sns_client_request_msg 54
06-11 23:51:17.958 I/SENSOR_EXTENSION( 1712): send sync msg to suid(low 12370169555311111083,high 12370169555311111083) msg_id#512
06-11 23:51:17.958 E/AppOps  ( 2713): attributionTag  not declared in manifest of com.android.systemui
06-11 23:51:17.959 E/AppOps  ( 2713): attributionTag  not declared in manifest of com.android.systemui
06-11 23:51:17.959 W/AS.PlaybackActivityMon( 2713): No piid assigned for invalid/internal port id 2468
06-11 23:51:17.959 I/SENSOR_EXTENSION( 1712): Received SUIDs for ambient_light number of suids received #1
06-11 23:51:17.959 I/SENSOR_EXTENSION( 1712): request suid by data_type ambient_light ret_req#1
06-11 23:51:17.959 I/SENSOR_EXTENSION( 1712): Found ambient_light suid(low 6053278222800536450,high 86843564809778832)
06-11 23:51:17.959 I/SENSOR_EXTENSION( 1712): sns_sensor_extension_create_client(0x7feb0e1600) successfully
06-11 23:51:17.959 I/SENSOR_EXTENSION( 1712): sensor_extension_exec_sync_int_int cmd(0x1) 0
06-11 23:51:17.959 I/SENSOR_EXTENSION( 1712): sync_int_int noth_sensor_extension_request size 81
06-11 23:51:17.959 I/SENSOR_EXTENSION( 1712): sync_int_int client_request_msg size 116
06-11 23:51:17.959 I/SENSOR_EXTENSION( 1712): send sync msg to suid(low 6053278222800536450,high 86843564809778832) msg_id#2801
06-11 23:51:17.959 D/AGM: graph( 1645): graph_open: 549 entry
06-11 23:51:17.959 D/AGM: metadata( 1645): metadata_print: 79 *************************Metadata*************************
06-11 23:51:17.959 D/AGM: metadata( 1645): metadata_print: 80 GKV size:4
06-11 23:51:17.959 D/AGM: metadata( 1645): metadata_print: 83 key:0xa1000000, value:0xa100000e 
06-11 23:51:17.959 D/AGM: metadata( 1645): metadata_print: 83 key:0xab000000, value:0x1 
06-11 23:51:17.959 D/AGM: metadata( 1645): metadata_print: 83 key:0xa2000000, value:0xa2000001 
06-11 23:51:17.959 D/AGM: metadata( 1645): metadata_print: 83 key:0xac000000, value:0xac000002 
06-11 23:51:17.959 D/AGM: metadata( 1645): metadata_print: 87 
06-11 23:51:17.959 D/AGM: metadata( 1645): CKV count:3
06-11 23:51:17.959 D/AGM: metadata( 1645): metadata_print: 90 key:0xa4000000, value:0xf 
06-11 23:51:17.959 D/AGM: metadata( 1645): metadata_print: 90 key:0xd2000000, value:0x0 
06-11 23:51:17.959 D/AGM: metadata( 1645): metadata_print: 90 key:0x10000, value:0x0 
06-11 23:51:17.959 D/AGM: metadata( 1645): metadata_print: 92 
06-11 23:51:17.960 D/AGM: metadata( 1645): metadata_print: 94 Property ID:134217744
06-11 23:51:17.960 D/AGM: metadata( 1645): metadata_print: 95 property count:4
06-11 23:51:17.960 D/AGM: metadata( 1645): metadata_print: 98 Property Values: 
06-11 23:51:17.960 D/AGM: metadata( 1645): metadata_print: 100 0x1 
06-11 23:51:17.960 D/AGM: metadata( 1645): metadata_print: 100 0x3 
06-11 23:51:17.960 D/AGM: metadata( 1645): metadata_print: 100 0x2 
06-11 23:51:17.960 D/AGM: metadata( 1645): metadata_print: 100 0x5 
06-11 23:51:17.960 D/AGM: metadata( 1645): metadata_print: 102 
06-11 23:51:17.960 D/AGM: metadata( 1645): metadata_print: 103 ****************Metadata Done***************************
06-11 23:51:17.960 D/AGM: metadata( 1645): 
06-11 23:51:17.960 D/AGM: graph( 1645): print_graph_alias: 2334 GKV Alias 569
06-11 23:51:17.960 D/AGM: graph( 1645): graph_open: 629 miid 40bd mid 7001000 tag c0000002
06-11 23:51:17.960 D/AGM: graph( 1645): graph_open: 677 miid 4023 mid 700100a tag c0000004
06-11 23:51:17.960 D/AGM: graph( 1645): graph_open: 629 miid 40c4 mid 7001019 tag c0000006
06-11 23:51:17.960 D/AGM: graph( 1645): graph_open: 629 miid 40bf mid 7001005 tag c000000e
06-11 23:51:17.960 D/AGM: graph( 1645): graph_open: 629 miid 40c0 mid 7001003 tag c0000010
06-11 23:51:17.960 D/AGM: graph( 1645): graph_open: 629 miid 4165 mid 7001032 tag c0000013
06-11 23:51:17.960 I/GPR:    ( 1645): vendor/qcom/proprietary/args/gpr/core/src/gpr_drv.c:__gpr_cmd_register_v2:931 GPR Register: Source Port is 8210 heap_index: 0
06-11 23:51:17.960 I/PAL: PayloadBuilder( 1645): findKVs: 2704: key: 0xa3000000 value: 0xa3000009
06-11 23:51:17.960 I/AGM: device( 1645): device_set_metadata: 707 Setting device metadata for MI2S-LPAIF-TX-SECONDARY
06-11 23:51:17.960 D/AGM: metadata( 1645): metadata_print: 79 *************************Metadata*************************
06-11 23:51:17.960 D/AGM: metadata( 1645): metadata_print: 80 GKV size:1
06-11 23:51:17.960 D/AGM: metadata( 1645): metadata_print: 83 key:0xa3000000, value:0xa3000009 
06-11 23:51:17.960 D/AGM: metadata( 1645): metadata_print: 87 
06-11 23:51:17.960 D/AGM: metadata( 1645): CKV count:1
06-11 23:51:17.960 D/AGM: metadata( 1645): metadata_print: 90 key:0xbf000000, value:0x2 
06-11 23:51:17.960 D/AGM: metadata( 1645): metadata_print: 92 
06-11 23:51:17.960 D/AGM: metadata( 1645): metadata_print: 94 Property ID:134217744
06-11 23:51:17.960 D/AGM: metadata( 1645): metadata_print: 95 property count:1
06-11 23:51:17.960 D/AGM: metadata( 1645): metadata_print: 98 Property Values: 
06-11 23:51:17.960 D/AGM: metadata( 1645): metadata_print: 100 0x2 
06-11 23:51:17.960 D/AGM: metadata( 1645): metadata_print: 102 
06-11 23:51:17.960 D/AGM: metadata( 1645): metadata_print: 103 ****************Metadata Done***************************
06-11 23:51:17.960 D/AGM: metadata( 1645): 
06-11 23:51:17.960 I/PAL: SessionAlsaUtils( 1645): setDeviceMediaConfig: 1077: MI2S-LPAIF-TX-SECONDARY rate ch fmt data_fmt 48000 2 10 1
06-11 23:51:17.960 I/PAL: ResourceManager( 1645): allocateFrontEndIds: 7487: allocateFrontEndIds: front end 121
06-11 23:51:17.960 I/AgmIpc::Server( 1645): SessionInfo created for session 121
06-11 23:51:17.541 I/init    (    1): processing action (sys.touch.pocket_mode=*) from (/vendor/etc/init/hw/init.nt_product.rc:359)
06-11 23:51:17.541 E/[FTS_TS/E]fts_proc_pocket_mode_write(  309): Pre-pocket_mode = 0, Exit pocket mode
06-11 23:51:17.542 I/tfa98xx_hw_params()( 2615): tfa98xx: Requested rate: 48000, sample size: 32, physical size: 32
06-11 23:51:17.542 I/tfa98xx_hw_params()( 2615): tfa98xx: tfa98xx_hw_params: Requested width: 32
06-11 23:51:17.542 I/tfa98xx_hw_params()( 2615): tfa98xx: mixer profile:container profile = [0:0]
06-11 23:51:17.542 I/tfa98xx_hw_params()( 2615): tfa98xx: Requested rate: 48000, sample size: 32, physical size: 32
06-11 23:51:17.542 I/tfa98xx_hw_params()( 2615): tfa98xx: tfa98xx_hw_params: Requested width: 32
06-11 23:51:17.542 I/tfa98xx_hw_params()( 2615): tfa98xx: mixer profile:container profile = [0:0]
06-11 23:51:17.546 I/tfa98xx_hw_params()(10400): tfa98xx: Requested rate: 48000, sample size: 32, physical size: 32
06-11 23:51:17.546 I/tfa98xx_hw_params()(10400): tfa98xx: tfa98xx_hw_params: Requested width: 32
06-11 23:51:17.546 I/tfa98xx_hw_params()(10400): tfa98xx: mixer profile:container profile = [0:0]
06-11 23:51:17.546 I/tfa98xx_hw_params()(10400): tfa98xx: Requested rate: 48000, sample size: 32, physical size: 32
06-11 23:51:17.546 I/tfa98xx_hw_params()(10400): tfa98xx: tfa98xx_hw_params: Requested width: 32
06-11 23:51:17.546 I/tfa98xx_hw_params()(10400): tfa98xx: mixer profile:container profile = [0:0]
06-11 23:51:17.960 I/AGM: API( 1645): agm_session_aif_connect: 623 connecting aifid:17 with session id=121
06-11 23:51:17.960 D/KeyguardStateMonitor( 2713): onKeyguardUnlocked true
06-11 23:51:17.960 D/NtKafkaEventHelper( 2713): onLockScreenUnlocked:true
06-11 23:51:17.960 I/SENSOR_EXTENSION( 1712): Received extension response@done(cmd 0x1 type 1) [70001/0/0/0/0]
06-11 23:51:17.960 I/SENSOR_EXTENSION( 1712): sns_sensor_extension_release_client(0x7feb0e1600) successfully
06-11 23:51:17.960 I/SensorExtension( 1712): SERVER(SensorExtension) execSyncIntInt(...) 0xeb0e16f8
06-11 23:51:17.960 I/SensorExtensionImpl-AIDL( 2713): execSyncIntInt 70001 0 0 0 0 0 0 0 0 0 0 0 0 0 0 
06-11 23:51:17.960 D/FingerprintProvider/default( 2713): Starting watchdog for fingerprint
06-11 23:51:17.961 E/BiometricScheduler( 2713): Current operation is null,no need to start watchdog
06-11 23:51:17.961 I/NothSensorHelper( 2713): mNotifyBrightnessRunnable notify backlight 333
06-11 23:51:17.962 D/NtPerfTraceManagerImpl( 2713): packageName = com.northstar.app, taskId = 11508
06-11 23:51:17.962 D/audioadsprpcd(  579): vendor/qcom/proprietary/adsprpc/src/apps_std_imp.c:382: apps_std_fopen_fd done for ./libtfadsp_rx.so with       fopen:15us, read:0us, rpc_alloc:0us,       mmap:0us fd 0x0 error_code 0x2
06-11 23:51:17.962 D/audioadsprpcd(  579): vendor/qcom/proprietary/adsprpc/src/apps_std_imp.c:382: apps_std_fopen_fd done for ./libtfadsp_rx.so with       fopen:2us, read:0us, rpc_alloc:0us,       mmap:0us fd 0x0 error_code 0x2
06-11 23:51:17.962 D/audioadsprpcd(  579): vendor/qcom/proprietary/adsprpc/src/apps_std_imp.c:382: apps_std_fopen_fd done for /vendor/lib64/rfs/dsp/adsp/./libtfadsp_rx.so with       fopen:10us, read:0us, rpc_alloc:0us,       mmap:0us fd 0x0 error_code 0x2
06-11 23:51:17.962 D/audioadsprpcd(  579): vendor/qcom/proprietary/adsprpc/src/apps_std_imp.c:382: apps_std_fopen_fd done for /vendor/lib64/rfs/dsp/./libtfadsp_rx.so with       fopen:2us, read:0us, rpc_alloc:0us,       mmap:0us fd 0x0 error_code 0x2
06-11 23:51:17.962 D/audioadsprpcd(  579): vendor/qcom/proprietary/adsprpc/src/apps_std_imp.c:382: apps_std_fopen_fd done for /vendor/lib/rfsa/adsp/adsp/./libtfadsp_rx.so with       fopen:4us, read:0us, rpc_alloc:0us,       mmap:0us fd 0x0 error_code 0x2
06-11 23:51:17.964 D/AGM: graph( 1645): graph_open: 549 entry
06-11 23:51:17.964 D/AGM: metadata( 1645): metadata_print: 79 *************************Metadata*************************
06-11 23:51:17.964 D/AGM: metadata( 1645): metadata_print: 80 GKV size:1
06-11 23:51:17.964 D/AGM: metadata( 1645): metadata_print: 83 key:0xa3000000, value:0xa3000009 
06-11 23:51:17.964 D/AGM: metadata( 1645): metadata_print: 87 
06-11 23:51:17.964 D/AGM: metadata( 1645): CKV count:1
06-11 23:51:17.964 D/AGM: metadata( 1645): metadata_print: 90 key:0xbf000000, value:0x2 
06-11 23:51:17.964 D/AGM: metadata( 1645): metadata_print: 92 
06-11 23:51:17.964 D/AGM: metadata( 1645): metadata_print: 94 Property ID:134217744
06-11 23:51:17.964 D/AGM: metadata( 1645): metadata_print: 95 property count:1
06-11 23:51:17.964 D/AGM: metadata( 1645): metadata_print: 98 Property Values: 
06-11 23:51:17.964 D/AGM: metadata( 1645): metadata_print: 100 0x2 
06-11 23:51:17.964 D/AGM: metadata( 1645): metadata_print: 102 
06-11 23:51:17.964 D/AGM: metadata( 1645): metadata_print: 103 ****************Metadata Done***************************
06-11 23:51:17.964 D/AGM: metadata( 1645): 
06-11 23:51:17.964 D/AGM: graph( 1645): print_graph_alias: 2334 GKV Alias 11
06-11 23:51:17.964 D/AGM: graph( 1645): graph_open: 677 miid 49ea mid 700100b tag c0000005
06-11 23:51:17.965 D/NfcService( 3824): applyScreenState: screenState = ON_UNLOCKED
06-11 23:51:17.965 V/WindowManager( 2713): Finish Transition (#2735): created at 06-11 23:51:17.864 collect-started=0.04ms request-sent=0.049ms started=10.741ms ready=10.734ms sent=25.044ms commit=5.256ms finished=78.757ms
06-11 23:51:17.965 D/StNfcHal( 2075): (#07515) Rx 6f 02 1f (hidden)
06-11 23:51:17.965 D/StNfcHal( 2075): HalStopTimer 
06-11 23:51:17.965 D/KeyguardService( 3541): onDreamingStopped
06-11 23:51:17.966 D/UpdateManager( 9080): Weather data of location Boduppal - Telangana, India fetched from cache
06-11 23:51:17.967 D/NfcService( 3824): applyScreenState: screenState = ON_UNLOCKED
06-11 23:51:17.967 D/NfcService( 3824): applyScreenState: screenState = ON_UNLOCKED
06-11 23:51:17.963 D/audioadsprpcd(  579): vendor/qcom/proprietary/adsprpc/src/apps_std_imp.c:382: apps_std_fopen_fd done for /vendor/lib/rfsa/adsp/./libtfadsp_rx.so with       fopen:13us, read:71us, rpc_alloc:68us,       mmap:1023us fd 0xc error_code 0x0
06-11 23:51:17.967 I/audioadsprpcd(  579): vendor/qcom/proprietary/adsprpc/src/apps_std_imp.c:1160: Successfully opened file /vendor/lib/rfsa/adsp/./libtfadsp_rx.so
06-11 23:51:17.968 D/NtViewRootImpl( 4521): mPopUpViewOffsets: offset=(0.0, 0.0), scale=(1.0, 1.0)
06-11 23:51:17.968 I/ImeTracker( 2713): com.northstar.app:eef8d097: onRequestHide at ORIGIN_SERVER reason HIDE_UNSPECIFIED_WINDOW fromUser false
06-11 23:51:17.968 D/audioadsprpcd(  579): vendor/qcom/proprietary/adsprpc/src/apps_std_imp.c:382: apps_std_fopen_fd done for ./nlc.so with       fopen:14us, read:0us, rpc_alloc:0us,       mmap:0us fd 0x0 error_code 0x2
06-11 23:51:17.968 D/audioadsprpcd(  579): vendor/qcom/proprietary/adsprpc/src/apps_std_imp.c:382: apps_std_fopen_fd done for ./nlc.so with       fopen:3us, read:0us, rpc_alloc:0us,       mmap:0us fd 0x0 error_code 0x2
06-11 23:51:17.968 D/audioadsprpcd(  579): vendor/qcom/proprietary/adsprpc/src/apps_std_imp.c:382: apps_std_fopen_fd done for /vendor/lib64/rfs/dsp/adsp/./nlc.so with       fopen:8us, read:0us, rpc_alloc:0us,       mmap:0us fd 0x0 error_code 0x2
06-11 23:51:17.968 D/audioadsprpcd(  579): vendor/qcom/proprietary/adsprpc/src/apps_std_imp.c:382: apps_std_fopen_fd done for /vendor/lib64/rfs/dsp/./nlc.so with       fopen:2us, read:0us, rpc_alloc:0us,       mmap:0us fd 0x0 error_code 0x2
06-11 23:51:17.968 D/audioadsprpcd(  579): vendor/qcom/proprietary/adsprpc/src/apps_std_imp.c:382: apps_std_fopen_fd done for /vendor/lib/rfsa/adsp/adsp/./nlc.so with       fopen:5us, read:0us, rpc_alloc:0us,       mmap:0us fd 0x0 error_code 0x2
06-11 23:51:17.969 D/InsetsController( 4521): hide(ime(), fromIme=false)
06-11 23:51:17.969 I/bt_shim_scanner( 3720): system/main/shim/le_scanning_manager.cc:141 RegisterScanner: in shim layer, UUID=46c92905-9e84-4002-8aaf-e930494d0bf3
06-11 23:51:17.969 I/ImeTracker( 4521): com.northstar.app:eef8d097: onCancelled at PHASE_CLIENT_ALREADY_HIDDEN
06-11 23:51:17.969 D/audioadsprpcd(  579): vendor/qcom/proprietary/adsprpc/src/apps_std_imp.c:382: apps_std_fopen_fd done for /vendor/lib/rfsa/adsp/./nlc.so with       fopen:9us, read:19us, rpc_alloc:112us,       mmap:578us fd 0xe error_code 0x0
06-11 23:51:17.969 I/audioadsprpcd(  579): vendor/qcom/proprietary/adsprpc/src/apps_std_imp.c:1160: Successfully opened file /vendor/lib/rfsa/adsp/./nlc.so
06-11 23:51:17.970 I/BLUR-LockscreenObserver( 3685): EventObserver.EventCallback.updateEvent nt_lockscreen_unlocked isUnlocked = true
06-11 23:51:17.970 I/BLUR-LockscreenObserver( 3685): notifyEngine old=false new=false.
06-11 23:51:17.971 D/BluetoothLeScanner( 8753): onScannerRegistered() - status=0 scannerId=1 mScannerId=0
06-11 23:51:17.971 D/audioadsprpcd(  579): vendor/qcom/proprietary/adsprpc/src/apps_std_imp.c:382: apps_std_fopen_fd done for ./CFCM.so.1 with       fopen:6us, read:0us, rpc_alloc:0us,       mmap:0us fd 0x0 error_code 0x2
06-11 23:51:17.971 D/audioadsprpcd(  579): vendor/qcom/proprietary/adsprpc/src/apps_std_imp.c:382: apps_std_fopen_fd done for ./CFCM.so.1 with       fopen:1us, read:0us, rpc_alloc:0us,       mmap:0us fd 0x0 error_code 0x2
06-11 23:51:17.971 D/audioadsprpcd(  579): vendor/qcom/proprietary/adsprpc/src/apps_std_imp.c:382: apps_std_fopen_fd done for /vendor/lib64/rfs/dsp/adsp/./CFCM.so.1 with       fopen:4us, read:0us, rpc_alloc:0us,       mmap:0us fd 0x0 error_code 0x2
06-11 23:51:17.971 D/audioadsprpcd(  579): vendor/qcom/proprietary/adsprpc/src/apps_std_imp.c:382: apps_std_fopen_fd done for /vendor/lib64/rfs/dsp/./CFCM.so.1 with       fopen:2us, read:0us, rpc_alloc:0us,       mmap:0us fd 0x0 error_code 0x2
06-11 23:51:17.971 D/audioadsprpcd(  579): vendor/qcom/proprietary/adsprpc/src/apps_std_imp.c:382: apps_std_fopen_fd done for /vendor/lib/rfsa/adsp/adsp/./CFCM.so.1 with       fopen:5us, read:0us, rpc_alloc:0us,       mmap:0us fd 0x0 error_code 0x2
06-11 23:51:17.971 D/audioadsprpcd(  579): vendor/qcom/proprietary/adsprpc/src/apps_std_imp.c:382: apps_std_fopen_fd done for /vendor/lib/rfsa/adsp/./CFCM.so.1 with       fopen:2us, read:0us, rpc_alloc:0us,       mmap:0us fd 0x0 error_code 0x2
06-11 23:51:17.971 D/audioadsprpcd(  579): vendor/qcom/proprietary/adsprpc/src/apps_std_imp.c:382: apps_std_fopen_fd done for /vendor/lib/rfsa/dsp/adsp/./CFCM.so.1 with       fopen:2us, read:0us, rpc_alloc:0us,       mmap:0us fd 0x0 error_code 0x2
06-11 23:51:17.971 D/audioadsprpcd(  579): vendor/qcom/proprietary/adsprpc/src/apps_std_imp.c:382: apps_std_fopen_fd done for /vendor/lib/rfsa/dsp/./CFCM.so.1 with       fopen:1us, read:0us, rpc_alloc:0us,       mmap:0us fd 0x0 error_code 0x2
06-11 23:51:17.971 D/audioadsprpcd(  579): vendor/qcom/proprietary/adsprpc/src/apps_std_imp.c:382: apps_std_fopen_fd done for /vendor/dsp/adsp/./CFCM.so.1 with       fopen:24us, read:12us, rpc_alloc:46us,       mmap:175us fd 0xe error_code 0x0
06-11 23:51:17.971 I/audioadsprpcd(  579): vendor/qcom/proprietary/adsprpc/src/apps_std_imp.c:1133: Successfully opened file /vendor/dsp/adsp/./CFCM.so.1
06-11 23:51:17.972 D/ZramWriteback( 2713): Screen on.
06-11 23:51:17.973 D/DeviceEntryIconViewBinder( 3541): Updating device entry icon image state ForegroundIconViewModel(type=UNLOCK, useAodVariant=false, tint=-1, padding=0)
06-11 23:51:17.973 I/ConfigBroadcastManager(12794): onReceive action =android.intent.action.USER_PRESENT, actionMap = 1
06-11 23:51:17.974 D/Dragonite( 2713): acquire handle 14
06-11 23:51:17.974 D/audioadsprpcd(  579): vendor/qcom/proprietary/adsprpc/src/apps_std_imp.c:382: apps_std_fopen_fd done for ./SAPlusCmnModule.so.1 with       fopen:10us, read:0us, rpc_alloc:0us,       mmap:0us fd 0x0 error_code 0x2
06-11 23:51:17.974 D/audioadsprpcd(  579): vendor/qcom/proprietary/adsprpc/src/apps_std_imp.c:382: apps_std_fopen_fd done for ./SAPlusCmnModule.so.1 with       fopen:2us, read:0us, rpc_alloc:0us,       mmap:0us fd 0x0 error_code 0x2
06-11 23:51:17.974 D/audioadsprpcd(  579): vendor/qcom/proprietary/adsprpc/src/apps_std_imp.c:382: apps_std_fopen_fd done for /vendor/lib64/rfs/dsp/adsp/./SAPlusCmnModule.so.1 with       fopen:6us, read:0us, rpc_alloc:0us,       mmap:0us fd 0x0 error_code 0x2
06-11 23:51:17.974 D/audioadsprpcd(  579): vendor/qcom/proprietary/adsprpc/src/apps_std_imp.c:382: apps_std_fopen_fd done for /vendor/lib64/rfs/dsp/./SAPlusCmnModule.so.1 with       fopen:2us, read:0us, rpc_alloc:0us,       mmap:0us fd 0x0 error_code 0x2
06-11 23:51:17.974 D/audioadsprpcd(  579): vendor/qcom/proprietary/adsprpc/src/apps_std_imp.c:382: apps_std_fopen_fd done for /vendor/lib/rfsa/adsp/adsp/./SAPlusCmnModule.so.1 with       fopen:5us, read:0us, rpc_alloc:0us,       mmap:0us fd 0x0 error_code 0x2
06-11 23:51:17.974 D/audioadsprpcd(  579): vendor/qcom/proprietary/adsprpc/src/apps_std_imp.c:382: apps_std_fopen_fd done for /vendor/lib/rfsa/adsp/./SAPlusCmnModule.so.1 with       fopen:2us, read:0us, rpc_alloc:0us,       mmap:0us fd 0x0 error_code 0x2
06-11 23:51:17.974 D/audioadsprpcd(  579): vendor/qcom/proprietary/adsprpc/src/apps_std_imp.c:382: apps_std_fopen_fd done for /vendor/lib/rfsa/dsp/adsp/./SAPlusCmnModule.so.1 with       fopen:2us, read:0us, rpc_alloc:0us,       mmap:0us fd 0x0 error_code 0x2
06-11 23:51:17.974 D/audioadsprpcd(  579): vendor/qcom/proprietary/adsprpc/src/apps_std_imp.c:382: apps_std_fopen_fd done for /vendor/lib/rfsa/dsp/./SAPlusCmnModule.so.1 with       fopen:1us, read:0us, rpc_alloc:0us,       mmap:0us fd 0x0 error_code 0x2
06-11 23:51:17.974 D/Dragonite( 2713): sceneId = 2, pid = 12794, packageName = com.nothing.launcher, duration = 60000, params = null
06-11 23:51:17.974 D/audioadsprpcd(  579): vendor/qcom/proprietary/adsprpc/src/apps_std_imp.c:382: apps_std_fopen_fd done for /vendor/dsp/adsp/./SAPlusCmnModule.so.1 with       fopen:10us, read:45us, rpc_alloc:78us,       mmap:148us fd 0xc error_code 0x0
06-11 23:51:17.974 I/audioadsprpcd(  579): vendor/qcom/proprietary/adsprpc/src/apps_std_imp.c:1133: Successfully opened file /vendor/dsp/adsp/./SAPlusCmnModule.so.1
06-11 23:51:17.974 I/BLUR-LockscreenObserver( 3685): EventObserver.EventCallback.updateEvent nt_lockscreen_unlocked isUnlocked = true
06-11 23:51:17.974 I/BLUR-LockscreenObserver( 3685): notifyEngine old=false new=false.
06-11 23:51:17.975 I/NtAudioManager( 2713): getStreamVolume streamType :3, pkg :android, index :8
06-11 23:51:17.556 I/init    (    1): processing action (sys.touch.keyguard.state=*) from (/vendor/etc/init/hw/init.nt_product.rc:405)
06-11 23:51:17.556 I/[FTS_TS/I]fts_ex_mode_switch(  309): PalmToSleep Mode Disable
06-11 23:51:17.977 I/NTWidget-Client(11922): Receive method call: configBroadcastReceive, widgetId = 1
06-11 23:51:17.560 I/[FTS_TS/I]fts_ex_mode_set_reg(  309): set mode(9a) to 0 successfully
06-11 23:51:17.977 W/XService-( 8753): BLE Scanner scan mode:1
06-11 23:51:17.978 I/NTWidget-Client(11922): Call handleBroadcastReceive
06-11 23:51:17.978 I/bt_shim_scanner( 3720): system/main/shim/le_scanning_manager.cc:242 ScanFilterEnable: in shim layer
06-11 23:51:17.978 D/vendor.qti.bluetooth@1.0-ibs_handler( 1628): SerialClockVote: vote for UART CLK ON
06-11 23:51:17.979 I/bt_shim_scanner( 3720): system/main/shim/le_scanning_manager.cc:219 ScanFilterAdd: in shim layer
06-11 23:51:17.979 D/NtWifiStateTracker( 2713): isScreenOn = [true]
06-11 23:51:17.980 E/ACDB    ( 1645): vendor/qcom/proprietary/args/acdb/src/acdb_command.c:AcdbCmdGetProcSubgraphCalDataPersist:8255 Error[19]: No calibration found
06-11 23:51:17.980 E/ACDB    ( 1645): vendor/qcom/proprietary/args/acdb/src/acdb_command.c:AcdbCmdGetProcSubgraphCalDataPersist:8255 Error[19]: No calibration found
06-11 23:51:17.980 E/ACDB    ( 1645): vendor/qcom/proprietary/args/acdb/src/acdb_command.c:AcdbCmdGetProcSubgraphCalDataPersist:8255 Error[19]: No calibration found
06-11 23:51:17.980 E/ACDB    ( 1645): vendor/qcom/proprietary/args/acdb/src/acdb_command.c:AcdbCmdGetProcSubgraphCalDataPersist:8255 Error[19]: No calibration found
06-11 23:51:17.980 D/AGM: graph( 1645): graph_open: 709 graph_handle 0x247534c
06-11 23:51:17.980 D/AGM: graph( 1645): graph_open: 745 exit, ret 0
06-11 23:51:17.980 D/AGM: graph( 1645): graph_set_config: 1111 entry graph_handle 0x247534c
06-11 23:51:17.980 I/GPR:    ( 1645): vendor/qcom/proprietary/args/gpr/core/src/gpr_drv.c:__gpr_cmd_register_v2:931 GPR Register: Source Port is 8211 heap_index: 0
06-11 23:51:17.980 D/AGM: graph( 1645): graph_set_config: 1119 exit, graph handle 0x247534c, ret 0
06-11 23:51:17.980 I/AgmIpc::Server( 1645): addSessionHandle sessionId 126 handle b400007c2ae86a10 
06-11 23:51:17.980 D/PLUGIN: pcm( 1645): agm_pcm_hw_params: 500 agm_pcm_hw_params: mode: 0
06-11 23:51:17.980 I/PAL: Session( 1645): updateCustomPayload: 661: customPayloadSize = 32
06-11 23:51:17.980 D/AGM: graph( 1645): graph_set_config: 1111 entry graph_handle 0x247534c
06-11 23:51:17.980 D/AGM: graph( 1645): graph_set_config: 1119 exit, graph handle 0x247534c, ret 0
06-11 23:51:17.980 I/PAL: Session( 1645): updateCustomPayload: 661: customPayloadSize = 40
06-11 23:51:17.980 D/AGM: graph( 1645): graph_set_config: 1111 entry graph_handle 0x247534c
06-11 23:51:17.980 D/NtWifiStateTracker( 2713): checkFeatureEnable: featureEnable = [true]
06-11 23:51:17.981 D/AGM: graph( 1645): graph_set_config: 1119 exit, graph handle 0x247534c, ret 0
06-11 23:51:17.981 D/audioadsprpcd(  579): vendor/qcom/proprietary/adsprpc/src/apps_std_imp.c:382: apps_std_fopen_fd done for ./libtfadsp_tx.so with       fopen:7us, read:0us, rpc_alloc:0us,       mmap:0us fd 0x0 error_code 0x2
06-11 23:51:17.981 D/audioadsprpcd(  579): vendor/qcom/proprietary/adsprpc/src/apps_std_imp.c:382: apps_std_fopen_fd done for ./libtfadsp_tx.so with       fopen:1us, read:0us, rpc_alloc:0us,       mmap:0us fd 0x0 error_code 0x2
06-11 23:51:17.981 D/audioadsprpcd(  579): vendor/qcom/proprietary/adsprpc/src/apps_std_imp.c:382: apps_std_fopen_fd done for /vendor/lib64/rfs/dsp/adsp/./libtfadsp_tx.so with       fopen:5us, read:0us, rpc_alloc:0us,       mmap:0us fd 0x0 error_code 0x2
06-11 23:51:17.981 I/bt_shim_scanner( 3720): system/main/shim/le_scanning_manager.cc:186 ScanFilterParamSetup: in shim layer, clientIf=1
06-11 23:51:17.981 D/audioadsprpcd(  579): vendor/qcom/proprietary/adsprpc/src/apps_std_imp.c:382: apps_std_fopen_fd done for /vendor/lib64/rfs/dsp/./libtfadsp_tx.so with       fopen:2us, read:0us, rpc_alloc:0us,       mmap:0us fd 0x0 error_code 0x2
06-11 23:51:17.981 D/audioadsprpcd(  579): vendor/qcom/proprietary/adsprpc/src/apps_std_imp.c:382: apps_std_fopen_fd done for /vendor/lib/rfsa/adsp/adsp/./libtfadsp_tx.so with       fopen:4us, read:0us, rpc_alloc:0us,       mmap:0us fd 0x0 error_code 0x2
06-11 23:51:17.981 I/vendor.qti.hardware.servicetrackeraidl-service( 1740): bindService is called for service : com.google.android.gms/.chimera.PersistentDirectBootAwareApiService and for client com.google.android.gms.persistent
06-11 23:51:17.981 I/vendor.qti.hardware.servicetrackeraidl-service( 1740): total connections for service : com.google.android.gms/.chimera.PersistentDirectBootAwareApiServiceare :46
06-11 23:51:17.982 I/vendor.qti.hardware.servicetrackeraidl-service( 1740): total connections for client : com.google.android.gms.persistentare :7
06-11 23:51:17.982 D/audioadsprpcd(  579): vendor/qcom/proprietary/adsprpc/src/apps_std_imp.c:382: apps_std_fopen_fd done for /vendor/lib/rfsa/adsp/./libtfadsp_tx.so with       fopen:16us, read:6us, rpc_alloc:97us,       mmap:580us fd 0xc error_code 0x0
06-11 23:51:17.982 I/audioadsprpcd(  579): vendor/qcom/proprietary/adsprpc/src/apps_std_imp.c:1160: Successfully opened file /vendor/lib/rfsa/adsp/./libtfadsp_tx.so
06-11 23:51:17.982 I/DeviceStatusMonitor(23068): DeviceStatusMonitor.handleBroadcast():135 onReceive() : Action = android.intent.action.SCREEN_ON
06-11 23:51:17.983 I/DeviceStatusMonitor(23068): DeviceStatusMonitor.updateCountryInfo():151 updateCountryInfo(), notifyAnyway = false
06-11 23:51:17.983 I/InputBundle(23068): InputBundle.switchToKeyboardDirectly():530 switchToKeyboardDirectly(): oiz[keyboardType=prime, payload=null]
06-11 23:51:17.983 I/InputBundle(23068): InputBundle.switchToKeyboardDirectly():530 switchToKeyboardDirectly(): oiz[keyboardType=prime, payload=null]
06-11 23:51:17.983 I/InputBundle(23068): InputBundle.switchToKeyboardDirectly():530 switchToKeyboardDirectly(): oiz[keyboardType=prime, payload=null]
06-11 23:51:17.983 I/InputBundle(23068): InputBundle.switchToKeyboardDirectly():530 switchToKeyboardDirectly(): oiz[keyboardType=prime, payload=null]
06-11 23:51:17.983 I/InputBundle(23068): InputBundle.switchToKeyboardDirectly():530 switchToKeyboardDirectly(): oiz[keyboardType=prime, payload=null]
06-11 23:51:17.983 I/InputBundle(23068): InputBundle.switchToKeyboardDirectly():530 switchToKeyboardDirectly(): oiz[keyboardType=prime, payload=null]
06-11 23:51:17.984 D/NtSmartWifiScan( 2713): handleMessage EVENT_SCREEN_CHANGED ...
06-11 23:51:17.985 I/GoogleInputMethodService(23068): GoogleInputMethodService.onFinishInput():2259 
06-11 23:51:17.985 I/BLUR-LockscreenObserver( 3685): EventObserver.EventCallback.updateEvent nt_lockscreen_unlocked isUnlocked = true
06-11 23:51:17.985 D/vendor.qti.bluetooth@1.0-wake_lock( 1628): Acquire wakelock is acquired 
06-11 23:51:17.985 I/vendor.qti.bluetooth@1.0-ibs_handler( 1628): DeviceWakeUp: Writing IBS_WAKE_IND
06-11 23:51:17.985 I/DeviceLockTags(23068): DeviceLockTags.notifyDeviceLockStatusChanged():108 notifyDeviceLockStatusChanged(): deviceLocked=false, blockPersonalData=false
06-11 23:51:17.986 I/Module  (23068): DeviceLockedStatusModuleProvider$Module.updateDeviceLockedStatusInternal():127 repeatCheckTimes = 0, locked = false
06-11 23:51:17.986 I/BLUR-LockscreenObserver( 3685): notifyEngine old=false new=false.
06-11 23:51:17.986 I/ClipboardDataHandler(23068): ClipboardDataHandler.updateScreenshotsContentObserver():321 Enable the feature of handling screenshots in the clipboard.
06-11 23:51:17.986 I/bt_shim_scanner( 3720): system/main/shim/le_scanning_manager.cc:219 ScanFilterAdd: in shim layer
06-11 23:51:17.986 I/WifiConnectivityManager( 2713): SetInitialScanState to : 0
06-11 23:51:17.986 W/NotificationCenter(23068): NotificationCenter.unregisterListener():480 Listener eoy@c383180 was not registered for notification class onp
06-11 23:51:17.986 E/WifiMetrics( 2713): Called WifiMetrics#logPNoScanStop() without calling WifiMetrics#logPnoScanStart() first!
06-11 23:51:17.987 D/NtSmartWifi( 2713): handleMessage EVENT_SCREEN_CHANGED ...
06-11 23:51:17.987 D/NtSmartWifi( 2713): setNetworkSelectionCfg, true,  mSmartWifiEnabled=true
06-11 23:51:17.987 D/NtSmartWifi( 2713): set lastseletionWeight to false
06-11 23:51:17.987 I/WifiService( 2713): uid=1000 WifiNetworkSelectionConfig=mSufficiencyCheckEnabledWhenScreenOff=true, mSufficiencyCheckEnabledWhenScreenOn=true, mAssociatedNetworkSelectionOverride=0, mUserConnectChoiceOverrideEnabled=true, mLastSelectionWeightEnabled=false, mRssi2Thresholds=[-83, -80, -73, -60], mRssi5Thresholds=[-80, -77, -70, -57], mRssi6Thresholds=[-80, -77, -70, -57], mFrequencyWeights={}
06-11 23:51:17.987 I/bt_shim_scanner( 3720): system/main/shim/le_scanning_manager.cc:186 ScanFilterParamSetup: in shim layer, clientIf=1
06-11 23:51:17.987 I/AbstractOpenableExtension(23068): AbstractOpenableExtension.createKeyboardGroupManagerListenableFuture():121 Create keyboard group manager listenable future in idc
06-11 23:51:17.987 I/ImeTracker( 2713): system_server:7db3883a: onRequestHide at ORIGIN_SERVER reason IME_REQUESTED_CHANGED_LISTENER fromUser false
06-11 23:51:17.988 I/bt_shim_scanner( 3720): system/main/shim/le_scanning_manager.cc:219 ScanFilterAdd: in shim layer
06-11 23:51:17.988 I/ImeTracker( 2713): system_server:7db3883a: onCancelled at PHASE_SERVER_SHOULD_HIDE
06-11 23:51:17.988 E/ACDB    ( 1645): vendor/qcom/proprietary/args/acdb/src/acdb_command.c:AcdbCmdGetProcSubgraphCalDataPersist:8255 Error[19]: No calibration found
06-11 23:51:17.988 I/WifiConnectivityManager( 2713): SetInitialScanState to : 1
06-11 23:51:17.988 D/AGM: graph( 1645): graph_open: 709 graph_handle 0x347534c
06-11 23:51:17.989 D/AGM: graph( 1645): graph_open: 745 exit, ret 0
06-11 23:51:17.989 I/AgmIpc::Server( 1645): addSessionHandle sessionId 121 handle b400007c2ae86f50 
06-11 23:51:17.989 I/SensorService( 2713): [NothSensor] com.google.android.gms Calling batch handle 11 flags 0 rate 10000000 timeout 5000000000
06-11 23:51:17.989 E/ACDB    ( 1645): vendor/qcom/proprietary/args/acdb/src/acdb_command.c:AcdbCmdGetProcSubgraphCalDataPersist:8255 Error[19]: No calibration found
06-11 23:51:17.989 E/ACDB    ( 1645): vendor/qcom/proprietary/args/acdb/src/acdb_command.c:AcdbCmdGetProcSubgraphCalDataPersist:8255 Error[19]: No calibration found
06-11 23:51:17.989 E/ACDB    ( 1645): vendor/qcom/proprietary/args/acdb/src/acdb_command.c:AcdbCmdGetProcSubgraphCalDataPersist:8255 Error[19]: No calibration found
06-11 23:51:17.989 E/ACDB    ( 1645): vendor/qcom/proprietary/args/acdb/src/acdb_command.c:AcdbCmdGetProcSubgraphCalDataPersist:8255 Error[19]: No calibration found
06-11 23:51:17.989 D/AGM: graph( 1645): graph_prepare: 807 entry graph_handle 0x247534c
06-11 23:51:17.989 D/AGM: graph_module( 1645): configure_pcm_shared_mem_ep: 1700 entry mod tag c0000002 miid 40bd mid 7001000
06-11 23:51:17.989 I/sensors-hal( 1639): batch:140, android.sensor.accelerometer/11, period=10000000, max_latency=20000000
06-11 23:51:17.989 I/sensors-hal( 1639): set_config:60, sample_period_ns is adjusted to 10000000 based on min/max delay_ns
06-11 23:51:17.989 I/sensors-hal( 1639): send_sensor_config_request:492, resampler is used, set resampler config
06-11 23:51:17.989 I/sensors-hal( 1639): send_sync_sensor_request:435, send sync request
06-11 23:51:17.990 D/AGM: graph_module( 1645): configure_pcm_shared_mem_ep: 1776 exit, ret 0
06-11 23:51:17.990 D/AGM: graph_module( 1645): configure_hw_ep_media_config: 636 entry mod tag c0000004 miid 4023 mid 700100a
06-11 23:51:17.990 D/AGM: graph_module( 1645): configure_hw_ep_media_config: 666 rate 48000 bw 32 ch 2, data_fmt 1
06-11 23:51:17.990 I/sensors-hal( 1639): send_sync_sensor_request:464, wait for notification of response
06-11 23:51:17.990 D/AGM: graph_module( 1645): configure_hw_ep_media_config: 676 exit, ret 0
06-11 23:51:17.990 D/AGM: graph_module( 1645): configure_i2s_ep: 357 exit, ret 0
06-11 23:51:17.990 D/AGM: graph_module( 1645): configure_output_media_format: 759 entry mod tag c000000e miid 40bf mid 7001005
06-11 23:51:17.991 D/AGM: graph_module( 1645): configure_output_media_format: 890 exit, ret 0
06-11 23:51:17.991 D/AGM: graph_module( 1645): configure_output_media_format: 759 entry mod tag c0000010 miid 40c0 mid 7001003
06-11 23:51:17.991 I/sensors-hal( 1639): qsh_conn_resp_cb:761, resp_value = 0 for accel 
06-11 23:51:17.991 I/sensors-hal( 1639): send_sync_sensor_request:470, takes 0 ms to receive the response with 0
06-11 23:51:17.991 I/sensors-hal( 1639): batch:149, android.sensor.accelerometer/11, period=10000000, max_latency=20000000 request completed
06-11 23:51:17.991 D/AGM: graph_module( 1645): configure_output_media_format: 890 exit, ret 0
06-11 23:51:17.991 D/AGM: graph_module( 1645): configure_spr: 1904 SPR module IID 4165
06-11 23:51:17.991 D/AGM: graph_module( 1645): configure_spr: 1927 HW EP module IID 4023
06-11 23:51:17.991 I/sensors-hal( 1639): flush:169, android.sensor.accelerometer/11
06-11 23:51:17.991 I/sensors-hal( 1639): send_sync_sensor_request:435, send sync request
06-11 23:51:17.991 I/sensors-hal( 1639): send_sync_sensor_request:464, wait for notification of response
06-11 23:51:17.991 D/AGM: graph( 1645): configure_buffer_params: 200 Enter
06-11 23:51:17.991 D/AGM: graph( 1645): configure_buffer_params: 263 Playback sess buf_sz 768 num_bufs 2
06-11 23:51:17.991 E/AGM: graph( 1645): configure_buffer_params: 296 Unsupported buffer mode : 0, Default to Blocking
06-11 23:51:17.991 D/AGM: graph( 1645): configure_buffer_params: 316 exit, ret 0
06-11 23:51:17.992 I/vendor.qti.bluetooth@1.0-ibs_handler( 1628): ProcessIbsCmd: Received IBS_WAKE_ACK: 0xFC
06-11 23:51:17.992 I/vendor.qti.bluetooth@1.0-ibs_handler( 1628): ProcessIbsCmd: Signal wack_cond_
06-11 23:51:17.992 I/sensors-hal( 1639): qsh_conn_resp_cb:761, resp_value = 0 for accel 
06-11 23:51:17.992 I/sensors-hal( 1639): send_sync_sensor_request:470, takes 0 ms to receive the response with 0
06-11 23:51:17.992 I/sensors-hal( 1639): flush:175, android.sensor.accelerometer/11 completed
06-11 23:51:17.992 I/KeyboardGroupDefParser(23068): KeyboardGroupDefParser.parseKeyboardGroupDef():73 parseKeyboardGroupDef() 2132213990 -> 0_resource_name_obfuscated : WaitTime = 1 ms : RunTime = 5 ms
06-11 23:51:17.992 D/UpdateManager( 9080): Widget 10 updated.
06-11 23:51:17.989 D/PLUGIN: pcm( 1645): agm_pcm_hw_params: 500 agm_pcm_hw_params: mode: 268435456
06-11 23:51:17.992 D/vendor.qti.bluetooth@1.0-ibs_handler( 1628): DeviceWakeUp: Unblocked from waiting for FC, pthread_cond_timedwait ret = 0
06-11 23:51:17.992 D/audio_route( 1645): Apply path: vi-feedback
06-11 23:51:17.992 D/UpdateManager( 9080): Updating all widgets
06-11 23:51:17.992 D/AppWidgetServiceImpl( 2713): Trying to notify widget update for package widget.dd.com.overdrop.free with widget id: 10
06-11 23:51:17.992 I/bt_shim_scanner( 3720): system/main/shim/le_scanning_manager.cc:186 ScanFilterParamSetup: in shim layer, clientIf=1
06-11 23:51:17.993 I/vendor.qti.bluetooth@1.0-ibs_handler( 1628): ProcessIbsCmd: Received IBS_WAKE_IND: 0xFD
06-11 23:51:17.993 I/vendor.qti.bluetooth@1.0-ibs_handler( 1628): ProcessIbsCmd: Writing IBS_WAKE_ACK
06-11 23:51:17.994 D/AGM: graph( 1645): graph_prepare: 885 exit, ret 0
06-11 23:51:17.994 D/AGM: graph( 1645): graph_start: 899 entry graph_handle 0x247534c
06-11 23:51:17.576 I/init    (    1): processing action (sys.touch.keyguard.state=*) from (/vendor/etc/init/hw/init.nt_product.rc:405)
06-11 23:51:17.576 I/[FTS_TS/I]fts_ex_mode_switch(  309): PalmToSleep Mode Disable
06-11 23:51:17.994 I/bt_shim_scanner( 3720): system/main/shim/le_scanning_manager.cc:219 ScanFilterAdd: in shim layer
06-11 23:51:17.994 I/wificond( 2153): Pno scan stopped
06-11 23:51:17.994 I/bt_shim_scanner( 3720): system/main/shim/le_scanning_manager.cc:186 ScanFilterParamSetup: in shim layer, clientIf=1
06-11 23:51:17.995 I/bt_shim_scanner( 3720): system/main/shim/le_scanning_manager.cc:219 ScanFilterAdd: in shim layer
