06-11 23:48:37.124 I/TFLite-in-PlayServices(12870): Created interpreter.
06-11 23:48:37.124 I/NearbyConnections(12870): Get local endpoint id from random generation ZTXA (last:OFWZ) for client 149306909
06-11 23:48:37.125 I/NearbyMediums(12870): [DeviceCapabilities] Get wifi usable channels from cache for mode WFD_GC (tryToRefreshCache:false channels:[2412..2472, 5500..5700, 5745..5825])
06-11 23:48:37.129 I/SemanticLocation(12870): (REDACTED) [Inferrer] %s%s
06-11 23:48:37.130 I/sensors-hal( 1639): handle_sns_std_sensor_event:79, ambient_light_event: ssc_ts 0x21C25FD8361 hal_ts 120824295432629 lux 1.000 cct 5648.126 [10.000 900000.000 333439.000 290.000 4.545 6.692 -3.340 30.330 22.617 -0.819 0.393 0.393 -3.291 0.555]
06-11 23:48:37.130 I/NearbyMediums(12870): [DeviceCapabilities] Get wifi usable channels from cache for mode WFD_GO (tryToRefreshCache:false channels:[2412..2472, 5745..5825])
06-11 23:48:37.134 I/NearbyMediums(12870): [DeviceCapabilities] Get wifi usable channels from cache for mode STA (tryToRefreshCache:false channels:[2412..2472, 5500..5700, 5745..5825])
06-11 23:48:37.136 I/NearbyMediums(12870): [DeviceCapabilities] Get wifi usable channels from cache for mode AWARE (tryToRefreshCache:false channels:[2412..2472, 5745..5825])
06-11 23:48:37.140 I/vendor.qti.bluetooth@1.0-ibs_handler( 1628): ProcessIbsCmd: Received IBS_SLEEP_IND: 0xFE
06-11 23:48:37.140 I/NearbyConnections(12870): In generateRxInstantConnectionAdvBytes() advertisingMediums:[WIFI_DIRECT, WIFI_HOTSPOT, WIFI_AWARE, WIFI_LAN, BLE] capabilitiesSize:4 apFreq:-1 wfdGcUsableOrAvailableChs:[2412..2472, 5500..5700, 5745..5825] wfdGoUsableOrAvailableChs:[2412..2472, 5745..5825] hsStaUsableOrAvailableChs:[2412..2472, 5500..5700, 5745..5825] awareUsableOrAvailableChs:[2412..2472, 5745..5825] rxAdvertisement(size:57):A0:17:16:C2:E5:57:84:17:6C:8B:94:76:46:D7:B4:8B:44:4A:14:30:E9:66:2B:3D:F5:56:A0:A0:68:4D:31:46:5B:5F:84:15:05:7C:00:00:84:15:06:60:00:00:84:15:04:7C:00:00:83:15:01:FF:FF
06-11 23:48:37.143 I/bluetooth_core::gatt::server::isolation_manager( 3720): removing server (if any) associated with advertiser AdvertiserId(1)
06-11 23:48:37.143 I/bt_shim_advertiser( 3720): system/main/shim/le_advertising_manager.cc:112 Unregister: in shim layer
06-11 23:48:37.144 I/bluetooth( 3720): system/gd/hci/le_address_manager.cc:280 unregister_client: Client unregistered
06-11 23:48:37.144 I/NearbyMediums(12870): Device token rotated, old deviceToken : [ 0x4a 0x1f ].
06-11 23:48:37.144 I/vendor.qti.bluetooth@1.0-ibs_handler( 1628): ProcessIbsCmd: Received IBS_WAKE_IND: 0xFD
06-11 23:48:37.144 I/vendor.qti.bluetooth@1.0-ibs_handler( 1628): ProcessIbsCmd: Writing IBS_WAKE_ACK
06-11 23:48:37.147 I/bt_shim_advertiser( 3720): system/main/shim/le_advertising_manager.cc:197 StartAdvertisingSet: in shim layer
06-11 23:48:37.147 I/bt_shim_advertiser( 3720): system/main/shim/le_advertising_manager.cc:223 StartAdvertisingSet: create advertising set, client_id:255, reg_id:-1944
06-11 23:48:37.147 I/bluetooth( 3720): system/gd/hci/le_advertising_manager.cc:736 create_extended_advertiser_with_id: Scheduling address rotation for advertiser_id=0
06-11 23:48:37.147 I/bluetooth( 3720): system/gd/hci/le_address_manager.cc:578 GetNextPrivateAddressIntervalRange: client=advertising_set_0, nonwake=8m23s, wake=14m59s
06-11 23:48:37.147 I/bluetooth( 3720): system/gd/hci/le_advertising_manager.cc:1688 set_enc_data: Scan Response Data
06-11 23:48:37.147 I/bluetooth( 3720): system/gd/hci/le_advertising_manager.cc:1688 set_enc_data: Advertising Data
06-11 23:48:37.147 I/bluetooth( 3720): Data: F3FE11010F8C65F1 Data Type:  Size: 8
06-11 23:48:37.147 I/bluetooth( 3720): system/gd/hci/le_address_manager.cc:265 register_client: Client registered
06-11 23:48:37.149 I/bluetooth( 3720): system/gd/hci/le_advertising_manager.cc:2525 on_set_advertising_set_random_address_complete: update random address for advertising set 0 : xx:xx:xx:xx:e7:f8
06-11 23:48:37.152 I/NearbyMediums(12870): [InstantOnLostManager] Start instant onLost extended advertising, hashes = [ 0x0f 0x8c 0x65 0xf1 ].
06-11 23:48:37.152 I/NearbyMediums(12870): Successfully stopped BLE advertising for service NearbySharing
06-11 23:48:36.735 I/goodix_fp( 1241): [nt_tp_notifier_callback] : TOUCHPANEL_FPEVENT_UP,event=1,x=664,y=2568
06-11 23:48:36.735 I/send message( 1241): 8
06-11 23:48:37.154 I/[GF_HAL][HalUtils]( 2386): [postSem]sem value = 0
06-11 23:48:37.154 E/[GF_HAL][EventCenter]( 2386): [dispatchEvent] event<4> don't have handler
06-11 23:48:37.155 E/KeymasterUtils(  994): IKMHal_sendCmd failed with rsp_header->status: -28
06-11 23:48:37.155 E/KeyMasterHalDevice(  994): abort_operation
06-11 23:48:37.155 E/KeyMasterHalDevice(  994): ret: -28
06-11 23:48:36.739 I/[FTS_TS/I]fts_fod_set_reg( 1241): set fod mode to 0 successfully
06-11 23:48:37.160 W/NearbyPresence(12870): TidepoolIdentityProvider: Main Tidepool status toggle not enabled! Returned empty shared credentials. [CONTEXT service_id=317 ]
06-11 23:48:37.160 W/NearbyPresence(12870): TidepoolIdentityProvider: Main Tidepool status toggle not enabled! Returned empty broadcast credentials. [CONTEXT service_id=317 ]
06-11 23:48:37.160 W/NearbyPresence(12870): TidepoolIdentityProvider: Main Tidepool status toggle not enabled! Returned empty shared credentials. [CONTEXT service_id=317 ]
06-11 23:48:37.160 W/NearbyPresence(12870): TidepoolIdentityProvider: Main Tidepool status toggle not enabled! Returned empty broadcast credentials. [CONTEXT service_id=317 ]
06-11 23:48:37.161 I/bt_shim_advertiser( 3720): system/main/shim/le_advertising_manager.cc:197 StartAdvertisingSet: in shim layer
06-11 23:48:37.161 I/bt_shim_advertiser( 3720): system/main/shim/le_advertising_manager.cc:223 StartAdvertisingSet: create advertising set, client_id:255, reg_id:-1945
06-11 23:48:37.161 I/bluetooth( 3720): system/gd/hci/le_advertising_manager.cc:736 create_extended_advertiser_with_id: Scheduling address rotation for advertiser_id=1
06-11 23:48:37.161 I/bluetooth( 3720): system/gd/hci/le_address_manager.cc:578 GetNextPrivateAddressIntervalRange: client=advertising_set_1, nonwake=8m13s, wake=14m20s
06-11 23:48:37.161 I/bluetooth( 3720): system/gd/hci/le_advertising_manager.cc:1688 set_enc_data: Scan Response Data
06-11 23:48:37.161 I/bluetooth( 3720): system/gd/hci/le_advertising_manager.cc:1688 set_enc_data: Advertising Data
06-11 23:48:37.161 I/bluetooth( 3720): Data: F3FE4A17235A5458411132A1BEEA5BCCBEA1073725DCAD5549C9A893D00239A01716C2E55784176C8B947646D7B48B444A1430E9662B3DF556A0A0684D31465B5F8415057C00008415066000008415047C0000831501FFFF Data Type:  Size: 88
06-11 23:48:37.166 I/bluetooth( 3720): system/gd/hci/le_advertising_manager.cc:2525 on_set_advertising_set_random_address_complete: update random address for advertising set 1 : xx:xx:xx:xx:09:dc
06-11 23:48:37.175 E/KeymasterUtils(  994): IKMHal_sendCmd failed with rsp_header->status: -28
06-11 23:48:37.175 E/KeyMasterHalDevice(  994): abort_operation
06-11 23:48:37.175 E/KeyMasterHalDevice(  994): ret: -28
06-11 23:48:37.176 I/NearbyMediums(12870): Started BLE extended advertising. Regular Advertised : false, Fast Advertised : true, AdvertisingSetting : BleAdvertisingSetting{powerLevel= BALANCED_POWER, isConnectable= false, isPrivateGatt= true}.
06-11 23:48:37.181 E/AppOps  ( 2713): attributionTag  not declared in manifest of com.android.systemui
06-11 23:48:37.182 E/AppOps  ( 2713): attributionTag  not declared in manifest of com.android.systemui
06-11 23:48:37.182 W/NearbyPresence(12870): TidepoolIdentityProvider: Main Tidepool status toggle not enabled! Returned empty broadcast credentials. [CONTEXT service_id=317 ]
06-11 23:48:37.182 W/NearbyPresence(12870): TidepoolIdentityProvider: Main Tidepool status toggle not enabled! Returned empty shared credentials. [CONTEXT service_id=317 ]
06-11 23:48:37.185 I/bt_shim_advertiser( 3720): system/main/shim/le_advertising_manager.cc:197 StartAdvertisingSet: in shim layer
06-11 23:48:37.185 I/bt_shim_advertiser( 3720): system/main/shim/le_advertising_manager.cc:223 StartAdvertisingSet: create advertising set, client_id:255, reg_id:-1946
06-11 23:48:37.186 I/bluetooth( 3720): system/gd/hci/le_advertising_manager.cc:736 create_extended_advertiser_with_id: Scheduling address rotation for advertiser_id=2
06-11 23:48:37.186 I/bluetooth( 3720): system/gd/hci/le_address_manager.cc:578 GetNextPrivateAddressIntervalRange: client=advertising_set_2, nonwake=8m56s, wake=13m58s
06-11 23:48:37.186 I/bluetooth( 3720): system/gd/hci/le_advertising_manager.cc:1688 set_enc_data: Scan Response Data
06-11 23:48:37.186 I/bluetooth( 3720): system/gd/hci/le_advertising_manager.cc:1688 set_enc_data: Advertising Data
06-11 23:48:37.186 I/bluetooth( 3720): Data: F3FE4A17235A5458411132A1BEEA5BCCBEA1073725DCAD5549C9A893D0 Data Type:  Size: 29
06-11 23:48:37.187 E/KeymasterUtils(  994): IKMHal_sendCmd failed with rsp_header->status: -28
06-11 23:48:37.187 E/KeyMasterHalDevice(  994): abort_operation
06-11 23:48:37.187 E/KeyMasterHalDevice(  994): ret: -28
06-11 23:48:37.188 I/bluetooth( 3720): system/gd/hci/le_advertising_manager.cc:2525 on_set_advertising_set_random_address_complete: update random address for advertising set 2 : xx:xx:xx:xx:9d:69
06-11 23:48:37.190 E/keystore2( 1030): system/security/keystore2/src/error.rs:183 - system/security/keystore2/src/security_level.rs:328
06-11 23:48:37.190 E/keystore2( 1030): 
06-11 23:48:37.190 E/keystore2( 1030): Caused by:
06-11 23:48:37.190 E/keystore2( 1030):     0: system/security/keystore2/src/enforcements.rs:599: matching auth token (challenge=0, userId=3444774358774862134, authId=0, authType=0x1, timestamp=63734442ms) rcved=BootTime(63729588) for sids [3444774358774862134] type Some(r#PASSWORD) is expired (57094s old > timeout=5s)
06-11 23:48:37.190 E/keystore2( 1030):     1: Error::Km(r#KEY_USER_NOT_AUTHENTICATED)
06-11 23:48:37.191 I/sensors-hal( 1639): handle_sns_std_sensor_event:70, ambient_light_back_event: ssc_ts 0x21C260F1692 hal_ts 120824355421848 lux 0.000 ch0 0.000
06-11 23:48:37.194 I/NearbyMediums(12870): Started BLE Legacy advertising. Regular Header Advertised : false, Fast Advertised : true, AdvertisingSettings : BleAdvertisingSetting{powerLevel= BALANCED_POWER, isConnectable= false, isPrivateGatt= true}, isAcceptingConnection : false
06-11 23:48:37.194 I/NearbyMediums(12870): Successfully started BLE advertising of size 23 for service NearbySharing, deviceToken : [ 0x93 0xd0 ].
06-11 23:48:37.196 I/TapAndPay(12870): (REDACTED) Refresh offhost session%s with cause %s
06-11 23:48:37.197 I/TapAndPay(12870): TpOffHostSessionManager not enabled, ignoring refreshSession request [CONTEXT service_id=79 ]
06-11 23:48:37.206 I/NearbyMediums(12870): Successfully bound ServerSocket for service NearbySharing to the stable port 53601.
06-11 23:48:37.207 I/NearbyMediums(12870): Successfully started listening for incoming Wifi Lan connections.
06-11 23:48:37.209 W/NearbyMediums(12870): MEDIUM_ERROR [DEVICE][WIFI_LAN][START_ADVERTISING][MEDIUM_NOT_AVAILABLE][WITHOUT_CONNECTED_WIFI_NETWORK], service-id=NearbySharing
06-11 23:48:37.210 I/NearbyMediums(12870): Successfully advertised I1pUWEH8n14AAA on serviceID NearbySharing over Wifi LAN.
06-11 23:48:37.210 I/NearbyMediums(12870): [WifiNetworkV2] WifiStatusChangedCallback registered for NearbySharing (wifiStatusChangedCallbacks.size:1)
06-11 23:48:37.210 I/NearbyConnections(12870): Get local endpoint id from the existing localEndpointId:ZTXA (last:OFWZ) for client 149306909(0p:com.google.android.gms.nearby.sharing)
06-11 23:48:37.210 I/NearbyMediums(12870): Started BLE scanning, service-id=NearbyConnections.TxAdvertisement, is-extended-advert=true, power-level=2, scan-mode=3
06-11 23:48:37.211 I/NearbyConnections(12870): [InstantConnectionPcpMgr] In invalidateTxAdvertisementScanning(by final_updateAdvertising) tx advertisement scanning successfully started for enpointId:ZTXA serviceId:NearbySharing isScreenUnlocked:true powerLevel:BALANCED
06-11 23:48:37.211 I/sensors-hal( 1639): handle_sns_std_sensor_event:79, ambient_light_event: ssc_ts 0x21C2615C5A1 hal_ts 120824378235962 lux 1.000 cct 5648.126 [10.000 777600.000 333440.000 290.000 8.140 9.609 -1.716 35.480 19.741 6.576 -0.236 -0.236 -5.087 5.705]
06-11 23:48:37.211 I/NearbySharing(12870): [broadcast provider] advertising options updated (BroadcastProviderOptions(powerLevel=2, flowId=4266045849303569138, uwbSenderInfo=[], deviceType=1, advertisingMediums=[8, 3, 6, 5, 4], upgradeMediums=[11, 5, 8, 6, 3, 9, 10, 2, 4, 7], useStableIdentifiers=false, allowBluetoothRadioToggling=false, allowWifiRadioToggling=false, enableBleL2capListening=false, allowGattConnections=false, enableFastAdvertisement=true)).
06-11 23:48:37.211 I/NearbySharing(12870): NearbySharing Internal event ReceiveManagerUpdate(mode=2, isEveryoneMode=false, dataUsage=2, useQrCode=false, success=true)
06-11 23:48:37.214 I/NearbySharing(12870): [ClearcutLog] ADVERTISE_DEVICE_PRESENCE_START sessionId=0 flowId=4266045849303569138 sessionStatus: 1, visibility: 1
06-11 23:48:37.231 I/vendor.qti.bluetooth@1.0-ibs_handler( 1628): ProcessIbsCmd: Received IBS_SLEEP_IND: 0xFE
06-11 23:48:37.232 I/TFLite-in-PlayServices(12870): Created interpreter.
06-11 23:48:37.238 I/TFLite-in-PlayServices(12870): Created interpreter.
06-11 23:48:37.242 I/SemanticLocation(12870): (REDACTED) [Inferrer] %s%s
06-11 23:48:37.283 E/WifiHAL ( 1643): nl80211: Peer not found in the pairing list
06-11 23:48:37.291 I/sensors-hal( 1639): handle_sns_std_sensor_event:79, ambient_light_event: ssc_ts 0x21C262E07DB hal_ts 120824461038983 lux 1.000 cct 5648.126 [10.000 445400.000 333440.000 290.000 7.373 8.241 -2.054 24.858 22.316 5.428 -0.845 -0.845 -7.705 5.310]
06-11 23:48:37.332 I/sensors-hal( 1639): handle_sns_std_sensor_event:70, ambient_light_back_event: ssc_ts 0x21C26370CD7 hal_ts 120824491825441 lux 0.000 ch0 0.000
06-11 23:48:37.366 E/NetlinkEvent( 1532): NetlinkEvent::FindParam(): Parameter 'INTERFACE' not found
06-11 23:48:37.366 E/NetlinkEvent( 1532): NetlinkEvent::FindParam(): Parameter 'STATE' not found
06-11 23:48:37.366 E/NetlinkEvent( 1532): NetlinkEvent::FindParam(): Parameter 'TIME_NS' not found
06-11 23:48:37.366 E/NetlinkEvent( 1532): NetlinkEvent::FindParam(): Parameter 'UID' not found
06-11 23:48:36.947 E/gsi soc (15227): qcom,msm_gsi: gsi_stop_channel:3679 chan=1 busy try again
06-11 23:48:36.949 E/gsi soc (15227): qcom,msm_gsi: gsi_stop_channel:3679 chan=14 busy try again
06-11 23:48:37.371 I/sensors-hal( 1639): handle_sns_std_sensor_event:79, ambient_light_event: ssc_ts 0x21C26464991 hal_ts 120824543835129 lux 1.000 cct 5648.126 [10.000 582100.000 333440.000 290.000 4.913 7.506 -3.256 25.451 12.247 8.288 2.980 2.980 -5.107 8.970]
06-11 23:48:36.984 I/init    (    1): processing action (vendor.change.cgroup=def && vendor.change.cgroup.for.pid=*) from (/vendor/etc/init/vendor.qti.hardware.perf2-hal-service.rc:27)
06-11 23:48:37.416 I/SensorService( 2713): checkAndReportAmbientLightSensorStateChangeLocked new 1 old 1 force 0
06-11 23:48:37.432 I/AODClockCoverController( 3541): handleDestroyFS
06-11 23:48:37.440 I/vendor.qti.bluetooth@1.0-ibs_handler( 1628): DeviceSleep: TX Awake, Sending SLEEP_IND
06-11 23:48:37.455 I/sensors-hal( 1639): handle_sns_std_sensor_event:79, ambient_light_event: ssc_ts 0x21C265E8ACF hal_ts 120824626625025 lux 1.000 cct 5648.126 [10.000 431300.000 333439.000 290.000 12.519 8.113 -2.538 34.027 20.536 7.534 2.067 2.067 -6.099 1.184]
06-11 23:48:37.457 I/sensors-hal( 1639): handle_sns_std_sensor_event:70, ambient_light_back_event: ssc_ts 0x21C265F0260 hal_ts 120824628219244 lux 0.000 ch0 0.000
06-11 23:48:37.467 I/NearbyDiscovery(12870): (REDACTED) FastPairHandler: Received action %s
06-11 23:48:37.467 I/NearbyDiscovery(12870): FastPairController: onSystemStateChanged: skip due to flag disabled [CONTEXT service_id=265 ]
06-11 23:48:37.481 I/KeyguardTransitionRepository( 3541): FINISHED transition: TransitionStep(from=AOD, to=GONE, value=1.0, transitionState=FINISHED, ownerName=FromAodTransitionInteractor(canWakeDirectlyToGone = true))
06-11 23:48:37.482 E/BiometricScheduler( 2713): Current operation is null,no need to start watchdog
06-11 23:48:37.537 I/sensors-hal( 1639): handle_sns_std_sensor_event:79, ambient_light_event: ssc_ts 0x21C2676CD29 hal_ts 120824709429712 lux 1.000 cct 5648.126 [20.000 900000.000 333439.000 290.000 13.092 12.090 0.671 46.496 30.110 13.427 1.231 1.231 -4.220 12.630]
06-11 23:48:37.593 I/sensors-hal( 1639): handle_sns_std_sensor_event:70, ambient_light_back_event: ssc_ts 0x21C2686F887 hal_ts 120824764621275 lux 0.000 ch0 0.000
06-11 23:48:37.634 I/sensors-hal( 1639): handle_sns_std_sensor_event:79, ambient_light_event: ssc_ts 0x21C268F0EDF hal_ts 120824792225858 lux 1.000 cct 5648.126 [10.000 513300.000 333439.000 290.000 8.538 10.416 -0.131 22.345 38.397 6.594 1.583 1.583 -5.212 8.932]
06-11 23:48:37.714 I/sensors-hal( 1639): handle_sns_std_sensor_event:79, ambient_light_event: ssc_ts 0x21C26A750FA hal_ts 120824875027264 lux 1.000 cct 5648.126 [10.000 900000.000 333440.000 290.000 7.386 7.176 -0.047 31.784 12.513 9.621 -1.150 -1.150 -6.458 4.054]
06-11 23:48:37.734 I/sensors-hal( 1639): handle_sns_std_sensor_event:70, ambient_light_back_event: ssc_ts 0x21C26AEEEEB hal_ts 120824901026483 lux 0.000 ch0 0.000
06-11 23:48:37.794 I/sensors-hal( 1639): handle_sns_std_sensor_event:79, ambient_light_event: ssc_ts 0x21C26BF9413 hal_ts 120824957841900 lux 1.000 cct 5648.126 [10.000 439800.000 333439.000 290.000 13.472 9.810 0.291 33.201 23.903 6.968 1.231 1.231 -2.890 8.539]
06-11 23:48:37.796 I/QImsService( 3840): ImsRadioIndicationAidl : onServiceDomainChanged()[SUB0]
06-11 23:48:37.796 I/QImsService( 3840): ImsSenderRxr : [UNSL]< UNSOL_SERVICE_DOMAIN_CHANGED 3[SUB0]
06-11 23:48:37.798 I/QImsService( 3840): ImsRegistrationController : Message received: what = 5
06-11 23:48:37.798 I/QImsService( 3840): ImsRegistrationController : handleSrvDomainChanged
06-11 23:48:37.807 I/IWlanAidlClient( 3954): getDataRegistrationStateResponse called
06-11 23:48:37.807 W/IWlanNetworkService( 3954): 10206 > Response Processed
06-11 23:48:37.818 E/SatelliteController( 4005): registerForSatelliteModemStateChanged: mSatelliteSessionController is not initialized yet
06-11 23:48:37.884 I/RefreshRateSelector( 1847): Display 4630946765914633619 policy changed
06-11 23:48:37.884 I/RefreshRateSelector( 1847): Previous: {defaultModeId=0, allowGroupSwitching=false, primaryRanges={physical=[120.00 Hz, 120.00 Hz], render=[0.00 Hz, 120.00 Hz]}, appRequestRanges={physical=[120.00 Hz, 120.00 Hz], render=[0.00 Hz, 120.00 Hz]} idleScreenConfig=nullptr}
06-11 23:48:37.884 I/RefreshRateSelector( 1847): Current:  DisplayManagerPolicy{defaultModeId=1, allowGroupSwitching=false, primaryRanges={physical=[0.00 Hz, 120.10 Hz], render=[0.00 Hz, 90.00 Hz]}, appRequestRanges={physical=[0.00 Hz, 120.10 Hz], render=[0.00 Hz, 90.00 Hz]} idleScreenConfig=nullptr}
06-11 23:48:37.884 I/RefreshRateSelector( 1847): 0 mode changes were performed under the previous policy
06-11 23:48:37.886 I/sensors-hal( 1639): handle_sns_std_sensor_event:70, ambient_light_back_event: ssc_ts 0x21C26D6E481 hal_ts 120825037420962 lux 0.000 ch0 0.000
06-11 23:48:37.886 I/sensors-hal( 1639): handle_sns_std_sensor_event:79, ambient_light_event: ssc_ts 0x21C26D7D6E8 hal_ts 120825040652994 lux 0.000 cct 5648.126 [0.000 900000.000 333440.000 290.000 7.740 2.721 -3.492 32.250 18.151 8.075 -0.032 -0.032 -6.863 6.566]
06-11 23:48:37.888 W/SDM     ( 1723): HWDeviceDRM::GetSupportedBitClkRate: Requested rate not supported: 1100000000
06-11 23:48:37.889 I/SDM     ( 1723): HWDeviceDRM::UpdateMixerAttributes: Mixer WxH 1260x2800-1 for Peripheral
06-11 23:48:37.475 I/goodix_fp( 1220): [info] goodix_panel_state_chg_callback go to the goodix_fb_state_chg_callback type = 4
06-11 23:48:37.475 I/goodix_fp( 1220): goodix_panel_state_chg_callback defalut
06-11 23:48:37.476 I/[drm:dsi_display_set_mode [msm_drm]] [msm-dsi-info]( 1220): mdp_transfer_time=6485, hactive=1260, vactive=2800, fps=90, clk_rate=1100000000
06-11 23:48:37.897 I/DisplayDeviceRepository( 2713): Display device changed render timings: "Built-in Screen", renderFrameRate=90.0, presentationDeadlineNanos=14111110, appVsyncOffsetNanos=6555557, frameRateOverrides=[]
06-11 23:48:37.898 I/PAL: ResourceManager( 1645): setParameter: 11257: Screen State:1
06-11 23:48:37.967 I/sensors-hal( 1639): handle_sns_std_sensor_event:79, ambient_light_event: ssc_ts 0x21C26F3562C hal_ts 120825134509869 lux 1.000 cct 5648.126 [10.000 711700.000 333440.000 290.000 10.420 10.623 -0.006 36.503 22.845 -9.764 -8.343 -8.343 -9.457 -23.953]
06-11 23:48:38.009 I/sensors-hal( 1639): handle_sns_std_sensor_event:70, ambient_light_back_event: ssc_ts 0x21C26FEDAEB hal_ts 120825173826483 lux 0.000 ch0 0.000
06-11 23:48:38.065 I/vendor.qti.hardware.servicetrackeraidl-service( 1740): bindService is called for service : com.google.android.gms/.chimera.PersistentDirectBootAwareApiService and for client com.google.android.gms.persistent
06-11 23:48:38.066 I/vendor.qti.hardware.servicetrackeraidl-service( 1740): total connections for service : com.google.android.gms/.chimera.PersistentDirectBootAwareApiServiceare :52
06-11 23:48:38.066 I/vendor.qti.hardware.servicetrackeraidl-service( 1740): total connections for client : com.google.android.gms.persistentare :7
06-11 23:48:38.067 I/sensors-hal( 1639): handle_sns_std_sensor_event:79, ambient_light_event: ssc_ts 0x21C27107227 hal_ts 120825233869608 lux 1.000 cct 5648.126 [30.000 900000.000 333439.000 290.000 20.318 19.535 5.379 79.614 63.225 -14.685 -14.123 -14.123 -12.622 -47.315]
06-11 23:48:38.147 I/sensors-hal( 1639): handle_sns_std_sensor_event:70, ambient_light_back_event: ssc_ts 0x21C2726D0C4 hal_ts 120825310224452 lux 0.000 ch0 0.000
06-11 23:48:38.167 I/sensors-hal( 1639): handle_sns_std_sensor_event:79, ambient_light_event: ssc_ts 0x21C272D8EE8 hal_ts 120825333239660 lux 1.000 cct 5648.126 [20.000 900000.000 333439.000 290.000 16.132 15.383 3.520 62.859 76.661 -13.552 -13.209 -13.209 -14.480 -48.730]
06-11 23:48:38.215 E/NetlinkEvent( 1532): NetlinkEvent::FindParam(): Parameter 'INTERFACE' not found
06-11 23:48:38.215 E/NetlinkEvent( 1532): NetlinkEvent::FindParam(): Parameter 'STATE' not found
06-11 23:48:38.215 E/NetlinkEvent( 1532): NetlinkEvent::FindParam(): Parameter 'TIME_NS' not found
06-11 23:48:38.215 E/NetlinkEvent( 1532): NetlinkEvent::FindParam(): Parameter 'UID' not found
06-11 23:48:38.267 I/sensors-hal( 1639): handle_sns_std_sensor_event:79, ambient_light_event: ssc_ts 0x21C274AAC5F hal_ts 120825432619191 lux 2.000 cct 5648.126 [20.000 900000.000 333439.000 290.000 17.278 17.002 2.529 79.614 78.742 -15.445 -17.669 -17.669 -13.002 -57.542]
06-11 23:48:38.287 I/sensors-hal( 1639): handle_sns_std_sensor_event:70, ambient_light_back_event: ssc_ts 0x21C274EC69B hal_ts 120825446622316 lux 0.000 ch0 0.000
06-11 23:48:38.368 I/sensors-hal( 1639): handle_sns_std_sensor_event:79, ambient_light_event: ssc_ts 0x21C2767CA54 hal_ts 120825532005285 lux 2.000 cct 5648.126 [20.000 900000.000 333440.000 290.000 18.400 17.716 3.984 82.523 43.017 -15.463 -15.182 -15.182 -12.687 -53.610]
06-11 23:48:38.412 I/sensors-hal( 1639): handle_sns_std_sensor_event:70, ambient_light_back_event: ssc_ts 0x21C2776BCD3 hal_ts 120825583025233 lux 0.000 ch0 0.000
06-11 23:48:38.022 I/[schedu][0x21c2780f54d][18:18:38.439663] wcn7750(17750): [17750:I:OSIF] vdev 0, scan id 41206 type COMPLETED(1) reason COMPLETED(1) scan found 26 bss
06-11 23:48:38.447 I/LOWI-9.0.1.118( 2419): [LOWI-Scan] secureLtf 0 secureRtt 0 urnmMfpr 0
06-11 23:48:38.449 I/LOWI-9.0.1.118( 2419): [LOWI-Scan] lowi_close_record:Scan done in 120811795ms, 47 APs in scan results
06-11 23:48:38.452 W/IE_Capabilities( 2713): Unknown RSN cipher suite: 6ac0f00
06-11 23:48:38.455 I/LOWI-9.0.1.118( 2419): [LOWIUtils] responseToOutPostcard - TO: FreeWifiScanObserver, FROM:   LOWI-SERVER, RESP:  LOWI_ASYNC_DISCOVERY_SCAN_RESULTS
06-11 23:48:38.455 I/WifiScanner(12870): onFullResults
06-11 23:48:38.457 I/WifiScanner(12870): onFullResults
06-11 23:48:38.040 E/[binder][0x21c278660c7][18:18:38.458163] wcn7750( 5527): [5527:E:OSIF] wlan_hdd_set_station_stats_request_pending: peer is null
06-11 23:48:38.046 I/[binder][0x21c2787f6f0][18:18:38.463578] wcn7750( 5527): [5527:I:HDD] __wlan_hdd_cfg80211_get_logger_supp_feature: Ring buffer disable
06-11 23:48:38.465 I/HalDevMgr( 2713): bestIfaceCreationProposal is null, requestIface=STA, existingIface=[name=wlan1 type=AP, name=wlan0 type=STA]
06-11 23:48:38.467 I/WifiConnectivityManager( 2713): SetInitialScanState to : 2
06-11 23:48:38.467 I/WifiConnectivityManager( 2713): Connection was not attempted, issuing a full scan
06-11 23:48:38.468 I/sensors-hal( 1639): handle_sns_std_sensor_event:79, ambient_light_event: ssc_ts 0x21C2784E7F2 hal_ts 120825631386848 lux 2.000 cct 5648.126 [20.000 900000.000 333440.000 290.000 18.780 15.436 2.844 61.047 67.844 -18.503 -14.676 -14.676 -14.397 -54.633]
06-11 23:48:38.062 I/[schedu][0x21c278cdac1][18:18:38.480269] wcn7750(17750): [17750:I:OSIF] scan start scan id 41207
06-11 23:48:38.548 I/sensors-hal( 1639): handle_sns_std_sensor_event:70, ambient_light_back_event: ssc_ts 0x21C279EB28A hal_ts 120825719421431 lux 0.000 ch0 0.000
06-11 23:48:38.569 I/sensors-hal( 1639): handle_sns_std_sensor_event:79, ambient_light_event: ssc_ts 0x21C27A204BD hal_ts 120825730757421 lux 2.000 cct 5648.126 [20.000 900000.000 333439.000 290.000 19.359 17.486 4.492 82.092 70.190 -13.365 -17.439 -17.439 -12.748 -49.950]
06-11 23:48:38.244 E/gsi soc (15227): qcom,msm_gsi: gsi_stop_channel:3679 chan=1 busy try again
06-11 23:48:38.246 E/gsi soc (15227): qcom,msm_gsi: gsi_stop_channel:3679 chan=14 busy try again
06-11 23:48:38.669 I/sensors-hal( 1639): handle_sns_std_sensor_event:79, ambient_light_event: ssc_ts 0x21C27BF225E hal_ts 120825830139139 lux 2.000 cct 5648.126 [20.000 900000.000 333440.000 290.000 15.353 15.334 4.025 68.833 68.867 -17.370 -15.284 -15.284 -12.835 -55.028]
06-11 23:48:38.689 I/sensors-hal( 1639): handle_sns_std_sensor_event:70, ambient_light_back_event: ssc_ts 0x21C27C6A87A hal_ts 120825855820598 lux 0.000 ch0 0.000
06-11 23:48:38.769 I/sensors-hal( 1639): handle_sns_std_sensor_event:79, ambient_light_event: ssc_ts 0x21C27DC403E hal_ts 120825929524139 lux 1.000 cct 5648.126 [20.000 900000.000 333439.000 290.000 15.179 14.699 3.352 58.571 51.570 -15.645 -12.626 -12.626 -13.128 -55.063]
06-11 23:48:38.829 I/sensors-hal( 1639): handle_sns_std_sensor_event:70, ambient_light_back_event: ssc_ts 0x21C27EE9EBA hal_ts 120825992223931 lux 0.000 ch0 0.000
06-11 23:48:38.869 I/sensors-hal( 1639): handle_sns_std_sensor_event:79, ambient_light_event: ssc_ts 0x21C27F95E3B hal_ts 120826028910650 lux 1.000 cct 5648.126 [20.000 336500.000 333439.000 290.000 14.805 13.785 -1.060 37.489 22.617 -11.459 -14.299 -14.299 -12.221 -42.397]
06-11 23:48:38.898 I/sensors-hal( 1639): handle_sns_std_sensor_event:70, ambient_light_back_event: ssc_ts 0x21C2802999C hal_ts 120826060422369 lux 0.000 ch0 0.000
06-11 23:48:38.969 I/sensors-hal( 1639): handle_sns_std_sensor_event:79, ambient_light_event: ssc_ts 0x21C28167B74 hal_ts 120826128286952 lux 1.000 cct 5648.126 [20.000 900000.000 333440.000 290.000 13.840 13.409 2.654 66.160 69.396 -11.283 -12.396 -12.396 -13.257 -37.247]
06-11 23:48:38.976 I/DisplayPowerController[0]( 2713): BrightnessEvent: brt=0.11196407 (57.0%), nits= 8.12776, lux=1.1862034, reason=automatic, strat=AutomaticBrightnessStrategy, state=ON, stateReason=DEFAULT_POLICY, policy=BRIGHT, flags=, initBrt=0.08133775, rcmdBrt=0.11196407, preBrt=0.08133775, preLux=0.0, wasShortTermModelActive=false, autoBrightness=true (default), unclampedBrt=0.11196407, hbmMax=0.85836387, hbmMode=off, thrmMax=1.0, rbcStrength=25, powerFactor=1.0, physDisp=Built-in Screen(local:4630946765914633619), logicalId=0, slowChange=true, rampSpeed=0.040000003
06-11 23:48:38.979 I/BrightnessSynchronizer( 2713): [3898] New Update 0.11196407(f) set brightness values:  29(i)
06-11 23:48:38.981 I/BrightnessSynchronizer( 2713): Swallowing update of 29(i) by update: {[3898] 0.11196407(f), mUpdatedTypes=1, mConfirmedTypes=1, mTimeUpdated=98327970}
06-11 23:48:38.981 I/BrightnessSynchronizer( 2713): Completed Update: {[3898] 0.11196407(f), mUpdatedTypes=1, mConfirmedTypes=1, mTimeUpdated=98327970}
06-11 23:48:39.030 I/sensors-hal( 1639): handle_sns_std_sensor_event:70, ambient_light_back_event: ssc_ts 0x21C282A9077 hal_ts 120826196833775 lux 0.000 ch0 0.000
06-11 23:48:39.036 I/SENSOR_EXTENSION( 1712): sns_sensor_extension_create_client with type 5
06-11 23:48:39.043 I/SENSOR_EXTENSION( 1712): Creating client connection successfully noth_extension(0x7feb0e1600)
06-11 23:48:39.043 I/SENSOR_EXTENSION( 1712): request suid sns_suid_req 19 sns_client_request_msg 54
06-11 23:48:39.043 I/SENSOR_EXTENSION( 1712): send sync msg to suid(low 12370169555311111083,high 12370169555311111083) msg_id#512
06-11 23:48:39.045 I/SENSOR_EXTENSION( 1712): Received SUIDs for ambient_light number of suids received #1
06-11 23:48:39.045 I/SENSOR_EXTENSION( 1712): request suid by data_type ambient_light ret_req#1
06-11 23:48:39.045 I/SENSOR_EXTENSION( 1712): Found ambient_light suid(low 6053278222800536450,high 86843564809778832)
06-11 23:48:39.045 I/SENSOR_EXTENSION( 1712): sns_sensor_extension_create_client(0x7feb0e1600) successfully
06-11 23:48:39.045 I/SENSOR_EXTENSION( 1712): sensor_extension_exec_sync_int_int cmd(0x1) 0
06-11 23:48:39.045 I/SENSOR_EXTENSION( 1712): sync_int_int noth_sensor_extension_request size 81
06-11 23:48:39.045 I/SENSOR_EXTENSION( 1712): sync_int_int client_request_msg size 116
06-11 23:48:39.045 I/SENSOR_EXTENSION( 1712): send sync msg to suid(low 6053278222800536450,high 86843564809778832) msg_id#2801
06-11 23:48:39.047 I/SENSOR_EXTENSION( 1712): Received extension response@done(cmd 0x1 type 1) [70001/0/0/0/0]
06-11 23:48:39.047 I/SENSOR_EXTENSION( 1712): sns_sensor_extension_release_client(0x7feb0e1600) successfully
06-11 23:48:39.047 I/SensorExtension( 1712): SERVER(SensorExtension) execSyncIntInt(...) 0xeb0e16f8
06-11 23:48:39.048 I/SensorExtensionImpl-AIDL( 2713): execSyncIntInt 70001 0 0 0 0 0 0 0 0 0 0 0 0 0 0 
06-11 23:48:39.048 I/NothSensorHelper( 2713): mNotifyBrightnessRunnable notify backlight 343
06-11 23:48:39.068 I/sensors-hal( 1639): handle_sns_std_sensor_event:79, ambient_light_event: ssc_ts 0x21C2833992C hal_ts 120826227669869 lux 1.000 cct 5648.126 [20.000 900000.000 343440.000 290.000 17.452 18.398 5.483 79.652 69.660 -15.651 -15.260 -15.260 -15.177 -47.277]
06-11 23:48:39.149 I/SENSOR_EXTENSION( 1712): sns_sensor_extension_create_client with type 5
06-11 23:48:39.157 I/bt_shim_advertiser( 3720): system/main/shim/le_advertising_manager.cc:112 Unregister: in shim layer
06-11 23:48:39.157 I/bluetooth_core::gatt::server::isolation_manager( 3720): removing server (if any) associated with advertiser AdvertiserId(0)
06-11 23:48:39.159 I/SENSOR_EXTENSION( 1712): Creating client connection successfully noth_extension(0x7feb0e1600)
06-11 23:48:39.159 I/SENSOR_EXTENSION( 1712): request suid sns_suid_req 19 sns_client_request_msg 54
06-11 23:48:39.159 I/SENSOR_EXTENSION( 1712): send sync msg to suid(low 12370169555311111083,high 12370169555311111083) msg_id#512
06-11 23:48:39.160 I/vendor.qti.bluetooth@1.0-ibs_handler( 1628): DeviceWakeUp: Writing IBS_WAKE_IND
06-11 23:48:39.160 I/sensors-hal( 1639): handle_sns_std_sensor_event:79, ambient_light_event: ssc_ts 0x21C2850B6AB hal_ts 120826327049816 lux 2.000 cct 5648.126 [20.000 900000.000 343440.000 290.000 15.733 17.867 2.695 69.856 62.660 -17.750 -16.297 -16.297 -13.025 -61.164]
06-11 23:48:39.160 I/vendor.qti.bluetooth@1.0-ibs_handler( 1628): ProcessIbsCmd: Received IBS_WAKE_ACK: 0xFC
06-11 23:48:39.160 I/vendor.qti.bluetooth@1.0-ibs_handler( 1628): ProcessIbsCmd: Signal wack_cond_
06-11 23:48:39.160 I/vendor.qti.bluetooth@1.0-ibs_handler( 1628): ProcessIbsCmd: Received IBS_WAKE_ACK: 0xFC
06-11 23:48:39.160 I/vendor.qti.bluetooth@1.0-ibs_handler( 1628): ProcessIbsCmd: Signal wack_cond_
06-11 23:48:39.161 I/SENSOR_EXTENSION( 1712): Received SUIDs for ambient_light number of suids received #1
06-11 23:48:39.162 I/SENSOR_EXTENSION( 1712): request suid by data_type ambient_light ret_req#1
06-11 23:48:39.162 I/SENSOR_EXTENSION( 1712): Found ambient_light suid(low 6053278222800536450,high 86843564809778832)
06-11 23:48:39.162 I/SENSOR_EXTENSION( 1712): sns_sensor_extension_create_client(0x7feb0e1600) successfully
06-11 23:48:39.162 I/SENSOR_EXTENSION( 1712): sensor_extension_exec_sync_int_int cmd(0x1) 0
06-11 23:48:39.162 I/SENSOR_EXTENSION( 1712): sync_int_int noth_sensor_extension_request size 81
06-11 23:48:39.162 I/SENSOR_EXTENSION( 1712): sync_int_int client_request_msg size 116
06-11 23:48:39.162 I/SENSOR_EXTENSION( 1712): send sync msg to suid(low 6053278222800536450,high 86843564809778832) msg_id#2801
06-11 23:48:39.162 I/sensors-hal( 1639): handle_sns_std_sensor_event:70, ambient_light_back_event: ssc_ts 0x21C285285DC hal_ts 120826333225702 lux 0.000 ch0 0.000
06-11 23:48:39.163 I/SENSOR_EXTENSION( 1712): Received extension response@done(cmd 0x1 type 1) [70001/0/0/0/0]
06-11 23:48:39.163 I/SENSOR_EXTENSION( 1712): sns_sensor_extension_release_client(0x7feb0e1600) successfully
06-11 23:48:39.163 I/SensorExtension( 1712): SERVER(SensorExtension) execSyncIntInt(...) 0xeb0e16f8
06-11 23:48:39.163 I/SensorExtensionImpl-AIDL( 2713): execSyncIntInt 70001 0 0 0 0 0 0 0 0 0 0 0 0 0 0 
06-11 23:48:39.164 I/NothSensorHelper( 2713): mNotifyBrightnessRunnable notify backlight 361
06-11 23:48:39.168 I/vendor.qti.bluetooth@1.0-ibs_handler( 1628): ProcessIbsCmd: Received IBS_WAKE_IND: 0xFD
06-11 23:48:39.168 I/vendor.qti.bluetooth@1.0-ibs_handler( 1628): ProcessIbsCmd: Writing IBS_WAKE_ACK
06-11 23:48:39.210 I/vendor.qti.bluetooth@1.0-ibs_handler( 1628): ProcessIbsCmd: Received IBS_SLEEP_IND: 0xFE
06-11 23:48:39.265 I/sensors-hal( 1639): handle_sns_std_sensor_event:79, ambient_light_event: ssc_ts 0x21C286DD364 hal_ts 120826426419452 lux 2.000 cct 5648.126 [20.000 900000.000 361440.000 290.000 14.392 15.817 3.898 60.060 75.831 -13.771 -16.574 -16.574 -12.202 -54.596]
06-11 23:48:39.266 I/SENSOR_EXTENSION( 1712): sns_sensor_extension_create_client with type 5
06-11 23:48:39.271 I/SENSOR_EXTENSION( 1712): Creating client connection successfully noth_extension(0x7feb0e1600)
06-11 23:48:39.271 I/SENSOR_EXTENSION( 1712): request suid sns_suid_req 19 sns_client_request_msg 54
06-11 23:48:39.271 I/SENSOR_EXTENSION( 1712): send sync msg to suid(low 12370169555311111083,high 12370169555311111083) msg_id#512
06-11 23:48:39.272 I/SENSOR_EXTENSION( 1712): Received SUIDs for ambient_light number of suids received #1
06-11 23:48:39.273 I/SENSOR_EXTENSION( 1712): request suid by data_type ambient_light ret_req#1
06-11 23:48:39.273 I/SENSOR_EXTENSION( 1712): Found ambient_light suid(low 6053278222800536450,high 86843564809778832)
06-11 23:48:39.273 I/SENSOR_EXTENSION( 1712): sns_sensor_extension_create_client(0x7feb0e1600) successfully
06-11 23:48:39.273 I/SENSOR_EXTENSION( 1712): sensor_extension_exec_sync_int_int cmd(0x1) 0
06-11 23:48:39.273 I/SENSOR_EXTENSION( 1712): sync_int_int noth_sensor_extension_request size 81
06-11 23:48:39.273 I/SENSOR_EXTENSION( 1712): sync_int_int client_request_msg size 116
06-11 23:48:39.273 I/SENSOR_EXTENSION( 1712): send sync msg to suid(low 6053278222800536450,high 86843564809778832) msg_id#2801
06-11 23:48:39.275 I/SENSOR_EXTENSION( 1712): Received extension response@done(cmd 0x1 type 1) [70001/0/0/0/0]
06-11 23:48:39.277 I/SENSOR_EXTENSION( 1712): sns_sensor_extension_release_client(0x7feb0e1600) successfully
06-11 23:48:39.277 I/SensorExtension( 1712): SERVER(SensorExtension) execSyncIntInt(...) 0xeb0e16f8
06-11 23:48:39.277 I/SensorExtensionImpl-AIDL( 2713): execSyncIntInt 70001 0 0 0 0 0 0 0 0 0 0 0 0 0 0 
06-11 23:48:39.277 I/NothSensorHelper( 2713): mNotifyBrightnessRunnable notify backlight 378
06-11 23:48:39.299 I/sensors-hal( 1639): handle_sns_std_sensor_event:70, ambient_light_back_event: ssc_ts 0x21C287A7BE1 hal_ts 120826469625962 lux 0.000 ch0 0.000
06-11 23:48:39.339 I/PAL: API( 1645): pal_stream_stop: 469: Enter. Stream handle :0xb400007c2ae96d10K
06-11 23:48:38.929 I/adsp_sleepmon( 2615): Audio: num_sessions=1,num_lpi_sessions=1,timer_pending=1
06-11 23:48:39.346 I/PAL: ResourceManager( 1645): voteSleepMonitor: 2178: Unvoting done for nlpi use case, lpi votes 1, nlpi votes : 0
06-11 23:48:39.346 I/PAL: SpeakerProtection( 1645): spkrProtSetSpkrStatus: 1158: Speaker used last time 120826
06-11 23:48:39.348 I/AGM: API( 1645): agm_session_aif_connect: 623 disconnecting aifid:17 with session id=121
06-11 23:48:39.349 I/AGM: device( 1645): device_set_metadata: 707 Setting device metadata for MI2S-LPAIF-TX-SECONDARY
06-11 23:48:39.349 I/PAL: ResourceManager( 1645): freeFrontEndIds: 7656: stream type 1, freeing 121
06-11 23:48:39.349 I/AgmIpc::Server( 1645): removeSessionHandle removing handle b400007c2ae86f50 for session 121
06-11 23:48:38.931 I/tfa98xx_mute()( 2615): tfa98xx_mute[0x34]: state: 1, stream : 1
06-11 23:48:39.349 I/PAL: API( 1645): pal_stream_stop: 530: Exit. status 0
06-11 23:48:39.349 I/PAL: API( 1645): pal_stream_close: 316: Enter. Stream handle :0xb400007c2ae96d10K
06-11 23:48:39.349 I/AGM: API( 1645): agm_session_aif_connect: 623 disconnecting aifid:16 with session id=126
06-11 23:48:38.931 I/tfa98xx_mute()( 2615): tfa98xx_mute[0x35]: state: 1, stream : 1
06-11 23:48:38.934 I/tfa98xx_mute()( 2615): tfa98xx_mute[0x34]: state: 1, stream : 0
06-11 23:48:39.357 I/AGM: device( 1645): device_set_metadata: 707 Setting device metadata for MI2S-LPAIF-RX-SECONDARY
06-11 23:48:39.358 I/AGM: session( 1645): session_obj_set_sess_aif_metadata: 1898 Setting metadata for sess_id 126, aif id 16
06-11 23:48:38.936 I/tfa98xx_mute()( 2615): tfa98xx_mute[0x35]: state: 1, stream : 0
06-11 23:48:39.358 I/AGM: session( 1645): session_obj_set_sess_aif_metadata: 1903 Exit
06-11 23:48:39.358 I/AgmIpc::Server( 1645): removeSessionHandle removing handle b400007c2ae86a10 for session 126
06-11 23:48:39.359 I/sensors-hal( 1639): handle_sns_std_sensor_event:79, ambient_light_event: ssc_ts 0x21C288AF041 hal_ts 120826525790962 lux 2.000 cct 5648.126 [20.000 900000.000 378440.000 290.000 22.380 18.959 4.047 79.887 91.878 -16.803 -16.979 -16.979 -13.193 -49.087]
06-11 23:48:39.359 I/PAL: ResourceManager( 1645): freeFrontEndIds: 7656: stream type 1, freeing 126
06-11 23:48:39.359 I/PAL: Device( 1645): close: 578: Enter. deviceCount 1 for device id 3 (PAL_DEVICE_OUT_SPEAKER)
06-11 23:48:39.359 I/PAL: Device( 1645): close: 592: Exit. deviceCount 0 for device id 3 (PAL_DEVICE_OUT_SPEAKER), exit status 0
06-11 23:48:39.359 I/PAL: ResourceManager( 1645): GetConcurrencyInfo: 5648: stream type 1 Tx conc 0, Rx conc 0, concurrency allowed
06-11 23:48:39.359 I/PAL: ResourceManager( 1645): deregisterStream: 3739: stream type 1
06-11 23:48:39.359 I/PAL: API( 1645): pal_stream_close: 358: Exit. status 0
06-11 23:48:39.379 I/SENSOR_EXTENSION( 1712): sns_sensor_extension_create_client with type 5
06-11 23:48:39.386 I/SENSOR_EXTENSION( 1712): Creating client connection successfully noth_extension(0x7feb0e1600)
06-11 23:48:39.386 I/SENSOR_EXTENSION( 1712): request suid sns_suid_req 19 sns_client_request_msg 54
06-11 23:48:39.386 I/SENSOR_EXTENSION( 1712): send sync msg to suid(low 12370169555311111083,high 12370169555311111083) msg_id#512
06-11 23:48:39.387 I/SENSOR_EXTENSION( 1712): Received SUIDs for ambient_light number of suids received #1
06-11 23:48:39.387 I/SENSOR_EXTENSION( 1712): request suid by data_type ambient_light ret_req#1
06-11 23:48:39.387 I/SENSOR_EXTENSION( 1712): Found ambient_light suid(low 6053278222800536450,high 86843564809778832)
06-11 23:48:39.387 I/SENSOR_EXTENSION( 1712): sns_sensor_extension_create_client(0x7feb0e1600) successfully
06-11 23:48:39.387 I/SENSOR_EXTENSION( 1712): sensor_extension_exec_sync_int_int cmd(0x1) 0
06-11 23:48:39.387 I/SENSOR_EXTENSION( 1712): sync_int_int noth_sensor_extension_request size 81
06-11 23:48:39.387 I/SENSOR_EXTENSION( 1712): sync_int_int client_request_msg size 116
06-11 23:48:39.387 I/SENSOR_EXTENSION( 1712): send sync msg to suid(low 6053278222800536450,high 86843564809778832) msg_id#2801
06-11 23:48:39.388 I/SENSOR_EXTENSION( 1712): Received extension response@done(cmd 0x1 type 1) [70001/0/0/0/0]
06-11 23:48:39.390 I/SENSOR_EXTENSION( 1712): sns_sensor_extension_release_client(0x7feb0e1600) successfully
06-11 23:48:39.390 I/SensorExtension( 1712): SERVER(SensorExtension) execSyncIntInt(...) 0xeb0e16f8
06-11 23:48:39.391 I/SensorExtensionImpl-AIDL( 2713): execSyncIntInt 70001 0 0 0 0 0 0 0 0 0 0 0 0 0 0 
06-11 23:48:39.391 I/NothSensorHelper( 2713): mNotifyBrightnessRunnable notify backlight 399
06-11 23:48:39.419 I/vendor.qti.bluetooth@1.0-ibs_handler( 1628): DeviceSleep: TX Awake, Sending SLEEP_IND
06-11 23:48:39.435 I/sensors-hal( 1639): handle_sns_std_sensor_event:70, ambient_light_back_event: ssc_ts 0x21C28A2727C hal_ts 120826606034035 lux 0.000 ch0 0.000
06-11 23:48:39.453 I/sensors-hal( 1639): handle_sns_std_sensor_event:79, ambient_light_event: ssc_ts 0x21C28A80C56 hal_ts 120826625152056 lux 2.000 cct 5648.126 [20.000 900000.000 399440.000 290.000 14.600 17.716 4.364 64.115 32.155 -14.703 -15.182 -15.182 -12.877 -50.542]
06-11 23:48:39.492 I/SENSOR_EXTENSION( 1712): sns_sensor_extension_create_client with type 5
06-11 23:48:39.498 I/SENSOR_EXTENSION( 1712): Creating client connection successfully noth_extension(0x7feb0e1600)
06-11 23:48:39.498 I/SENSOR_EXTENSION( 1712): request suid sns_suid_req 19 sns_client_request_msg 54
06-11 23:48:39.498 I/SENSOR_EXTENSION( 1712): send sync msg to suid(low 12370169555311111083,high 12370169555311111083) msg_id#512
06-11 23:48:39.500 I/SENSOR_EXTENSION( 1712): Received SUIDs for ambient_light number of suids received #1
06-11 23:48:39.500 I/SENSOR_EXTENSION( 1712): request suid by data_type ambient_light ret_req#1
06-11 23:48:39.500 I/SENSOR_EXTENSION( 1712): Found ambient_light suid(low 6053278222800536450,high 86843564809778832)
06-11 23:48:39.500 I/SENSOR_EXTENSION( 1712): sns_sensor_extension_create_client(0x7feb0e1600) successfully
06-11 23:48:39.500 I/SENSOR_EXTENSION( 1712): sensor_extension_exec_sync_int_int cmd(0x1) 0
06-11 23:48:39.500 I/SENSOR_EXTENSION( 1712): sync_int_int noth_sensor_extension_request size 81
06-11 23:48:39.500 I/SENSOR_EXTENSION( 1712): sync_int_int client_request_msg size 116
06-11 23:48:39.500 I/SENSOR_EXTENSION( 1712): send sync msg to suid(low 6053278222800536450,high 86843564809778832) msg_id#2801
06-11 23:48:39.501 I/SENSOR_EXTENSION( 1712): Received extension response@done(cmd 0x1 type 1) [70001/0/0/0/0]
06-11 23:48:39.502 I/SENSOR_EXTENSION( 1712): sns_sensor_extension_release_client(0x7feb0e1600) successfully
06-11 23:48:39.502 I/SensorExtension( 1712): SERVER(SensorExtension) execSyncIntInt(...) 0xeb0e16f8
06-11 23:48:39.502 I/SensorExtensionImpl-AIDL( 2713): execSyncIntInt 70001 0 0 0 0 0 0 0 0 0 0 0 0 0 0 
06-11 23:48:39.503 I/NothSensorHelper( 2713): mNotifyBrightnessRunnable notify backlight 415
06-11 23:48:39.563 I/sensors-hal( 1639): handle_sns_std_sensor_event:79, ambient_light_event: ssc_ts 0x21C28C5291D hal_ts 120826724522421 lux 2.000 cct 5648.126 [20.000 468200.000 415440.000 290.000 12.857 14.854 -0.392 40.861 22.010 -16.446 -16.271 -16.271 -16.492 -50.274]
06-11 23:48:39.583 I/sensors-hal( 1639): handle_sns_std_sensor_event:70, ambient_light_back_event: ssc_ts 0x21C28CA6858 hal_ts 120826742432160 lux 0.000 ch0 0.000
06-11 23:48:39.604 I/SENSOR_EXTENSION( 1712): sns_sensor_extension_create_client with type 5
06-11 23:48:39.612 I/SENSOR_EXTENSION( 1712): Creating client connection successfully noth_extension(0x7feb0e1600)
06-11 23:48:39.612 I/SENSOR_EXTENSION( 1712): request suid sns_suid_req 19 sns_client_request_msg 54
06-11 23:48:39.612 I/SENSOR_EXTENSION( 1712): send sync msg to suid(low 12370169555311111083,high 12370169555311111083) msg_id#512
06-11 23:48:39.614 I/SENSOR_EXTENSION( 1712): Received SUIDs for ambient_light number of suids received #1
06-11 23:48:39.614 I/SENSOR_EXTENSION( 1712): request suid by data_type ambient_light ret_req#1
06-11 23:48:39.614 I/SENSOR_EXTENSION( 1712): Found ambient_light suid(low 6053278222800536450,high 86843564809778832)
06-11 23:48:39.614 I/SENSOR_EXTENSION( 1712): sns_sensor_extension_create_client(0x7feb0e1600) successfully
06-11 23:48:39.614 I/SENSOR_EXTENSION( 1712): sensor_extension_exec_sync_int_int cmd(0x1) 0
06-11 23:48:39.614 I/SENSOR_EXTENSION( 1712): sync_int_int noth_sensor_extension_request size 81
06-11 23:48:39.614 I/SENSOR_EXTENSION( 1712): sync_int_int client_request_msg size 116
06-11 23:48:39.614 I/SENSOR_EXTENSION( 1712): send sync msg to suid(low 6053278222800536450,high 86843564809778832) msg_id#2801
06-11 23:48:39.616 I/SENSOR_EXTENSION( 1712): Received extension response@done(cmd 0x1 type 1) [70001/0/0/0/0]
06-11 23:48:39.617 I/SENSOR_EXTENSION( 1712): sns_sensor_extension_release_client(0x7feb0e1600) successfully
06-11 23:48:39.617 I/SensorExtension( 1712): SERVER(SensorExtension) execSyncIntInt(...) 0xeb0e16f8
06-11 23:48:39.617 I/SensorExtensionImpl-AIDL( 2713): execSyncIntInt 70001 0 0 0 0 0 0 0 0 0 0 0 0 0 0 
06-11 23:48:39.617 I/NothSensorHelper( 2713): mNotifyBrightnessRunnable notify backlight 435
06-11 23:48:39.658 I/sensors-hal( 1639): handle_sns_std_sensor_event:79, ambient_light_event: ssc_ts 0x21C28E24803 hal_ts 120826823921066 lux 2.000 cct 5648.126 [30.000 900000.000 435440.000 290.000 19.146 20.301 3.307 71.508 52.820 -13.577 -13.863 -13.863 -10.513 -42.126]
06-11 23:48:39.718 I/SENSOR_EXTENSION( 1712): sns_sensor_extension_create_client with type 5
06-11 23:48:39.719 I/sensors-hal( 1639): handle_sns_std_sensor_event:70, ambient_light_back_event: ssc_ts 0x21C28F25E98 hal_ts 120826878835494 lux 0.000 ch0 0.000
06-11 23:48:39.725 I/SENSOR_EXTENSION( 1712): Creating client connection successfully noth_extension(0x7feb0e1600)
06-11 23:48:39.725 I/SENSOR_EXTENSION( 1712): request suid sns_suid_req 19 sns_client_request_msg 54
06-11 23:48:39.725 I/SENSOR_EXTENSION( 1712): send sync msg to suid(low 12370169555311111083,high 12370169555311111083) msg_id#512
06-11 23:48:39.728 I/SENSOR_EXTENSION( 1712): Received SUIDs for ambient_light number of suids received #1
06-11 23:48:39.730 I/SENSOR_EXTENSION( 1712): request suid by data_type ambient_light ret_req#1
06-11 23:48:39.730 I/SENSOR_EXTENSION( 1712): Found ambient_light suid(low 6053278222800536450,high 86843564809778832)
06-11 23:48:39.730 I/SENSOR_EXTENSION( 1712): sns_sensor_extension_create_client(0x7feb0e1600) successfully
06-11 23:48:39.730 I/SENSOR_EXTENSION( 1712): sensor_extension_exec_sync_int_int cmd(0x1) 0
06-11 23:48:39.730 I/SENSOR_EXTENSION( 1712): sync_int_int noth_sensor_extension_request size 81
06-11 23:48:39.730 I/SENSOR_EXTENSION( 1712): sync_int_int client_request_msg size 116
06-11 23:48:39.730 I/SENSOR_EXTENSION( 1712): send sync msg to suid(low 6053278222800536450,high 86843564809778832) msg_id#2801
06-11 23:48:39.731 I/SENSOR_EXTENSION( 1712): Received extension response@done(cmd 0x1 type 1) [70001/0/0/0/0]
06-11 23:48:39.732 I/SENSOR_EXTENSION( 1712): sns_sensor_extension_release_client(0x7feb0e1600) successfully
06-11 23:48:39.732 I/SensorExtension( 1712): SERVER(SensorExtension) execSyncIntInt(...) 0xeb0e16f8
06-11 23:48:39.732 I/SensorExtensionImpl-AIDL( 2713): execSyncIntInt 70001 0 0 0 0 0 0 0 0 0 0 0 0 0 0 
06-11 23:48:39.732 I/NothSensorHelper( 2713): mNotifyBrightnessRunnable notify backlight 453
06-11 23:48:39.754 I/sensors-hal( 1639): handle_sns_std_sensor_event:79, ambient_light_event: ssc_ts 0x21C28FF6728 hal_ts 120826923322994 lux 1.000 cct 5648.126 [20.000 422200.000 453440.000 290.000 12.291 14.018 0.348 34.923 36.241 -15.112 -16.854 -16.854 -13.853 -52.121]
06-11 23:48:39.381 E/gsi soc (15227): qcom,msm_gsi: gsi_stop_channel:3679 chan=1 busy try again
06-11 23:48:39.384 E/gsi soc (15227): qcom,msm_gsi: gsi_stop_channel:3679 chan=14 busy try again
06-11 23:48:39.834 I/SENSOR_EXTENSION( 1712): sns_sensor_extension_create_client with type 5
06-11 23:48:39.838 I/SENSOR_EXTENSION( 1712): Creating client connection successfully noth_extension(0x7feb0e1600)
06-11 23:48:39.838 I/SENSOR_EXTENSION( 1712): request suid sns_suid_req 19 sns_client_request_msg 54
06-11 23:48:39.838 I/SENSOR_EXTENSION( 1712): send sync msg to suid(low 12370169555311111083,high 12370169555311111083) msg_id#512
06-11 23:48:39.839 I/SENSOR_EXTENSION( 1712): Received SUIDs for ambient_light number of suids received #1
06-11 23:48:39.839 I/SENSOR_EXTENSION( 1712): request suid by data_type ambient_light ret_req#1
06-11 23:48:39.840 I/SENSOR_EXTENSION( 1712): Found ambient_light suid(low 6053278222800536450,high 86843564809778832)
06-11 23:48:39.840 I/SENSOR_EXTENSION( 1712): sns_sensor_extension_create_client(0x7feb0e1600) successfully
06-11 23:48:39.840 I/SENSOR_EXTENSION( 1712): sensor_extension_exec_sync_int_int cmd(0x1) 0
06-11 23:48:39.840 I/SENSOR_EXTENSION( 1712): sync_int_int noth_sensor_extension_request size 81
06-11 23:48:39.840 I/SENSOR_EXTENSION( 1712): sync_int_int client_request_msg size 116
06-11 23:48:39.840 I/SENSOR_EXTENSION( 1712): send sync msg to suid(low 6053278222800536450,high 86843564809778832) msg_id#2801
06-11 23:48:39.840 I/SENSOR_EXTENSION( 1712): Received extension response@done(cmd 0x1 type 1) [70001/0/0/0/0]
06-11 23:48:39.841 I/SENSOR_EXTENSION( 1712): sns_sensor_extension_release_client(0x7feb0e1600) successfully
06-11 23:48:39.841 I/SensorExtension( 1712): SERVER(SensorExtension) execSyncIntInt(...) 0xeb0e16f8
06-11 23:48:39.841 I/SensorExtensionImpl-AIDL( 2713): execSyncIntInt 70001 0 0 0 0 0 0 0 0 0 0 0 0 0 0 
06-11 23:48:39.842 I/NothSensorHelper( 2713): mNotifyBrightnessRunnable notify backlight 459
06-11 23:48:39.844 I/sensors-hal( 1639): handle_sns_std_sensor_event:70, ambient_light_back_event: ssc_ts 0x21C291A53F9 hal_ts 120827015227212 lux 0.000 ch0 0.000
