06-11 23:51:18.239 D/APM_AudioPolicyManager( 1833): setOutputDevices caller stopSource[[portId:1][io:13, low_latency_out]] prevDevice {AUDIO_DEVICE_OUT_SPEAKER, @:}
06-11 23:51:18.239 D/APM_AudioPolicyManager( 1833): setOutputDevices caller stopSource[[portId:1][io:13, low_latency_out]] setting same device AUDIO_DEVICE_NONE or null device, force=0, patch handle=2390
06-11 23:51:18.240 D/APM_AudioPolicyManager( 1833): selectOutputForMusicEffects selected output 13
06-11 23:51:18.240 V/audio_utils::mutex( 1833): mutex_impl: audio_mutex initialized: ret:0  order:6
06-11 23:51:18.242 I/SemanticLocation(12870): (REDACTED) [Inferrer] %s%s
06-11 23:51:18.244 I/vendor.qti.hardware.servicetrackeraidl-service( 1740): bindService is called for service : com.google.android.gms/.auth.GetToken and for client com.google.android.gms
06-11 23:51:18.244 I/vendor.qti.hardware.servicetrackeraidl-service( 1740): total connections for service : com.google.android.gms/.auth.GetTokenare :1
06-11 23:51:18.244 I/vendor.qti.hardware.servicetrackeraidl-service( 1740): total connections for client : com.google.android.gmsare :6
06-11 23:51:18.264 D/BluetoothSap( 3541): getConnectionState(XX:XX:XX:XX:B3:9E)
06-11 23:51:18.264 I/LocationHistory(16589): [DataProvider] Opening SQLite [CONTEXT service_id=314 ]
06-11 23:51:18.264 D/nativeloader(10242): Load /data/data/com.facebook.katana/lib-compressed/libthird-party_rust_vendor_cpufeatures_0.3.so using class loader ns clns-9 (caller=/data/app/~~G_C7SUN_ADfTQZ2iVKv8lw==/com.facebook.katana-ZwXQSuXJQ8vDuIBMDAI3qw==/base.apk): ok
06-11 23:51:18.259 W/Analytics-Micro(10242): type=1400 audit(0.0:38179): avc:  granted  { execute } for  path="/data/data/com.facebook.katana/lib-compressed/libthird-party_rust_vendor_cpufeatures_0.3.so" dev="dm-60" ino=520139 scontext=u:r:untrusted_app:s0:c68,c257,c512,c768 tcontext=u:object_r:app_data_file:s0:c68,c257,c512,c768 tclass=file app=com.facebook.katana
06-11 23:51:18.265 D/nativeloader(10242): Load /data/data/com.facebook.katana/lib-compressed/libthird-party_rust_vendor_cpufeatures_0.2.so using class loader ns clns-9 (caller=/data/app/~~G_C7SUN_ADfTQZ2iVKv8lw==/com.facebook.katana-ZwXQSuXJQ8vDuIBMDAI3qw==/base.apk): ok
06-11 23:51:18.263 W/Analytics-Micro(10242): type=1400 audit(0.0:38180): avc:  granted  { execute } for  path="/data/data/com.facebook.katana/lib-compressed/libthird-party_rust_vendor_cpufeatures_0.2.so" dev="dm-60" ino=520269 scontext=u:r:untrusted_app:s0:c68,c257,c512,c768 tcontext=u:object_r:app_data_file:s0:c68,c257,c512,c768 tclass=file app=com.facebook.katana
06-11 23:51:18.263 W/Analytics-Micro(10242): type=1400 audit(0.0:38181): avc:  granted  { execute } for  path="/data/data/com.facebook.katana/lib-compressed/libfb_jpegturbo.so" dev="dm-60" ino=541802 scontext=u:r:untrusted_app:s0:c68,c257,c512,c768 tcontext=u:object_r:app_data_file:s0:c68,c257,c512,c768 tclass=file app=com.facebook.katana
06-11 23:51:18.268 D/nativeloader(10242): Load /data/data/com.facebook.katana/lib-compressed/libfb_jpegturbo.so using class loader ns clns-9 (caller=/data/app/~~G_C7SUN_ADfTQZ2iVKv8lw==/com.facebook.katana-ZwXQSuXJQ8vDuIBMDAI3qw==/base.apk): ok
06-11 23:51:18.263 W/Analytics-Micro(10242): type=1400 audit(0.0:38182): avc:  granted  { execute } for  path="/data/data/com.facebook.katana/lib-compressed/libscrollmerged.so" dev="dm-60" ino=483200 scontext=u:r:untrusted_app:s0:c68,c257,c512,c768 tcontext=u:object_r:app_data_file:s0:c68,c257,c512,c768 tclass=file app=com.facebook.katana
06-11 23:51:18.272 I/sensors-hal( 1639): handle_sns_std_sensor_event:79, ambient_light_event: ssc_ts 0x21CDE659CCC hal_ts 120985432411727 lux 1.000 cct 5648.126 [10.000 317000.000 333430.000 290.000 9.248 9.089 -0.461 22.955 4.711 3.123 0.002 0.002 -7.253 -2.732]
06-11 23:51:18.274 D/BluetoothSap( 3541): getConnectionState(XX:XX:XX:XX:B3:9E)
06-11 23:51:18.278 D/nativeloader(10242): Load /data/data/com.facebook.katana/lib-compressed/libscrollmerged.so using class loader ns clns-9 (caller=/data/app/~~G_C7SUN_ADfTQZ2iVKv8lw==/com.facebook.katana-ZwXQSuXJQ8vDuIBMDAI3qw==/base.apk): ok
06-11 23:51:18.282 D/KeyCombinationManager( 2713): interceptKeyLocked() keyCode:0 count:0 down:false isDefaultDisplayInteractive:true eventTime:98487273 mDownTimes={}
06-11 23:51:18.282 D/WindowManager( 2713): interceptKeyBeforeQueueing event=KeyEvent { action=ACTION_UP, keyCode=KEYCODE_UNKNOWN, scanCode=249, metaState=0, flags=0x8, repeatCount=0, eventTime=98487273170000, downTime=98486432160000, deviceId=6, source=0x101, displayId=-1 }, interactive=true, keyguardActive=false, policyFlags=22000000, isInjected=false, isWakeKey=false, SUPPORT_NT_FP_ARCH=true
06-11 23:51:18.282 D/[GF_HAL][Device]( 2386): [threadLoop] select return:1
06-11 23:51:18.283 D/[GF_HAL][Device]( 2386): [handleNetlinkReceivedData] GF netlink thread received msg 8.
06-11 23:51:18.283 D/[GF_HAL][Device]( 2386): [ntDumpMsg]  EVENT_FINGER_UP  x:562  y:2534 
06-11 23:51:18.283 I/[GF_HAL][HalUtils]( 2386): [postSem]sem value = 0
06-11 23:51:18.283 D/[GF_HAL][Sensor]( 2386): clear sensor UI done
06-11 23:51:18.283 D/[GF_HAL][EventCenter]( 2386): [postEvent] enqueue event<4>
06-11 23:51:18.283 D/[GF_HAL][EventCenter]( 2386): [threadLoop] Get event 4 end
06-11 23:51:18.283 E/[GF_HAL][EventCenter]( 2386): [dispatchEvent] event<4> don't have handler
06-11 23:51:18.283 D/[GF_HAL][EventCenter]( 2386): [threadLoop] Wait get event
06-11 23:51:17.864 D/[FTS_TS]fts_fod_report_key( 1241): KEY_GESTURE_FOD, 0. x:562, y:2534
06-11 23:51:17.864 I/goodix_fp( 1241): [nt_tp_notifier_callback] : TOUCHPANEL_FPEVENT_UP,event=1,x=562,y=2534
06-11 23:51:17.864 I/send message( 1241): 8
06-11 23:51:17.867 I/[FTS_TS/I]fts_fod_set_reg( 1241): set fod mode to 0 successfully
06-11 23:51:17.867 D/[FTS_TS]fts_input_report_b( 1241): [B]P0 UP!
06-11 23:51:17.867 D/[FTS_TS]fts_input_report_b( 1241): [B]Points All Up!
06-11 23:51:18.288 I/SemanticLocation(12870): (REDACTED) [OdlhCache] flushing %d segments
06-11 23:51:18.291 I/LocationHistory(16589): (REDACTED) [API0] saving %d segments
06-11 23:51:18.293 I/sensors-hal( 1639): handle_sns_std_sensor_event:70, ambient_light_back_event: ssc_ts 0x21CDE6EEE63 hal_ts 120985464219592 lux 0.000 ch0 0.000
06-11 23:51:18.295 E/fb4a.ColdstartExperimentsController(10242): unable to set dex config
06-11 23:51:18.295 E/fb4a.ColdstartExperimentsController(10242): java.lang.IllegalStateException: Main DexStore is null
06-11 23:51:18.295 E/fb4a.ColdstartExperimentsController(10242): 	at com.facebook.common.dextricksdi.ColdstartExperimentsController.A00(Unknown Source:211)
06-11 23:51:18.295 E/fb4a.ColdstartExperimentsController(10242): 	at com.facebook.common.dextricksdi.ColdstartExperimentsController.A01(Unknown Source:64)
06-11 23:51:18.295 E/fb4a.ColdstartExperimentsController(10242): 	at X.7W0.A0Y(Unknown Source:1144)
06-11 23:51:18.295 E/fb4a.ColdstartExperimentsController(10242): 	at X.7W0.A1a(Unknown Source:3)
06-11 23:51:18.295 E/fb4a.ColdstartExperimentsController(10242): 	at X.29y.A02(Unknown Source:3644)
06-11 23:51:18.295 E/fb4a.ColdstartExperimentsController(10242): 	at X.29y.run(Unknown Source:1541)
06-11 23:51:18.295 E/fb4a.ColdstartExperimentsController(10242): 	at X.26K.call(Unknown Source:241)
06-11 23:51:18.295 E/fb4a.ColdstartExperimentsController(10242): 	at java.util.concurrent.FutureTask.run(FutureTask.java:317)
06-11 23:51:18.295 E/fb4a.ColdstartExperimentsController(10242): 	at X.Cwi.A00(Unknown Source:28)
06-11 23:51:18.295 E/fb4a.ColdstartExperimentsController(10242): 	at X.1N7.call(Unknown Source:48)
06-11 23:51:18.295 E/fb4a.ColdstartExperimentsController(10242): 	at java.util.concurrent.FutureTask.run(FutureTask.java:317)
06-11 23:51:18.295 E/fb4a.ColdstartExperimentsController(10242): 	at X.1Mi.run(Unknown Source:2)
06-11 23:51:18.295 E/fb4a.ColdstartExperimentsController(10242): 	at X.1Ah.run(Unknown Source:2)
06-11 23:51:18.295 E/fb4a.ColdstartExperimentsController(10242): 	at java.util.concurrent.ThreadPoolExecutor.runWorker(ThreadPoolExecutor.java:1154)
06-11 23:51:18.295 E/fb4a.ColdstartExperimentsController(10242): 	at java.util.concurrent.ThreadPoolExecutor$Worker.run(ThreadPoolExecutor.java:652)
06-11 23:51:18.295 E/fb4a.ColdstartExperimentsController(10242): 	at X.1Ap.run(Unknown Source:3)
06-11 23:51:18.295 E/fb4a.ColdstartExperimentsController(10242): 	at X.1Ar.run(Unknown Source:17)
06-11 23:51:18.295 E/fb4a.ColdstartExperimentsController(10242): 	at java.lang.Thread.run(Thread.java:1564)
06-11 23:51:18.298 I/LocationHistory(16589): [DataProvider] Opening SQLite [CONTEXT service_id=314 ]
06-11 23:51:18.300 W/OptimizationRunner(10242): Using cached optimization plans for 2 configurations
06-11 23:51:18.300 W/ExperimentConfigurator(10242): onAppStartFinished completed: 0 configs executed
06-11 23:51:18.304 D/CarrierTextController( 3541): updateCarrierText(): 1
06-11 23:51:18.304 D/CarrierTextController( 3541): updateCarrierText():trueAirtel:false
06-11 23:51:17.893 I/NtChg   ( 1735): T0-6:[50,100,370,390,420,440,500],chg_series:8,is_changed:1,TeBoT0-6:[50,100,350,370,420,440,500],TRegion:4,Temp:405,tzname:shell_front,Ibat:2200,onlineI:-400,param_type:7,AbnormalStatus:0,tzn:0,g_cp_mode:5,vbat:0,pr_id:7,OnGameStatus:0
06-11 23:51:18.311 E/NtChgAidl( 1711): NtChgAidl: InGameStatus: 0
06-11 23:51:17.894 W/nt_vote ( 1735): FCC_MAIN: FCC_NT_CHG_VOTER,0 same vote on of val=2200
06-11 23:51:17.894 W/nt_vote ( 1735): FCC_MAIN: FCC_NT_CHG_VOTER,0 Ignoring similar vote on of val=2200
06-11 23:51:18.311 E/NtChg   ( 1711): NtChg:handle_batt_temp_prenormal triggered
06-11 23:51:18.311 E/NtChg   ( 1711): NtChg:set temp_region=4
06-11 23:51:18.311 E/NtChg   ( 1711): NtChg:set ibatmax=2200 and set vbatmax=4500
06-11 23:51:18.317 W/HWUI    (10242): Image decoding logging dropped!
06-11 23:51:18.317 W/HWUI    (10242): Image decoding logging dropped!
06-11 23:51:18.322 W/fb4a.ServiceInfoParser(10242): X.4DD: Service com.facebook.browser.lite.BrowserLiteInMainProcessIntentService is missing meta key com.facebook.common.jobscheduler.compat.jobIds
06-11 23:51:18.322 W/fb4a.ServiceInfoParser(10242): X.4DD: Service com.facebook.businessintegrity.cloakingdetection.service.CloakingDetectionService is missing meta key com.facebook.common.jobscheduler.compat.jobIds
06-11 23:51:18.322 W/fb4a.ServiceInfoParser(10242): X.4DD: Service com.facebook.contacts.service.ContactLocaleChangeService is missing meta key com.facebook.common.jobscheduler.compat.jobIds
06-11 23:51:18.322 W/fb4a.ServiceInfoParser(10242): X.4DD: Service com.facebook.analytics2.fabric.onefabric.FFAlarmUploadJobService is missing meta key com.facebook.common.jobscheduler.compat.jobIds
06-11 23:51:18.322 W/fb4a.ServiceInfoParser(10242): X.4DD: Service com.facebook.falco.jobscheduler.FFJobService is missing meta key com.facebook.common.jobscheduler.compat.jobIds
06-11 23:51:18.322 W/fb4a.ServiceInfoParser(10242): X.4DD: Service com.facebook.registration.notification.RegistrationNotificationService is missing meta key com.facebook.common.jobscheduler.compat.jobIds
06-11 23:51:18.322 W/fb4a.ServiceInfoParser(10242): X.4DD: Service com.facebook.notifications.appwidget.bugreporter.NotificationsWidgetDebugHelper is missing meta key com.facebook.common.jobscheduler.compat.jobIds
06-11 23:51:18.322 W/fb4a.ServiceInfoParser(10242): X.4DD: Service com.facebook.account.login.notification.LoginNotificationService is missing meta key com.facebook.common.jobscheduler.compat.jobIds
06-11 23:51:18.322 W/fb4a.ServiceInfoParser(10242): X.4DD: Service com.facebook.battery.monitor.ContinuousBatteryMonitorService is missing meta key com.facebook.common.jobscheduler.compat.jobIds
06-11 23:51:18.322 W/fb4a.ServiceInfoParser(10242): X.4DD: Service com.facebook.googleplay.GooglePlayInstallRefererService is missing meta key com.facebook.common.jobscheduler.compat.jobIds
06-11 23:51:18.322 W/fb4a.ServiceInfoParser(10242): X.4DD: Service com.facebook.glc.GLCService is missing meta key com.facebook.common.jobscheduler.compat.jobIds
06-11 23:51:18.322 W/fb4a.ServiceInfoParser(10242): X.4DD: Service com.facebook.papaya.fb.client.services.FBPapayaJobService is missing meta key com.facebook.common.jobscheduler.compat.jobIds
06-11 23:51:18.322 W/fb4a.ServiceInfoParser(10242): X.4DD: Service com.google.android.datatransport.runtime.scheduling.jobscheduling.JobInfoSchedulerService is missing meta key com.facebook.common.jobscheduler.compat.jobIds
06-11 23:51:18.322 W/fb4a.ServiceInfoParser(10242): X.4DD: Service com.facebook.push.fcm.FcmRegistrarFbJobIntentService is missing meta key com.facebook.common.jobscheduler.compat.jobIds
06-11 23:51:18.322 W/fb4a.ServiceInfoParser(10242): X.4DD: Service com.facebook.push.fbpushdata.common.FbPushDataHandlerService is missing meta key com.facebook.common.jobscheduler.compat.jobIds
06-11 23:51:18.322 W/fb4a.ServiceInfoParser(10242): X.4DD: Service com.facebook.conditionalworker.ConditionalWorkerService is missing meta key com.facebook.common.jobscheduler.compat.jobIds
06-11 23:51:18.322 W/fb4a.ServiceInfoParser(10242): X.4DD: Service com.facebook.compost.service.CompostNotificationService is missing meta key com.facebook.common.jobscheduler.compat.jobIds
06-11 23:51:18.322 W/fb4a.ServiceInfoParser(10242): X.4DD: Service com.facebook.messaging.notify.client.MessagesNotificationService is missing meta key com.facebook.common.jobscheduler.compat.jobIds
06-11 23:51:18.322 W/fb4a.ServiceInfoParser(10242): X.4DD: Service com.facebook.confirmation.notification.ConfirmationNotificationService is missing meta key com.facebook.common.jobscheduler.compat.jobIds
06-11 23:51:18.323 W/fb4a.ServiceInfoParser(10242): X.4DD: Service com.facebook.voltron.download.scheduledinstaller.OxygenScheduledInstallerJobService is missing meta key com.facebook.common.jobscheduler.compat.jobIds
06-11 23:51:18.323 W/fb4a.ServiceInfoParser(10242): X.4DD: Service com.facebook.messaging.prefs.notifications.NotificationPrefsSyncService is missing meta key com.facebook.common.jobscheduler.compat.jobIds
06-11 23:51:18.323 W/fb4a.ServiceInfoParser(10242): X.4DD: Service com.facebook.push.adm.ADMService is missing meta key com.facebook.common.jobscheduler.compat.jobIds
06-11 23:51:18.323 W/fb4a.ServiceInfoParser(10242): X.4DD: Service com.facebook.push.adm.ADMBroadcastReceiverJobBase is missing meta key com.facebook.common.jobscheduler.compat.jobIds
06-11 23:51:18.323 W/fb4a.ServiceInfoParser(10242): X.4DD: Service com.facebook.push.adm.ADMJobIntentService is missing meta key com.facebook.common.jobscheduler.compat.jobIds
06-11 23:51:18.323 W/fb4a.ServiceInfoParser(10242): X.4DD: Service com.facebook.push.negativefeedback.PushNegativeFeedbackFbJobIntentService is missing meta key com.facebook.common.jobscheduler.compat.jobIds
06-11 23:51:18.323 W/fb4a.ServiceInfoParser(10242): X.4DD: Service com.facebook.push.registration.RegistrarHelperService is missing meta key com.facebook.common.jobscheduler.compat.jobIds
06-11 23:51:18.323 W/fb4a.ServiceInfoParser(10242): X.4DD: Service com.facebook.feed.platformads.AppInstallService is missing meta key com.facebook.common.jobscheduler.compat.jobIds
06-11 23:51:18.323 W/fb4a.ServiceInfoParser(10242): X.4DD: Service com.google.android.gms.analytics.AnalyticsJobService is missing meta key com.facebook.common.jobscheduler.compat.jobIds
06-11 23:51:18.323 W/fb4a.ServiceInfoParser(10242): X.4DD: Service com.facebook.oxygen.preloads.sdk.firstparty.managedappcache.IsManagedAppCacheJobService is missing meta key com.facebook.common.jobscheduler.compat.jobIds
06-11 23:51:18.323 W/fb4a.ServiceInfoParser(10242): X.4DD: Service com.facebook.videolite.api.VideoUploadJobService is missing meta key com.facebook.common.jobscheduler.compat.jobIds
06-11 23:51:18.323 W/fb4a.ServiceInfoParser(10242): X.4DD: Service com.facebook.videolite.api.jobscheduler.UploadJobSchedulerService is missing meta key com.facebook.common.jobscheduler.compat.jobIds
06-11 23:51:18.323 W/fb4a.ServiceInfoParser(10242): X.4DD: Service androidx.work.impl.background.systemjob.SystemJobService is missing meta key com.facebook.common.jobscheduler.compat.jobIds
06-11 23:51:18.323 W/fb4a.ServiceInfoParser(10242): X.4DD: Service com.facebook.push.mqtt.service.MqttPushHelperService is missing meta key com.facebook.common.jobscheduler.compat.jobIds
06-11 23:51:18.323 W/fb4a.ServiceInfoParser(10242): X.4DD: Service com.facebook.reportaproblem.base.bugreport.BugReportUploadService is missing meta key com.facebook.common.jobscheduler.compat.jobIds
06-11 23:51:18.323 W/fb4a.ServiceInfoParser(10242): X.4DD: Service com.facebook.appcomponentmanager.AppComponentManagerService is missing meta key com.facebook.common.jobscheduler.compat.jobIds
06-11 23:51:18.323 W/fb4a.ServiceInfoParser(10242): X.4DD: Service com.facebook.fbservice.service.BlueServiceJobIntentService is missing meta key com.facebook.common.jobscheduler.compat.jobIds
06-11 23:51:18.323 W/fb4a.ServiceInfoParser(10242): X.4DD: Service com.facebook.delayedworker.DelayedWorkerService is missing meta key com.facebook.common.jobscheduler.compat.jobIds
06-11 23:51:18.323 W/fb4a.ServiceInfoParser(10242): X.4DD: Service com.facebook.analytics2.logger.service.LollipopUploadSafeService is missing meta key com.facebook.common.jobscheduler.compat.jobIds
06-11 23:51:18.323 W/fb4a.ServiceInfoParser(10242): X.4DD: Service com.facebook.analytics2.logger.legacy.uploader.LollipopUploadService is missing meta key com.facebook.common.jobscheduler.compat.jobIds
06-11 23:51:18.323 W/fb4a.ServiceInfoParser(10242): X.4DD: Service com.facebook.analytics2.logger.legacy.uploader.Analytics2UploadService is missing meta key com.facebook.common.jobscheduler.compat.jobIds
06-11 23:51:18.324 E/NetlinkEvent( 1532): NetlinkEvent::FindParam(): Parameter 'INTERFACE' not found
06-11 23:51:18.324 E/NetlinkEvent( 1532): NetlinkEvent::FindParam(): Parameter 'STATE' not found
06-11 23:51:18.324 E/NetlinkEvent( 1532): NetlinkEvent::FindParam(): Parameter 'TIME_NS' not found
06-11 23:51:18.324 E/NetlinkEvent( 1532): NetlinkEvent::FindParam(): Parameter 'UID' not found
06-11 23:51:18.336 D/InetDiagMessage( 2713): Destroyed 0 sockets, proto=IPPROTO_TCP, family=AF_INET, states=14
06-11 23:51:18.337 D/InetDiagMessage( 2713): Destroyed 1 sockets, proto=IPPROTO_TCP, family=AF_INET6, states=14
06-11 23:51:18.337 D/InetDiagMessage( 2713): Destroyed live tcp sockets for uids={10324} in 3ms
06-11 23:51:18.338 D/InetDiagMessage( 2713): Destroyed 0 sockets, proto=IPPROTO_TCP, family=AF_INET, states=14
06-11 23:51:18.339 D/InetDiagMessage( 2713): Destroyed 0 sockets, proto=IPPROTO_TCP, family=AF_INET6, states=14
06-11 23:51:18.339 D/InetDiagMessage( 2713): Destroyed live tcp sockets for uids={20324} in 1ms
06-11 23:51:18.353 I/sensors-hal( 1639): handle_sns_std_sensor_event:79, ambient_light_event: ssc_ts 0x21CDE7DE180 hal_ts 120985515247769 lux 1.000 cct 5648.126 [10.000 654300.000 333430.000 290.000 4.474 8.481 -1.644 25.172 6.493 5.569 1.928 1.928 -4.825 7.667]
06-11 23:51:18.362 D/FileUtils( 2713): Rounded bytes from 11744309248 to 16000000000
06-11 23:51:18.373 E/fb4a.AppState(10242): Returning default for firstRunInfo
06-11 23:51:18.375 E/fb4a.AppState(10242): Returning default for firstRunInfo
06-11 23:51:18.376 W/fb4a.AppInfoCore(10242): [AI] Package not found when getting package info
06-11 23:51:18.376 E/fb4a.AppState(10242): Returning default for firstRunInfo
06-11 23:51:18.382 W/fb4a.ReqContexts(10242): fail() skipped
06-11 23:51:18.390 W/fb4a.AppInfoCore(10242): [AI] Package not found when getting package info
06-11 23:51:18.391 W/fb4a.AppInfoCore(10242): [AI] Package not found when getting package info
06-11 23:51:18.392 W/fb4a.AppInfoCore(10242): [AI] Package not found when getting package info
06-11 23:51:18.392 W/fb4a.AppInfoCore(10242): [AI] Package not found when getting package info
06-11 23:51:18.410 D/AODClockCoverController( 3541): destroyFullScreenSurface
06-11 23:51:18.410 D/NTBoosterController( 3541): execute sceneBoostRelease id = 102, handle = 19
06-11 23:51:18.410 D/Dragonite( 2713): release 19
06-11 23:51:18.410 D/Dragonite( 2713): invalid handle, ignore!
06-11 23:51:18.412 E/ActivityThread(10242): Failed to find provider info for com.android.launcher3.cornermark.unreadbadge
06-11 23:51:18.412 I/AODClockCoverController( 3541): handleDestroyFS
06-11 23:51:18.431 I/vendor.qti.bluetooth@1.0-ibs_handler( 1628): DeviceSleep: TX Awake, Sending SLEEP_IND
06-11 23:51:18.431 D/vendor.qti.bluetooth@1.0-ibs_handler( 1628): SerialClockVote: vote for UART CLK OFF
06-11 23:51:18.431 D/StNfcHal( 2075): (#07519) Rx 6f 02 09 (hidden)
06-11 23:51:18.431 D/StNfcHal( 2075): HalStopTimer 
06-11 23:51:18.432 W/fb4a.InitStatus(10242): Not blocking Provider (9033859)
06-11 23:51:18.433 W/fb4a.InitStatus(10242): Not blocking Provider (9033859)
06-11 23:51:18.437 W/fb4a.AppInfoCore(10242): [AI] Package not found when getting package info
06-11 23:51:18.437 I/NtAudioManager(10242): getStreamVolume streamType :1, pkg :com.facebook.katana, index :9
06-11 23:51:18.439 I/sensors-hal( 1639): handle_sns_std_sensor_event:70, ambient_light_back_event: ssc_ts 0x21CDE96E436 hal_ts 120985600617248 lux 0.000 ch0 0.000
06-11 23:51:18.440 I/sensors-hal( 1639): handle_sns_std_sensor_event:79, ambient_light_event: ssc_ts 0x21CDE9626AF hal_ts 120985598090217 lux 1.000 cct 5648.126 [10.000 551200.000 333430.000 290.000 8.020 4.384 -0.252 20.573 8.739 9.115 1.125 1.125 -4.383 3.068]
06-11 23:51:18.440 D/StNfcHal( 2075): (#0751A) Rx 6f 02 0d (hidden)
06-11 23:51:18.440 D/StNfcHal( 2075): HalStopTimer 
06-11 23:51:18.451 D/StNfcHal( 2075): (#0751B) Rx 6f 02 1f (hidden)
06-11 23:51:18.451 D/StNfcHal( 2075): HalStopTimer 
06-11 23:51:18.454 I/KeyguardTransitionRepository( 3541): FINISHED transition: TransitionStep(from=AOD, to=GONE, value=1.0, transitionState=FINISHED, ownerName=FromAodTransitionInteractor(canWakeDirectlyToGone = true))
06-11 23:51:18.455 D/ResourceTrimmer( 3541): Sending TRIM_MEMORY_UI_HIDDEN.
06-11 23:51:18.455 D/StatusBar##isHomeStatusBarAllowed( 3541): newValue: true
06-11 23:51:18.458 I/NearbyDiscovery(12870): (REDACTED) FastPairHandler: Received action %s
06-11 23:51:18.458 I/NearbyDiscovery(12870): FastPairController: onSystemStateChanged: skip due to flag disabled [CONTEXT service_id=265 ]
06-11 23:51:18.458 D/FaceProvider/default( 2713): Starting watchdog for face
06-11 23:51:18.458 E/BiometricScheduler( 2713): Current operation is null,no need to start watchdog
06-11 23:51:18.465 D/ConnectivityService( 2713): Returning BLOCKED NetworkInfo to uid=10324
06-11 23:51:18.466 E/HQSession.cpp(10242): Connection closed with error err=Transport error: 0x1 msg=Error on socket write Operation not permitted,  proto=h3-fb-05, client CID=, server CID=aa00d26600ba458f, local=[::]:46338, [2a03:2880:f09e:8:face:b00c:0:2]:443=upstream, drain=none
06-11 23:51:18.469 W/fb4a.AppInfoCore(10242): [AI] Package not found when getting package info
06-11 23:51:18.473 D/QtiLinkBandwidthEstimator-0( 4005): handleMessage: 2
06-11 23:51:18.473 D/QtiLinkBandwidthEstimator-0( 4005): MSG_TRAFFIC_STATS_POLL
06-11 23:51:18.474 D/QtiLinkBandwidthEstimator-0( 4005): isDataPacketsCaluclationOnEachSimSeperately : true
06-11 23:51:18.475 E/HQSession.cpp(10242): Connection closed with error err=Transport error: 0x1 msg=Error on socket write Operation not permitted, Operation not permitted proto=, client CID=, server CID=, local=<uninitialized address>, <uninitialized address>=upstream, drain=none
06-11 23:51:18.483 D/StNfcHal( 2075): (#0751C) Rx 6f 02 11 (hidden)
06-11 23:51:18.483 D/StNfcHal( 2075): HalStopTimer 
06-11 23:51:18.491 W/fb4a.BloksPrivacySelectorFetchQpl(10242): markerPoint is called unexpectedly with render location: BPS_COMPOSER
06-11 23:51:18.494 W/fb4a.BloksPrivacySelectorFetchQpl(10242): markerPoint is called unexpectedly with render location: BPS_COMPOSER
06-11 23:51:18.496 D/StNfcHal( 2075): (#0751D) Rx 6f 02 0f (hidden)
06-11 23:51:18.496 D/StNfcHal( 2075): HalStopTimer 
06-11 23:51:18.497 W/fb4a.BloksPrivacySelectorFetchQpl(10242): markerPoint is called unexpectedly with render location: BPS_VIDEO_PRODUCTION_UNIFICATION
06-11 23:51:18.497 W/fb4a.BloksPrivacySelectorFetchQpl(10242): markerPoint is called unexpectedly with render location: BPS_COMPOSER
06-11 23:51:18.497 W/fb4a.BloksPrivacySelectorFetchQpl(10242): success is called unexpectedly with render location: BPS_COMPOSER
06-11 23:51:18.503 W/fb4a.BloksPrivacySelectorFetchQpl(10242): markerPoint is called unexpectedly with render location: BPS_COMPOSER
06-11 23:51:18.504 W/fb4a.BloksPrivacySelectorFetchQpl(10242): success is called unexpectedly with render location: BPS_COMPOSER
06-11 23:51:18.506 W/fb4a.BloksPrivacySelectorFetchQpl(10242): markerPoint is called unexpectedly with render location: BPS_VIDEO_PRODUCTION_UNIFICATION
06-11 23:51:18.506 W/fb4a.BloksPrivacySelectorFetchQpl(10242): success is called unexpectedly with render location: BPS_VIDEO_PRODUCTION_UNIFICATION
06-11 23:51:18.506 D/StNfcHal( 2075): (#0751E) Rx 6f 02 09 (hidden)
06-11 23:51:18.506 D/StNfcHal( 2075): HalStopTimer 
06-11 23:51:18.508 I/sensors-hal( 1639): handle_sns_std_sensor_event:79, ambient_light_event: ssc_ts 0x21CDEAE6ADC hal_ts 120985680919227 lux 1.000 cct 5648.126 [10.000 888300.000 333429.000 290.000 8.691 7.786 0.146 31.486 14.316 2.946 -0.540 -0.540 -4.366 2.731]
06-11 23:51:18.519 W/SecurityDistractHooks_LibraryLoaders(10242): Invalid blocklist fetched from MC: . Default one will be used.
06-11 23:51:18.523 D/nativeloader(10242): Load /data/app/~~G_C7SUN_ADfTQZ2iVKv8lw==/com.facebook.katana-ZwXQSuXJQ8vDuIBMDAI3qw==/lib/arm64/libdextricks-early.so using class loader ns clns-9 (caller=/data/app/~~G_C7SUN_ADfTQZ2iVKv8lw==/com.facebook.katana-ZwXQSuXJQ8vDuIBMDAI3qw==/base.apk): ok
06-11 23:51:18.523 W/soloader.ApplicationInfoProvider(10242): initialized: getApplicationInfo: yes; myUserId: yes
06-11 23:51:18.526 W/fb4a.SyncInitializer(10242): Start regular sync initialization
06-11 23:51:18.534 W/HWUI    (10242): Image decoding logging dropped!
06-11 23:51:18.563 W/JobInfo (10242): Requested important-while-foreground flag for job5258 is ignored and takes no effect
06-11 23:51:18.566 I/sensors-hal( 1639): handle_sns_std_sensor_event:70, ambient_light_back_event: ssc_ts 0x21CDEBEDA2C hal_ts 120985737016727 lux 0.000 ch0 0.000
06-11 23:51:18.574 D/Dragonite( 2713): release 14
06-11 23:51:18.575 D/Dragonite( 2713): sceneId = 101, pid = 3541, packageName = com.android.systemui, duration = 5000, params = null
06-11 23:51:18.581 D/vendor.qti.bluetooth@1.0-wake_lock( 1628): Release wakelock is released 
06-11 23:51:18.592 D/FileUtils( 2713): Rounded bytes from 11744309248 to 16000000000
06-11 23:51:18.597 I/vendor.qti.hardware.servicetrackeraidl-service( 1740): bindService is called for service : com.facebook.katana/com.facebook.video.heroplayer.service.HeroKeepAliveService and for client com.facebook.katana
06-11 23:51:18.597 I/vendor.qti.hardware.servicetrackeraidl-service( 1740): total connections for service : com.facebook.katana/com.facebook.video.heroplayer.service.HeroKeepAliveServiceare :1
06-11 23:51:18.597 I/vendor.qti.hardware.servicetrackeraidl-service( 1740): total connections for client : com.facebook.katanaare :2
06-11 23:51:18.601 W/fb4a.AppComponentFactory(10242): Instantiating Service
06-11 23:51:18.606 I/sensors-hal( 1639): handle_sns_std_sensor_event:79, ambient_light_event: ssc_ts 0x21CDEC6AFF5 hal_ts 120985763760529 lux 0.000 cct 5648.126 [10.000 900000.000 333430.000 290.000 6.500 7.171 0.318 32.846 11.843 7.975 1.631 1.631 -4.383 7.159]
06-11 23:51:18.611 W/AudioCapabilities(10242): Unsupported mediaType audio/alac
06-11 23:51:18.612 W/AudioCapabilities(10242): Unsupported mediaType audio/x-ape
06-11 23:51:18.612 W/AudioCapabilities(10242): Unsupported mediaType audio/dsd
06-11 23:51:18.612 W/AudioCapabilities(10242): Unsupported mediaType audio/amr-wb-plus
06-11 23:51:18.613 W/AudioCapabilities(10242): Unsupported mediaType audio/amr-wb+
06-11 23:51:18.613 W/AudioCapabilities(10242): Unsupported mediaType audio/x-ms-wma
06-11 23:51:18.614 W/AudioCapabilities(10242): Unsupported mediaType audio/alac
06-11 23:51:18.614 W/SoLoader(10242): Loading bwemanager on the main thread
06-11 23:51:18.614 W/AudioCapabilities(10242): Unsupported mediaType audio/x-ape
06-11 23:51:18.614 W/SoLoader(10242): Loading bwemanager on the main thread
06-11 23:51:18.616 I/SensorService( 2713): [NothSensor] com.facebook.katana Calling batch handle 101 flags 0 rate 66667000 timeout 0
06-11 23:51:18.616 I/sensors-hal( 1639): batch:140, android.sensor.linear_acceleration/101, period=66667000, max_latency=0
06-11 23:51:18.616 I/sensors-hal( 1639): set_config:60, sample_period_ns is adjusted to 66667000 based on min/max delay_ns
06-11 23:51:18.616 I/sensors-hal( 1639): batch:149, android.sensor.linear_acceleration/101, period=66667000, max_latency=0 request completed
06-11 23:51:18.616 I/sensors-hal( 1639): activate:107, android.sensor.linear_acceleration/101 en=1
06-11 23:51:18.616 I/sensors-hal( 1639): acquire_qsh_interface:118, acquire_qsh_interface with sensor_id 25 , conn_type 2 
06-11 23:51:18.620 W/AudioCapabilities(10242): Unsupported mediaType audio/iamf
06-11 23:51:18.620 I/sensors-hal( 1639): qsh_qmi:41, qsh_qmi
06-11 23:51:18.620 I/sensors-hal( 1639): send_sync_sensor_request:435, send sync request
06-11 23:51:18.621 I/sensors-hal( 1639): send_sync_sensor_request:464, wait for notification of response
06-11 23:51:18.622 I/sensors-hal( 1639): qsh_conn_resp_cb:761, resp_value = 0 for gravity 
06-11 23:51:18.622 I/sensors-hal( 1639): send_sync_sensor_request:470, takes 1 ms to receive the response with 0
06-11 23:51:18.622 I/sensors-hal( 1639): activate:118, android.sensor.linear_acceleration/101 en=1 completed
06-11 23:51:18.622 W/VideoCapabilities(10242): Unrecognized profile 8 for video/hevc
06-11 23:51:18.623 W/VideoCapabilities(10242): Unrecognized profile 8 for video/hevc
06-11 23:51:18.624 W/VideoCapabilities(10242): Unrecognized profile 8 for video/hevc
06-11 23:51:18.625 D/AudioSystem(10242): onNewService: media.audio_policy service obtained 0xb4000074dfb45f30
06-11 23:51:18.626 D/AudioSystem(10242): getService: checking for service media.audio_policy: 0xb4000074dfb45f30
06-11 23:51:18.627 D/NativePermissionController( 1833): checkPermission: missing 13 for 10324
06-11 23:51:18.627 D/NativePermissionController( 1833): checkPermission: missing 13 for 10324
06-11 23:51:18.628 W/VideoCapabilities(10242): Unrecognized profile 8 for video/hevc
06-11 23:51:18.628 D/NativePermissionController( 1833): checkPermission: missing 13 for 10324
06-11 23:51:18.628 W/VideoCapabilities(10242): Unrecognized profile 8 for video/hevc
06-11 23:51:18.628 D/NativePermissionController( 1833): checkPermission: missing 13 for 10324
06-11 23:51:18.628 W/VideoCapabilities(10242): Unrecognized profile 8 for video/hevc
06-11 23:51:18.629 W/VideoCapabilities(10242): Unsupported mime image/vnd.android.heic
06-11 23:51:18.635 W/AudioCapabilities(10242): Unsupported mime audio/alac
06-11 23:51:18.636 W/AudioCapabilities(10242): Unsupported mime audio/x-ape
06-11 23:51:18.636 W/AudioCapabilities(10242): Unsupported mime audio/dsd
06-11 23:51:18.636 W/AudioCapabilities(10242): Unsupported mime audio/amr-wb-plus
06-11 23:51:18.636 W/AudioCapabilities(10242): Unsupported mime audio/amr-wb+
06-11 23:51:18.636 W/AudioCapabilities(10242): Unsupported mime audio/x-ms-wma
06-11 23:51:18.636 W/AudioCapabilities(10242): Unsupported mime audio/alac
06-11 23:51:18.636 W/AudioCapabilities(10242): Unsupported mime audio/x-ape
06-11 23:51:18.637 W/AudioCapabilities(10242): Unsupported mime audio/iamf
06-11 23:51:18.638 W/VideoCapabilities(10242): Unrecognized profile 8 for video/hevc
06-11 23:51:18.638 W/VideoCapabilities(10242): Unrecognized profile 8 for video/hevc
06-11 23:51:18.638 W/VideoCapabilities(10242): Unrecognized profile 8 for video/hevc
06-11 23:51:18.638 W/VideoCapabilities(10242): Unrecognized profile 8 for video/hevc
06-11 23:51:18.638 W/VideoCapabilities(10242): Unrecognized profile 8 for video/hevc
06-11 23:51:18.638 W/VideoCapabilities(10242): Unrecognized profile 8 for video/hevc
06-11 23:51:18.638 W/VideoCapabilities(10242): Unrecognized profile 8 for video/hevc
06-11 23:51:18.639 W/VideoCapabilities(10242): Unrecognized profile 8 for video/hevc
06-11 23:51:18.639 W/VideoCapabilities(10242): Unrecognized profile 8 for video/hevc
06-11 23:51:18.639 W/VideoCapabilities(10242): Unrecognized profile 8 for video/hevc
06-11 23:51:18.639 W/VideoCapabilities(10242): Unrecognized profile 8 for video/hevc
06-11 23:51:18.639 W/VideoCapabilities(10242): Unsupported mime image/vnd.android.heic
06-11 23:51:18.639 W/VideoCapabilities(10242): Unsupported mime image/vnd.android.heic
06-11 23:51:18.645 D/CCodec  (10242): allocate(c2.qti.avc.decoder)
06-11 23:51:18.647 I/ApexCodecsLazy(10242): Failed to load libcom.android.media.swcodec.apexcodecs.so: dlopen failed: library "libcom.android.media.swcodec.apexcodecs.so" not found
06-11 23:51:18.647 I/Codec2Client(10242): Available Codec2 services: "default" "default2" "software"
06-11 23:51:18.230 I/servicemanager(  913): Caller(pid=10242,uid=10324,sid=u:r:untrusted_app:s0:c68,c257,c512,c768) Found android.hardware.media.c2.IComponentStore/default in device VINTF manifest.
06-11 23:51:18.651 I/CCodec  (10242): setting up 'default' as default (vendor) store
06-11 23:51:18.234 I/servicemanager(  913): Caller(pid=10242,uid=10324,sid=u:r:untrusted_app:s0:c68,c257,c512,c768) Found android.hardware.media.c2.IComponentStore/default in device VINTF manifest.
06-11 23:51:18.654 I/vendor.qti.media.c2@1.0-service( 1760): missing struct descriptor #Param::CoreIndex(--002) for field mastering of struct #Param::CoreIndex(--180a)
06-11 23:51:18.654 I/vendor.qti.media.c2@1.0-service( 1760): missing struct descriptor #Param::CoreIndex(-V8002) for field portConfigs of struct #Param::CoreIndex(FV1a100)
06-11 23:51:18.654 I/vendor.qti.media.c2@1.0-service( 1760): missing struct descriptor #Param::CoreIndex(-V8002) for field portConfigs of struct #Param::CoreIndex(FV1a100)
06-11 23:51:18.656 I/CCodec  (10242): Created component [c2.qti.avc.decoder] for [c2.qti.avc.decoder]
06-11 23:51:18.656 D/CCodecConfig(10242): read media type: video/avc
06-11 23:51:18.659 D/ReflectedParamUpdater(10242): extent() != 1 for single value type: output.buffers.pool-ids.values
06-11 23:51:18.660 D/ReflectedParamUpdater(10242): ignored struct field vendor.output.configs.portConfigs
06-11 23:51:18.662 D/ReflectedParamUpdater(10242): ignored struct field vendor.input.configs.portConfigs
06-11 23:51:18.663 D/ReflectedParamUpdater(10242): extent() != 1 for single value type: vendor.qti-ext-transcode-info-stats.stats_info
06-11 23:51:18.666 D/ReflectedParamUpdater(10242): extent() != 1 for single value type: vendor.qti-ext-info-hist_hdr.stats_info
06-11 23:51:18.666 D/ReflectedParamUpdater(10242): extent() != 1 for single value type: vendor.qti-ext-info-hist_hdr.reserved
06-11 23:51:18.667 D/ReflectedParamUpdater(10242): extent() != 1 for single value type: output.subscribed-indices.values
06-11 23:51:18.668 D/CCodecConfig(10242): ignoring local param raw.size (0xd2001800) as it is already supported
06-11 23:51:18.669 D/CCodecConfig(10242): ignoring local param default.color (0x5200180b) as it is already supported
06-11 23:51:18.669 D/CCodecConfig(10242): ignoring local param raw.hdr-static-info (0xd200180a) as it is already supported
06-11 23:51:18.670 I/CCodecConfig(10242): query failed after returning 17 values (BAD_INDEX)
06-11 23:51:18.670 D/CCodecConfig(10242): c2 config diff is Dict {
06-11 23:51:18.670 D/CCodecConfig(10242):   c2::i32 algo.priority.value = -4
06-11 23:51:18.670 D/CCodecConfig(10242):   c2::float algo.rate.value = 1
06-11 23:51:18.670 D/CCodecConfig(10242):   c2::u32 algo.secure-mode.value = 0
06-11 23:51:18.670 D/CCodecConfig(10242):   c2::float coded.frame-rate.value = 1
06-11 23:51:18.670 D/CCodecConfig(10242):   c2::u32 coded.pl.level = 0
06-11 23:51:18.670 D/CCodecConfig(10242):   c2::u32 coded.pl.profile = 20484
06-11 23:51:18.670 D/CCodecConfig(10242):   c2::u32 coded.vui.color.matrix = 255
06-11 23:51:18.670 D/CCodecConfig(10242):   c2::u32 coded.vui.color.primaries = 0
06-11 23:51:18.670 D/CCodecConfig(10242):   c2::u32 coded.vui.color.range = 0
06-11 23:51:18.670 D/CCodecConfig(10242):   c2::u32 coded.vui.color.transfer = 255
06-11 23:51:18.670 D/CCodecConfig(10242):   c2::u32 default.color.matrix = 0
06-11 23:51:18.670 D/CCodecConfig(10242):   c2::u32 default.color.primaries = 0
06-11 23:51:18.670 D/CCodecConfig(10242):   c2::u32 default.color.range = 0
06-11 23:51:18.670 D/CCodecConfig(10242):   c2::u32 default.color.transfer = 0
06-11 23:51:18.670 D/CCodecConfig(10242):   c2::u32 input.buffers.max-size.value = 7077888
06-11 23:51:18.670 D/CCodecConfig(10242):   c2::u32 input.delay.value = 0
06-11 23:51:18.670 D/CCodecConfig(10242):   string input.media-type.value = "video/avc"
06-11 23:51:18.670 D/CCodecConfig(10242):   c2::u32 output.delay.value = 4
06-11 23:51:18.670 D/CCodecConfig(10242):   string output.media-type.value = "video/raw"
06-11 23:51:18.670 D/CCodecConfig(10242):   c2::u32 raw.color.matrix = 0
06-11 23:51:18.670 D/CCodecConfig(10242):   c2::u32 raw.color.primaries = 0
06-11 23:51:18.670 D/CCodecConfig(10242):   c2::u32 raw.color.range = 0
06-11 23:51:18.670 D/CCodecConfig(10242):   c2::u32 raw.color.transfer = 0
06-11 23:51:18.670 D/CCodecConfig(10242):   c2::float raw.hdr-static-info.mastering.blue.x = 0
06-11 23:51:18.670 D/CCodecConfig(10242):   c2::float raw.hdr-static-info.mastering.blue.y = 0
06-11 23:51:18.670 D/CCodecConfig(10242):   c2::float raw.hdr-static-info.mastering.green.x 
06-11 23:51:18.671 W/ColorUtils(10242): expected specified color aspects (0:0:0:0)
06-11 23:51:18.675 W/QC2PerfCtrlUtil( 1760): QC2PerfLock Empty resource value pair
06-11 23:51:18.675 W/QC2Comp ( 1760): [avcD_692] Handling stop: Codec is already gone!
06-11 23:51:18.678 D/CCodec  (10242): allocate(c2.qti.avc.decoder)
06-11 23:51:18.679 I/CCodec  (10242): setting up 'default' as default (vendor) store
06-11 23:51:18.261 I/servicemanager(  913): Caller(pid=10242,uid=10324,sid=u:r:untrusted_app:s0:c68,c257,c512,c768) Found android.hardware.media.c2.IComponentStore/default in device VINTF manifest.
06-11 23:51:18.681 I/vendor.qti.media.c2@1.0-service( 1760): missing struct descriptor #Param::CoreIndex(--002) for field mastering of struct #Param::CoreIndex(--180a)
06-11 23:51:18.681 I/vendor.qti.media.c2@1.0-service( 1760): missing struct descriptor #Param::CoreIndex(-V8002) for field portConfigs of struct #Param::CoreIndex(FV1a100)
06-11 23:51:18.681 I/vendor.qti.media.c2@1.0-service( 1760): missing struct descriptor #Param::CoreIndex(-V8002) for field portConfigs of struct #Param::CoreIndex(FV1a100)
06-11 23:51:18.683 W/facebook.katana(10242): AIBinder_linkToDeath is being called with a non-null cookie and no onUnlink callback set. This might not be intended. AIBinder_DeathRecipient_setOnUnlinked should be called first.
06-11 23:51:18.683 I/CCodec  (10242): Created component [c2.qti.avc.decoder] for [c2.qti.avc.decoder]
06-11 23:51:18.683 D/CCodecConfig(10242): read media type: video/avc
06-11 23:51:18.684 D/ReflectedParamUpdater(10242): extent() != 1 for single value type: output.subscribed-indices.values
06-11 23:51:18.685 D/ReflectedParamUpdater(10242): ignored struct field vendor.input.configs.portConfigs
06-11 23:51:18.685 D/ReflectedParamUpdater(10242): extent() != 1 for single value type: vendor.qti-ext-transcode-info-stats.stats_info
06-11 23:51:18.686 I/sensors-hal( 1639): handle_sns_std_sensor_event:79, ambient_light_event: ssc_ts 0x21CDEDEF531 hal_ts 120985846603654 lux 0.000 cct 5648.126 [10.000 693200.000 333429.000 290.000 9.239 6.673 -0.657 28.590 19.203 6.914 1.893 1.893 -5.168 8.016]
06-11 23:51:18.689 D/ReflectedParamUpdater(10242): ignored struct field vendor.output.configs.portConfigs
06-11 23:51:18.693 D/ReflectedParamUpdater(10242): extent() != 1 for single value type: output.buffers.pool-ids.values
06-11 23:51:18.694 D/ReflectedParamUpdater(10242): extent() != 1 for single value type: vendor.qti-ext-info-hist_hdr.stats_info
06-11 23:51:18.694 D/ReflectedParamUpdater(10242): extent() != 1 for single value type: vendor.qti-ext-info-hist_hdr.reserved
06-11 23:51:18.695 D/CCodecConfig(10242): ignoring local param raw.size (0xd2001800) as it is already supported
06-11 23:51:18.695 D/CCodecConfig(10242): ignoring local param default.color (0x5200180b) as it is already supported
06-11 23:51:18.695 D/CCodecConfig(10242): ignoring local param raw.hdr-static-info (0xd200180a) as it is already supported
06-11 23:51:18.696 I/CCodecConfig(10242): query failed after returning 17 values (BAD_INDEX)
06-11 23:51:18.696 D/CCodecConfig(10242): c2 config diff is Dict {
06-11 23:51:18.696 D/CCodecConfig(10242):   c2::i32 algo.priority.value = -4
06-11 23:51:18.696 D/CCodecConfig(10242):   c2::float algo.rate.value = 1
06-11 23:51:18.696 D/CCodecConfig(10242):   c2::u32 algo.secure-mode.value = 0
06-11 23:51:18.696 D/CCodecConfig(10242):   c2::float coded.frame-rate.value = 1
06-11 23:51:18.696 D/CCodecConfig(10242):   c2::u32 coded.pl.level = 0
06-11 23:51:18.696 D/CCodecConfig(10242):   c2::u32 coded.pl.profile = 20484
06-11 23:51:18.696 D/CCodecConfig(10242):   c2::u32 coded.vui.color.matrix = 255
06-11 23:51:18.696 D/CCodecConfig(10242):   c2::u32 coded.vui.color.primaries = 0
06-11 23:51:18.696 D/CCodecConfig(10242):   c2::u32 coded.vui.color.range = 0
06-11 23:51:18.696 D/CCodecConfig(10242):   c2::u32 coded.vui.color.transfer = 255
06-11 23:51:18.696 D/CCodecConfig(10242):   c2::u32 default.color.matrix = 0
06-11 23:51:18.696 D/CCodecConfig(10242):   c2::u32 default.color.primaries = 0
06-11 23:51:18.696 D/CCodecConfig(10242):   c2::u32 default.color.range = 0
06-11 23:51:18.696 D/CCodecConfig(10242):   c2::u32 default.color.transfer = 0
06-11 23:51:18.696 D/CCodecConfig(10242):   c2::u32 input.buffers.max-size.value = 7077888
06-11 23:51:18.696 D/CCodecConfig(10242):   c2::u32 input.delay.value = 0
06-11 23:51:18.696 D/CCodecConfig(10242):   string input.media-type.value = "video/avc"
06-11 23:51:18.696 D/CCodecConfig(10242):   c2::u32 output.delay.value = 4
06-11 23:51:18.696 D/CCodecConfig(10242):   string output.media-type.value = "video/raw"
06-11 23:51:18.696 D/CCodecConfig(10242):   c2::u32 raw.color.matrix = 0
06-11 23:51:18.696 D/CCodecConfig(10242):   c2::u32 raw.color.primaries = 0
06-11 23:51:18.696 D/CCodecConfig(10242):   c2::u32 raw.color.range = 0
06-11 23:51:18.696 D/CCodecConfig(10242):   c2::u32 raw.color.transfer = 0
06-11 23:51:18.696 D/CCodecConfig(10242):   c2::float raw.hdr-static-info.mastering.blue.x = 0
06-11 23:51:18.696 D/CCodecConfig(10242):   c2::float raw.hdr-static-info.mastering.blue.y = 0
06-11 23:51:18.696 D/CCodecConfig(10242):   c2::float raw.hdr-static-info.mastering.green.x 
06-11 23:51:18.696 W/ColorUtils(10242): expected specified color aspects (0:0:0:0)
06-11 23:51:18.699 D/CCodec  (10242): allocate(c2.android.aac.decoder)
06-11 23:51:18.700 I/CCodec  (10242): setting up 'default' as default (vendor) store
06-11 23:51:18.282 I/servicemanager(  913): Caller(pid=10242,uid=10324,sid=u:r:untrusted_app:s0:c68,c257,c512,c768) Found android.hardware.media.c2.IComponentStore/default in device VINTF manifest.
06-11 23:51:18.284 I/servicemanager(  913): Caller(pid=10242,uid=10324,sid=u:r:untrusted_app:s0:c68,c257,c512,c768) Found android.hardware.media.c2.IComponentStore/default2 in device VINTF manifest.
06-11 23:51:18.286 I/servicemanager(  913): Caller(pid=10242,uid=10324,sid=u:r:untrusted_app:s0:c68,c257,c512,c768) Found android.hardware.media.c2.IComponentStore/software in framework VINTF manifest.
06-11 23:51:18.706 I/sensors-hal( 1639): handle_sns_std_sensor_event:70, ambient_light_back_event: ssc_ts 0x21CDEE6D06F hal_ts 120985873420217 lux 0.000 ch0 0.000
06-11 23:51:18.708 D/AidlBufferPool( 2288): bufferpool2 0xb400007197085d88 : 0(0 size) total buffers - 0(0 size) used buffers - 0/0 (recycle/alloc) - 0/0 (fetch/transfer)
06-11 23:51:18.708 D/AidlBufferPool( 2288): bufferpool2 0xb40000719707d768 : 0(0 size) total buffers - 0(0 size) used buffers - 230/242 (recycle/alloc) - 20/242 (fetch/transfer)
06-11 23:51:18.708 D/AidlBufferPool( 2288): bufferpool2 0xb400007197088978 : 0(0 size) total buffers - 0(0 size) used buffers - 0/0 (recycle/alloc) - 0/0 (fetch/transfer)
06-11 23:51:18.708 D/AidlBufferPool( 2288): bufferpool2 0xb40000719708df08 : 0(0 size) total buffers - 0(0 size) used buffers - 340/346 (recycle/alloc) - 6/346 (fetch/transfer)
06-11 23:51:18.708 D/AidlBufferPool( 2288): bufferpool2 0xb40000719708b568 : 0(0 size) total buffers - 0(0 size) used buffers - 0/0 (recycle/alloc) - 0/0 (fetch/transfer)
06-11 23:51:18.708 D/AidlBufferPool( 2288): bufferpool2 0xb400007197099368 : 0(0 size) total buffers - 0(0 size) used buffers - 7/11 (recycle/alloc) - 4/10 (fetch/transfer)
06-11 23:51:18.708 D/AidlBufferPool( 2288): bufferpool2 0xb400007197085b38 : 0(0 size) total buffers - 0(0 size) used buffers - 0/0 (recycle/alloc) - 0/0 (fetch/transfer)
06-11 23:51:18.708 D/AidlBufferPool( 2288): bufferpool2 0xb40000719708e3a8 : 0(0 size) total buffers - 0(0 size) used buffers - 77/81 (recycle/alloc) - 4/80 (fetch/transfer)
06-11 23:51:18.708 I/BpBinder( 2288): onLastStrongRef automatically unlinking death recipients: android.hardware.media.bufferpool2.IAccessor
06-11 23:51:18.708 I/BpBinder( 2288): onLastStrongRef automatically unlinking death recipients: android.hardware.media.bufferpool2.IAccessor
06-11 23:51:18.708 I/BpBinder( 2288): onLastStrongRef automatically unlinking death recipients: android.hardware.media.bufferpool2.IAccessor
06-11 23:51:18.708 I/BpBinder( 2288): onLastStrongRef automatically unlinking death recipients: android.hardware.media.bufferpool2.IAccessor
06-11 23:51:18.709 W/facebook.katana(10242): AIBinder_linkToDeath is being called with a non-null cookie and no onUnlink callback set. This might not be intended. AIBinder_DeathRecipient_setOnUnlinked should be called first.
06-11 23:51:18.710 I/CCodec  (10242): Created component [c2.android.aac.decoder] for [c2.android.aac.decoder]
06-11 23:51:18.710 D/CCodecConfig(10242): read media type: audio/mp4a-latm
06-11 23:51:18.713 D/ReflectedParamUpdater(10242): extent() != 1 for single value type: algo.buffers.max-count.values
06-11 23:51:18.714 D/ReflectedParamUpdater(10242): extent() != 1 for single value type: output.subscribed-indices.values
06-11 23:51:18.714 D/ReflectedParamUpdater(10242): extent() != 1 for single value type: input.buffers.allocator-ids.values
06-11 23:51:18.714 D/ReflectedParamUpdater(10242): extent() != 1 for single value type: output.buffers.allocator-ids.values
06-11 23:51:18.714 D/ReflectedParamUpdater(10242): extent() != 1 for single value type: algo.buffers.allocator-ids.values
06-11 23:51:18.714 D/ReflectedParamUpdater(10242): extent() != 1 for single value type: output.buffers.pool-ids.values
06-11 23:51:18.715 D/ReflectedParamUpdater(10242): extent() != 1 for single value type: algo.buffers.pool-ids.values
06-11 23:51:18.717 D/NTBoosterController( 3541): execute sceneBoostRelease id = 101, handle = 24
06-11 23:51:18.718 I/CCodecConfig(10242): query failed after returning 21 values (BAD_INDEX)
06-11 23:51:18.719 D/CCodecConfig(10242): c2 config diff is Dict {
06-11 23:51:18.719 D/CCodecConfig(10242):   c2::u32 coded.aac-packaging.value = 0
06-11 23:51:18.719 D/CCodecConfig(10242):   c2::u32 coded.bitrate.value = 64000
06-11 23:51:18.719 D/CCodecConfig(10242):   c2::u32 coded.pl.level = 0
06-11 23:51:18.719 D/CCodecConfig(10242):   c2::u32 coded.pl.profile = 8192
06-11 23:51:18.719 D/CCodecConfig(10242):   c2::i32 coding.drc.album-mode.value = 0
06-11 23:51:18.719 D/CCodecConfig(10242):   c2::float coding.drc.attenuation-factor.value = 1
06-11 23:51:18.719 D/CCodecConfig(10242):   c2::float coding.drc.boost-factor.value = 1
06-11 23:51:18.719 D/CCodecConfig(10242):   c2::i32 coding.drc.compression-mode.value = 3
06-11 23:51:18.719 D/CCodecConfig(10242):   c2::i32 coding.drc.effect-type.value = 3
06-11 23:51:18.719 D/CCodecConfig(10242):   c2::float coding.drc.encoded-level.value = 0.25
06-11 23:51:18.719 D/CCodecConfig(10242):   c2::float coding.drc.reference-level.value = -16
06-11 23:51:18.719 D/CCodecConfig(10242):   c2::u32 input.buffers.max-size.value = 8192
06-11 23:51:18.719 D/CCodecConfig(10242):   c2::u32 input.delay.value = 0
06-11 23:51:18.719 D/CCodecConfig(10242):   string input.media-type.value = "audio/mp4a-latm"
06-11 23:51:18.719 D/CCodecConfig(10242):   c2::u32 output.delay.value = 2
06-11 23:51:18.719 D/CCodecConfig(10242):   c2::float output.drc.output-loudness.value = 0.25
06-11 23:51:18.719 D/CCodecConfig(10242):   c2::u32 output.large-frame.max-size = 0
06-11 23:51:18.719 D/CCodecConfig(10242):   c2::u32 output.large-frame.threshold-size = 0
06-11 23:51:18.719 D/CCodecConfig(10242):   string output.media-type.value = "audio/raw"
06-11 23:51:18.719 D/CCodecConfig(10242):   c2::u32 raw.channel-count.value = 1
06-11 23:51:18.719 D/CCodecConfig(10242):   c2::u32 raw.channel-mask.value = 0
06-11 23:51:18.719 D/CCodecConfig(10242):   c2::u32 raw.max-channel-count.value = 8
06-11 23:51:18.719 D/CCodecConfig(10242):   c2::u32 raw.sample-rate.value = 44100
06-11 23:51:18.719 D/CCodecConfig(10242): }
06-11 23:51:18.720 D/Dragonite( 2713): release 24
06-11 23:51:18.723 D/AidlBufferPool( 2288): Destruction - bufferpool2 0xb4000071970892b8 cached: 0/0M, 0/0% in use; allocs: 0, 0% recycled; transfers: 0, 0% unfetched
06-11 23:51:18.728 D/CCodec  (10242): allocate(c2.android.aac.decoder)
06-11 23:51:18.730 I/CCodec  (10242): setting up 'default' as default (vendor) store
06-11 23:51:18.311 I/servicemanager(  913): Caller(pid=10242,uid=10324,sid=u:r:untrusted_app:s0:c68,c257,c512,c768) Found android.hardware.media.c2.IComponentStore/default in device VINTF manifest.
